Copyright 1986-2020 Xilinx, Inc. All Rights Reserved.
----------------------------------------------------------------------------------------------------------------------------------------------------
| Tool Version      : Vivado v.2020.1 (win64) Build 2902540 Wed May 27 19:54:49 MDT 2020
| Date              : Mon Sep 14 15:59:46 2026
| Host              : DESKTOP-9T3TD2K running 64-bit major release  (build 9200)
| Command           : report_clock_interaction -file D:/project/ara/hardware/fpga/ara_dsa_vcu118/reports/inspect_a1c3e095ccee/clock_interaction.rpt
| Design            : ara_dsa_vcu118
| Device            : xcvu9p-flga2104
| Speed File        : -2L  PRODUCTION 1.27 02-28-2020
| Temperature Grade : E
----------------------------------------------------------------------------------------------------------------------------------------------------

Clock Interaction Report

Clock Interaction Table
-----------------------

                                WNS                            TNS Failing  TNS Total    WNS Path         Clock-Pair           Inter-Clock                  
From Clock      To Clock        Clock Edges  WNS(ns)  TNS(ns)    Endpoints    Endpoints  Requirement(ns)  Classification       Constraints                  
--------------  --------------  -----------  -------  -------  -----------  -----------  ---------------  -------------------  ---------------------------  
clk_50_clkwiz   clk_50_clkwiz   rise - rise    -0.74   -68.60          210       580350            20.00  Clean                Partial False Path           
clk_50_clkwiz   clk_jtag                                                 0          187                   Ignored              Asynchronous Groups          
clk_50_clkwiz   mmcm_clkout0    rise - rise     2.29     0.00            0          711             3.00  Ignored              Max Delay Datapath Only      
clk_50_clkwiz   sys_clk                                                  0            2                   Ignored              False Path                   
clk_jtag        clk_50_clkwiz                                            0          787                   Ignored              Asynchronous Groups          
clk_jtag        clk_jtag        fall - rise    20.06     0.00            0          471            50.00  Clean                Timed                        
mmcm_clkout0    clk_50_clkwiz   rise - rise     2.29     0.00            0          562             3.00  No Common Phase      Partial False Path (unsafe)  
mmcm_clkout0    mmcm_clkout0    rise - rise     0.08     0.00            0        92941             3.33  Clean                Partial False Path           
mmcm_clkout0    mmcm_clkout6    rise - rise     2.73     0.00            0           36             3.33  Clean                Timed                        
mmcm_clkout0    pll_clk[0]_DIV  rise - rise     1.55     0.00            0          384             3.33  Clean                Timed                        
mmcm_clkout0    pll_clk[1]_DIV  rise - rise     1.55     0.00            0          352             3.33  Clean                Timed                        
mmcm_clkout0    pll_clk[2]_DIV  rise - rise     1.55     0.00            0          176             3.33  Clean                Timed                        
mmcm_clkout6    mmcm_clkout0    rise - rise     2.67     0.00            0          125             3.00  Ignored              Max Delay Datapath Only      
mmcm_clkout6    mmcm_clkout6    rise - rise     4.15     0.00            0         7040             6.67  Clean                Partial False Path           
sys_clk         mmcm_clkout0                                             0            1                   Ignored              False Path                   
sys_clk         mmcm_clkout6                                             0            2                   Ignored              False Path                   
sys_clk         sys_clk         rise - rise     2.99     0.00            0           23             4.00  Clean                Timed                        


