Copyright 1986-2020 Xilinx, Inc. All Rights Reserved.
------------------------------------------------------------------------------------------------------------------------------------------------------------
| Tool Version : Vivado v.2020.1 (win64) Build 2902540 Wed May 27 19:54:49 MDT 2020
| Date         : Mon Sep 14 16:00:56 2026
| Host         : DESKTOP-9T3TD2K running 64-bit major release  (build 9200)
| Command      : report_drc -checks LUTLP-1 -name ara_loops -force -file D:/project/ara/hardware/fpga/ara_dsa_vcu118/reports/inspect_a1c3e095ccee/loops.rpt
| Design       : ara_dsa_vcu118
| Device       : xcvu9p-flga2104-2L-e
| Speed File   : -2L
| Design State : Synthesized
------------------------------------------------------------------------------------------------------------------------------------------------------------

Report DRC

Table of Contents
-----------------
1. REPORT SUMMARY
2. REPORT DETAILS

1. REPORT SUMMARY
-----------------
            Netlist: netlist
          Floorplan: design_1
      Design limits: <entire design considered>

            Checks: LUTLP-1
             Max violations: <unlimited>
             Violations found: 1
+---------+------------------+--------------------------+------------+
| Rule    | Severity         | Description              | Violations |
+---------+------------------+--------------------------+------------+
| LUTLP-1 | Critical Warning | Combinatorial Loop Alert | 1          |
+---------+------------------+--------------------------+------------+

2. REPORT DETAILS
-----------------
LUTLP-1#1 Critical Warning
Combinatorial Loop Alert  
8 LUT cells form a combinatorial loop. This can create a race condition. Timing analysis may not be accurate. The preferred resolution is to modify the design to remove combinatorial logic loops. If the loop is known and understood, this DRC can be bypassed by acknowledging the condition and setting the following XDC constraint on any one of the nets in the loop: 'set_property ALLOW_COMBINATORIAL_LOOPS TRUE [get_nets <myHier/myNet>]'. One net in the loop is i_cheshire_soc/gen_cva6_cores[0].gen_ara.i_ara/i_vlsu/i_qbs_engine/i_compute_engine/activation_block_needed_o. Please evaluate your design. The cells in the loop are: i_cheshire_soc/gen_cva6_cores[0].gen_ara.i_ara/i_vlsu/i_qbs_engine/i_compute_engine/activation_block_needed_o_INST_0,
i_cheshire_soc/gen_cva6_cores[0].gen_ara.i_ara/i_vlsu/i_qbs_engine/i_compute_engine_i_2,
i_cheshire_soc/gen_cva6_cores[0].gen_ara.i_ara/i_vlsu/i_qbs_engine/i_compute_engine_i_166,
i_cheshire_soc/gen_cva6_cores[0].gen_ara.i_ara/i_vlsu/i_qbs_engine/i_read_engine_i_221,
i_cheshire_soc/gen_cva6_cores[0].gen_ara.i_ara/i_vlsu/i_qbs_engine/i_read_engine_i_224,
i_cheshire_soc/gen_cva6_cores[0].gen_ara.i_ara/i_vlsu/i_qbs_engine/i_read_engine_i_359,
i_cheshire_soc/gen_cva6_cores[0].gen_ara.i_ara/i_vlsu/i_qbs_engine/i_read_engine_i_360,
i_cheshire_soc/gen_cva6_cores[0].gen_ara.i_ara/i_vlsu/i_qbs_engine/i_compute_engine/weight_block_needed_o_INST_0.
Related violations: <none>


