LUTLP violations: 1
VIOLATION LUTLP-1#1
CELL i_cheshire_soc/gen_cva6_cores[0].gen_ara.i_ara/i_vlsu/i_qbs_engine/i_compute_engine/activation_block_needed_o_INST_0 REF_NAME=LUT6
  INIT=64'h0000000000000700
  ORIG_REF_NAME=
  ORIG_CELL_NAME=
  FILE_NAME=D:/project/ara/hardware/fpga/ara_dsa_vcu118/rtl/ara/hardware/src/vlsu/qbs/qbs_compute_engine.sv
  LINE_NUMBER=159
  PIN i_cheshire_soc/gen_cva6_cores[0].gen_ara.i_ara/i_vlsu/i_qbs_engine/i_compute_engine/activation_block_needed_o_INST_0/O OUT NETS=i_cheshire_soc/gen_cva6_cores[0].gen_ara.i_ara/i_vlsu/i_qbs_engine/i_compute_engine/activation_block_needed_o i_cheshire_soc/gen_cva6_cores[0].gen_ara.i_ara/i_vlsu/i_qbs_engine/compute_activation_needed
    DRIVERS=i_cheshire_soc/gen_cva6_cores[0].gen_ara.i_ara/i_vlsu/i_qbs_engine/i_compute_engine/activation_block_needed_o_INST_0/O
    PORTS=
  PIN i_cheshire_soc/gen_cva6_cores[0].gen_ara.i_ara/i_vlsu/i_qbs_engine/i_compute_engine/activation_block_needed_o_INST_0/I0 IN NETS=i_cheshire_soc/gen_cva6_cores[0].gen_ara.i_ara/i_vlsu/i_qbs_engine/i_compute_engine/i_block_adapter_bank1/all_activation_complete_o i_cheshire_soc/gen_cva6_cores[0].gen_ara.i_ara/i_vlsu/i_qbs_engine/i_compute_engine/all_activation_complete_bank[1]
    DRIVERS=i_cheshire_soc/gen_cva6_cores[0].gen_ara.i_ara/i_vlsu/i_qbs_engine/i_compute_engine/i_block_adapter_bank1/all_activation_complete_o_INST_0/O
    PORTS=
  PIN i_cheshire_soc/gen_cva6_cores[0].gen_ara.i_ara/i_vlsu/i_qbs_engine/i_compute_engine/activation_block_needed_o_INST_0/I1 IN NETS=i_cheshire_soc/gen_cva6_cores[0].gen_ara.i_ara/i_vlsu/i_qbs_engine/i_compute_engine/i_block_adapter_bank0/all_activation_complete_o i_cheshire_soc/gen_cva6_cores[0].gen_ara.i_ara/i_vlsu/i_qbs_engine/i_compute_engine/all_activation_complete_bank[0]
    DRIVERS=i_cheshire_soc/gen_cva6_cores[0].gen_ara.i_ara/i_vlsu/i_qbs_engine/i_compute_engine/i_block_adapter_bank0/all_activation_complete_o_INST_0/O
    PORTS=
  PIN i_cheshire_soc/gen_cva6_cores[0].gen_ara.i_ara/i_vlsu/i_qbs_engine/i_compute_engine/activation_block_needed_o_INST_0/I2 IN NETS=i_cheshire_soc/gen_cva6_cores[0].gen_ara.i_ara/i_vlsu/i_qbs_engine/i_compute_engine/state_q[3]
    DRIVERS=i_cheshire_soc/gen_cva6_cores[0].gen_ara.i_ara/i_vlsu/i_qbs_engine/i_compute_engine/FSM_sequential_state_q_reg[3]/Q
    PORTS=
  PIN i_cheshire_soc/gen_cva6_cores[0].gen_ara.i_ara/i_vlsu/i_qbs_engine/i_compute_engine/activation_block_needed_o_INST_0/I3 IN NETS=i_cheshire_soc/gen_cva6_cores[0].gen_ara.i_ara/i_vlsu/i_qbs_engine/i_compute_engine/state_q[0]
    DRIVERS=i_cheshire_soc/gen_cva6_cores[0].gen_ara.i_ara/i_vlsu/i_qbs_engine/i_compute_engine/FSM_sequential_state_q_reg[0]/Q
    PORTS=
  PIN i_cheshire_soc/gen_cva6_cores[0].gen_ara.i_ara/i_vlsu/i_qbs_engine/i_compute_engine/activation_block_needed_o_INST_0/I4 IN NETS=i_cheshire_soc/gen_cva6_cores[0].gen_ara.i_ara/i_vlsu/i_qbs_engine/i_compute_engine/activation_block_needed_o_INST_0_i_1_n_0
    DRIVERS=i_cheshire_soc/gen_cva6_cores[0].gen_ara.i_ara/i_vlsu/i_qbs_engine/i_compute_engine/activation_block_needed_o_INST_0_i_1/O
    PORTS=
  PIN i_cheshire_soc/gen_cva6_cores[0].gen_ara.i_ara/i_vlsu/i_qbs_engine/i_compute_engine/activation_block_needed_o_INST_0/I5 IN NETS=i_cheshire_soc/gen_cva6_cores[0].gen_ara.i_ara/i_vlsu/i_qbs_engine/compute_fault i_cheshire_soc/gen_cva6_cores[0].gen_ara.i_ara/i_vlsu/i_qbs_engine/i_compute_engine/fault_i
    DRIVERS=i_cheshire_soc/gen_cva6_cores[0].gen_ara.i_ara/i_vlsu/i_qbs_engine/i_compute_engine_i_2/O
    PORTS=
CELL i_cheshire_soc/gen_cva6_cores[0].gen_ara.i_ara/i_vlsu/i_qbs_engine/i_compute_engine_i_2 REF_NAME=LUT6
  INIT=64'hAAABAAAAAAAAAAAA
  ORIG_REF_NAME=
  ORIG_CELL_NAME=
  FILE_NAME=D:/project/ara/hardware/fpga/ara_dsa_vcu118/rtl/ara/hardware/src/vlsu/qbs/qbs_engine.sv
  LINE_NUMBER=237
  PIN i_cheshire_soc/gen_cva6_cores[0].gen_ara.i_ara/i_vlsu/i_qbs_engine/i_compute_engine_i_2/O OUT NETS=i_cheshire_soc/gen_cva6_cores[0].gen_ara.i_ara/i_vlsu/i_qbs_engine/compute_fault i_cheshire_soc/gen_cva6_cores[0].gen_ara.i_ara/i_vlsu/i_qbs_engine/i_compute_engine/fault_i
    DRIVERS=i_cheshire_soc/gen_cva6_cores[0].gen_ara.i_ara/i_vlsu/i_qbs_engine/i_compute_engine_i_2/O
    PORTS=
  PIN i_cheshire_soc/gen_cva6_cores[0].gen_ara.i_ara/i_vlsu/i_qbs_engine/i_compute_engine_i_2/I0 IN NETS=i_cheshire_soc/gen_cva6_cores[0].gen_ara.i_ara/i_vlsu/i_qbs_engine/i_compute_engine_i_165_n_0
    DRIVERS=i_cheshire_soc/gen_cva6_cores[0].gen_ara.i_ara/i_vlsu/i_qbs_engine/i_compute_engine_i_165/O
    PORTS=
  PIN i_cheshire_soc/gen_cva6_cores[0].gen_ara.i_ara/i_vlsu/i_qbs_engine/i_compute_engine_i_2/I1 IN NETS=i_cheshire_soc/gen_cva6_cores[0].gen_ara.i_ara/i_vlsu/i_qbs_engine/i_compute_engine_i_166_n_0
    DRIVERS=i_cheshire_soc/gen_cva6_cores[0].gen_ara.i_ara/i_vlsu/i_qbs_engine/i_compute_engine_i_166/O
    PORTS=
  PIN i_cheshire_soc/gen_cva6_cores[0].gen_ara.i_ara/i_vlsu/i_qbs_engine/i_compute_engine_i_2/I2 IN NETS=i_cheshire_soc/gen_cva6_cores[0].gen_ara.i_ara/i_vlsu/i_qbs_engine/state_q_reg_n_0_[3]
    DRIVERS=i_cheshire_soc/gen_cva6_cores[0].gen_ara.i_ara/i_vlsu/i_qbs_engine/state_q_reg[3]/Q
    PORTS=
  PIN i_cheshire_soc/gen_cva6_cores[0].gen_ara.i_ara/i_vlsu/i_qbs_engine/i_compute_engine_i_2/I3 IN NETS=i_cheshire_soc/gen_cva6_cores[0].gen_ara.i_ara/i_vlsu/i_qbs_engine/i_compute_engine_i_167_n_0
    DRIVERS=i_cheshire_soc/gen_cva6_cores[0].gen_ara.i_ara/i_vlsu/i_qbs_engine/i_compute_engine_i_167/O
    PORTS=
  PIN i_cheshire_soc/gen_cva6_cores[0].gen_ara.i_ara/i_vlsu/i_qbs_engine/i_compute_engine_i_2/I4 IN NETS=i_cheshire_soc/gen_cva6_cores[0].gen_ara.i_ara/i_vlsu/i_qbs_engine/state_q[2]
    DRIVERS=i_cheshire_soc/gen_cva6_cores[0].gen_ara.i_ara/i_vlsu/i_qbs_engine/state_q_reg[2]/Q
    PORTS=
  PIN i_cheshire_soc/gen_cva6_cores[0].gen_ara.i_ara/i_vlsu/i_qbs_engine/i_compute_engine_i_2/I5 IN NETS=i_cheshire_soc/gen_cva6_cores[0].gen_ara.i_ara/i_vlsu/i_qbs_engine/state_q_reg_n_0_[1]
    DRIVERS=i_cheshire_soc/gen_cva6_cores[0].gen_ara.i_ara/i_vlsu/i_qbs_engine/state_q_reg[1]/Q
    PORTS=
CELL i_cheshire_soc/gen_cva6_cores[0].gen_ara.i_ara/i_vlsu/i_qbs_engine/i_compute_engine_i_166 REF_NAME=LUT6
  INIT=64'h00000000AAAABBBF
  ORIG_REF_NAME=
  ORIG_CELL_NAME=
  FILE_NAME=D:/project/ara/hardware/fpga/ara_dsa_vcu118/rtl/ara/hardware/src/vlsu/qbs/qbs_engine.sv
  LINE_NUMBER=237
  PIN i_cheshire_soc/gen_cva6_cores[0].gen_ara.i_ara/i_vlsu/i_qbs_engine/i_compute_engine_i_166/O OUT NETS=i_cheshire_soc/gen_cva6_cores[0].gen_ara.i_ara/i_vlsu/i_qbs_engine/i_compute_engine_i_166_n_0
    DRIVERS=i_cheshire_soc/gen_cva6_cores[0].gen_ara.i_ara/i_vlsu/i_qbs_engine/i_compute_engine_i_166/O
    PORTS=
  PIN i_cheshire_soc/gen_cva6_cores[0].gen_ara.i_ara/i_vlsu/i_qbs_engine/i_compute_engine_i_166/I0 IN NETS=i_cheshire_soc/gen_cva6_cores[0].gen_ara.i_ara/i_vlsu/i_qbs_engine/i_compute_engine_i_168_n_0
    DRIVERS=i_cheshire_soc/gen_cva6_cores[0].gen_ara.i_ara/i_vlsu/i_qbs_engine/i_compute_engine_i_168/O
    PORTS=
  PIN i_cheshire_soc/gen_cva6_cores[0].gen_ara.i_ara/i_vlsu/i_qbs_engine/i_compute_engine_i_166/I1 IN NETS=i_cheshire_soc/gen_cva6_cores[0].gen_ara.i_ara/i_vlsu/i_qbs_engine/i_compute_engine/phase_compute_o i_cheshire_soc/gen_cva6_cores[0].gen_ara.i_ara/i_vlsu/i_qbs_engine/compute_phase_compute
    DRIVERS=i_cheshire_soc/gen_cva6_cores[0].gen_ara.i_ara/i_vlsu/i_qbs_engine/i_compute_engine/phase_compute_o_INST_0/O
    PORTS=
  PIN i_cheshire_soc/gen_cva6_cores[0].gen_ara.i_ara/i_vlsu/i_qbs_engine/i_compute_engine_i_166/I2 IN NETS=i_cheshire_soc/gen_cva6_cores[0].gen_ara.i_ara/i_vlsu/i_qbs_engine/i_read_engine/busy_o i_cheshire_soc/gen_cva6_cores[0].gen_ara.i_ara/i_vlsu/i_qbs_engine/i_read_engine_n_983
    DRIVERS=i_cheshire_soc/gen_cva6_cores[0].gen_ara.i_ara/i_vlsu/i_qbs_engine/i_read_engine/busy_o_INST_0/O
    PORTS=
  PIN i_cheshire_soc/gen_cva6_cores[0].gen_ara.i_ara/i_vlsu/i_qbs_engine/i_compute_engine_i_166/I3 IN NETS=i_cheshire_soc/gen_cva6_cores[0].gen_ara.i_ara/i_vlsu/i_qbs_engine/i_read_engine_i_224_n_0
    DRIVERS=i_cheshire_soc/gen_cva6_cores[0].gen_ara.i_ara/i_vlsu/i_qbs_engine/i_read_engine_i_224/O
    PORTS=
  PIN i_cheshire_soc/gen_cva6_cores[0].gen_ara.i_ara/i_vlsu/i_qbs_engine/i_compute_engine_i_166/I4 IN NETS=i_cheshire_soc/gen_cva6_cores[0].gen_ara.i_ara/i_vlsu/i_qbs_engine/i_compute_engine_i_169_n_0
    DRIVERS=i_cheshire_soc/gen_cva6_cores[0].gen_ara.i_ara/i_vlsu/i_qbs_engine/i_compute_engine_i_169/O
    PORTS=
  PIN i_cheshire_soc/gen_cva6_cores[0].gen_ara.i_ara/i_vlsu/i_qbs_engine/i_compute_engine_i_166/I5 IN NETS=i_cheshire_soc/gen_cva6_cores[0].gen_ara.i_ara/i_vlsu/i_qbs_engine/i_compute_engine_i_170_n_0
    DRIVERS=i_cheshire_soc/gen_cva6_cores[0].gen_ara.i_ara/i_vlsu/i_qbs_engine/i_compute_engine_i_170/O
    PORTS=
CELL i_cheshire_soc/gen_cva6_cores[0].gen_ara.i_ara/i_vlsu/i_qbs_engine/i_read_engine_i_221 REF_NAME=LUT6
  INIT=64'h00000000FFFF1501
  ORIG_REF_NAME=
  ORIG_CELL_NAME=
  FILE_NAME=D:/project/ara/hardware/fpga/ara_dsa_vcu118/rtl/ara/hardware/src/vlsu/qbs/qbs_engine.sv
  LINE_NUMBER=237
  PIN i_cheshire_soc/gen_cva6_cores[0].gen_ara.i_ara/i_vlsu/i_qbs_engine/i_read_engine_i_221/O OUT NETS=i_cheshire_soc/gen_cva6_cores[0].gen_ara.i_ara/i_vlsu/i_qbs_engine/i_read_engine_i_221_n_0
    DRIVERS=i_cheshire_soc/gen_cva6_cores[0].gen_ara.i_ara/i_vlsu/i_qbs_engine/i_read_engine_i_221/O
    PORTS=
  PIN i_cheshire_soc/gen_cva6_cores[0].gen_ara.i_ara/i_vlsu/i_qbs_engine/i_read_engine_i_221/I0 IN NETS=i_cheshire_soc/gen_cva6_cores[0].gen_ara.i_ara/i_vlsu/i_qbs_engine/i_read_engine_i_355_n_0
    DRIVERS=i_cheshire_soc/gen_cva6_cores[0].gen_ara.i_ara/i_vlsu/i_qbs_engine/i_read_engine_i_355/O
    PORTS=
  PIN i_cheshire_soc/gen_cva6_cores[0].gen_ara.i_ara/i_vlsu/i_qbs_engine/i_read_engine_i_221/I1 IN NETS=i_cheshire_soc/gen_cva6_cores[0].gen_ara.i_ara/i_vlsu/i_qbs_engine/activation_range_index_q_reg_n_0_[1]
    DRIVERS=i_cheshire_soc/gen_cva6_cores[0].gen_ara.i_ara/i_vlsu/i_qbs_engine/activation_range_index_q_reg[1]/Q
    PORTS=
  PIN i_cheshire_soc/gen_cva6_cores[0].gen_ara.i_ara/i_vlsu/i_qbs_engine/i_read_engine_i_221/I2 IN NETS=i_cheshire_soc/gen_cva6_cores[0].gen_ara.i_ara/i_vlsu/i_qbs_engine/i_read_engine_i_356_n_0
    DRIVERS=i_cheshire_soc/gen_cva6_cores[0].gen_ara.i_ara/i_vlsu/i_qbs_engine/i_read_engine_i_356/O
    PORTS=
  PIN i_cheshire_soc/gen_cva6_cores[0].gen_ara.i_ara/i_vlsu/i_qbs_engine/i_read_engine_i_221/I3 IN NETS=i_cheshire_soc/gen_cva6_cores[0].gen_ara.i_ara/i_vlsu/i_qbs_engine/i_read_engine_i_357_n_0
    DRIVERS=i_cheshire_soc/gen_cva6_cores[0].gen_ara.i_ara/i_vlsu/i_qbs_engine/i_read_engine_i_357/O
    PORTS=
  PIN i_cheshire_soc/gen_cva6_cores[0].gen_ara.i_ara/i_vlsu/i_qbs_engine/i_read_engine_i_221/I4 IN NETS=i_cheshire_soc/gen_cva6_cores[0].gen_ara.i_ara/i_vlsu/i_qbs_engine/i_read_engine_i_358_n_0
    DRIVERS=i_cheshire_soc/gen_cva6_cores[0].gen_ara.i_ara/i_vlsu/i_qbs_engine/i_read_engine_i_358/O
    PORTS=
  PIN i_cheshire_soc/gen_cva6_cores[0].gen_ara.i_ara/i_vlsu/i_qbs_engine/i_read_engine_i_221/I5 IN NETS=i_cheshire_soc/gen_cva6_cores[0].gen_ara.i_ara/i_vlsu/i_qbs_engine/i_read_engine_i_359_n_0
    DRIVERS=i_cheshire_soc/gen_cva6_cores[0].gen_ara.i_ara/i_vlsu/i_qbs_engine/i_read_engine_i_359/O
    PORTS=
CELL i_cheshire_soc/gen_cva6_cores[0].gen_ara.i_ara/i_vlsu/i_qbs_engine/i_read_engine_i_224 REF_NAME=LUT6
  INIT=64'h0000000000002F22
  ORIG_REF_NAME=
  ORIG_CELL_NAME=
  FILE_NAME=D:/project/ara/hardware/fpga/ara_dsa_vcu118/rtl/ara/hardware/src/vlsu/qbs/qbs_engine.sv
  LINE_NUMBER=237
  PIN i_cheshire_soc/gen_cva6_cores[0].gen_ara.i_ara/i_vlsu/i_qbs_engine/i_read_engine_i_224/O OUT NETS=i_cheshire_soc/gen_cva6_cores[0].gen_ara.i_ara/i_vlsu/i_qbs_engine/i_read_engine_i_224_n_0
    DRIVERS=i_cheshire_soc/gen_cva6_cores[0].gen_ara.i_ara/i_vlsu/i_qbs_engine/i_read_engine_i_224/O
    PORTS=
  PIN i_cheshire_soc/gen_cva6_cores[0].gen_ara.i_ara/i_vlsu/i_qbs_engine/i_read_engine_i_224/I0 IN NETS=i_cheshire_soc/gen_cva6_cores[0].gen_ara.i_ara/i_vlsu/i_qbs_engine/i_read_engine_i_235_n_0
    DRIVERS=i_cheshire_soc/gen_cva6_cores[0].gen_ara.i_ara/i_vlsu/i_qbs_engine/i_read_engine_i_235/O
    PORTS=
  PIN i_cheshire_soc/gen_cva6_cores[0].gen_ara.i_ara/i_vlsu/i_qbs_engine/i_read_engine_i_224/I1 IN NETS=i_cheshire_soc/gen_cva6_cores[0].gen_ara.i_ara/i_vlsu/i_qbs_engine/i_read_engine_i_246_n_0
    DRIVERS=i_cheshire_soc/gen_cva6_cores[0].gen_ara.i_ara/i_vlsu/i_qbs_engine/i_read_engine_i_246/O
    PORTS=
  PIN i_cheshire_soc/gen_cva6_cores[0].gen_ara.i_ara/i_vlsu/i_qbs_engine/i_read_engine_i_224/I2 IN NETS=i_cheshire_soc/gen_cva6_cores[0].gen_ara.i_ara/i_vlsu/i_qbs_engine/i_read_engine_i_360_n_0
    DRIVERS=i_cheshire_soc/gen_cva6_cores[0].gen_ara.i_ara/i_vlsu/i_qbs_engine/i_read_engine_i_360/O
    PORTS=
  PIN i_cheshire_soc/gen_cva6_cores[0].gen_ara.i_ara/i_vlsu/i_qbs_engine/i_read_engine_i_224/I3 IN NETS=i_cheshire_soc/gen_cva6_cores[0].gen_ara.i_ara/i_vlsu/i_qbs_engine/i_read_engine_i_247_n_0
    DRIVERS=i_cheshire_soc/gen_cva6_cores[0].gen_ara.i_ara/i_vlsu/i_qbs_engine/i_read_engine_i_247/O
    PORTS=
  PIN i_cheshire_soc/gen_cva6_cores[0].gen_ara.i_ara/i_vlsu/i_qbs_engine/i_read_engine_i_224/I4 IN NETS=i_cheshire_soc/gen_cva6_cores[0].gen_ara.i_ara/i_vlsu/i_qbs_engine/i_read_engine_i_221_n_0
    DRIVERS=i_cheshire_soc/gen_cva6_cores[0].gen_ara.i_ara/i_vlsu/i_qbs_engine/i_read_engine_i_221/O
    PORTS=
  PIN i_cheshire_soc/gen_cva6_cores[0].gen_ara.i_ara/i_vlsu/i_qbs_engine/i_read_engine_i_224/I5 IN NETS=i_cheshire_soc/gen_cva6_cores[0].gen_ara.i_ara/i_vlsu/i_qbs_engine/i_read_engine_i_97_n_0
    DRIVERS=i_cheshire_soc/gen_cva6_cores[0].gen_ara.i_ara/i_vlsu/i_qbs_engine/i_read_engine_i_97/O
    PORTS=
CELL i_cheshire_soc/gen_cva6_cores[0].gen_ara.i_ara/i_vlsu/i_qbs_engine/i_read_engine_i_359 REF_NAME=LUT2
  INIT=4'hB
  ORIG_REF_NAME=
  ORIG_CELL_NAME=
  FILE_NAME=D:/project/ara/hardware/fpga/ara_dsa_vcu118/rtl/ara/hardware/src/vlsu/qbs/qbs_engine.sv
  LINE_NUMBER=237
  PIN i_cheshire_soc/gen_cva6_cores[0].gen_ara.i_ara/i_vlsu/i_qbs_engine/i_read_engine_i_359/O OUT NETS=i_cheshire_soc/gen_cva6_cores[0].gen_ara.i_ara/i_vlsu/i_qbs_engine/i_read_engine_i_359_n_0
    DRIVERS=i_cheshire_soc/gen_cva6_cores[0].gen_ara.i_ara/i_vlsu/i_qbs_engine/i_read_engine_i_359/O
    PORTS=
  PIN i_cheshire_soc/gen_cva6_cores[0].gen_ara.i_ara/i_vlsu/i_qbs_engine/i_read_engine_i_359/I0 IN NETS=i_cheshire_soc/gen_cva6_cores[0].gen_ara.i_ara/i_vlsu/i_qbs_engine/context_replay_start_valid0
    DRIVERS=i_cheshire_soc/gen_cva6_cores[0].gen_ara.i_ara/i_vlsu/i_qbs_engine/activation_access_q_reg[1]/Q
    PORTS=
  PIN i_cheshire_soc/gen_cva6_cores[0].gen_ara.i_ara/i_vlsu/i_qbs_engine/i_read_engine_i_359/I1 IN NETS=i_cheshire_soc/gen_cva6_cores[0].gen_ara.i_ara/i_vlsu/i_qbs_engine/i_compute_engine/activation_block_needed_o i_cheshire_soc/gen_cva6_cores[0].gen_ara.i_ara/i_vlsu/i_qbs_engine/compute_activation_needed
    DRIVERS=i_cheshire_soc/gen_cva6_cores[0].gen_ara.i_ara/i_vlsu/i_qbs_engine/i_compute_engine/activation_block_needed_o_INST_0/O
    PORTS=
CELL i_cheshire_soc/gen_cva6_cores[0].gen_ara.i_ara/i_vlsu/i_qbs_engine/i_read_engine_i_360 REF_NAME=LUT6
  INIT=64'h55555555555555D5
  ORIG_REF_NAME=
  ORIG_CELL_NAME=
  FILE_NAME=D:/project/ara/hardware/fpga/ara_dsa_vcu118/rtl/ara/hardware/src/vlsu/qbs/qbs_engine.sv
  LINE_NUMBER=237
  PIN i_cheshire_soc/gen_cva6_cores[0].gen_ara.i_ara/i_vlsu/i_qbs_engine/i_read_engine_i_360/O OUT NETS=i_cheshire_soc/gen_cva6_cores[0].gen_ara.i_ara/i_vlsu/i_qbs_engine/i_read_engine_i_360_n_0
    DRIVERS=i_cheshire_soc/gen_cva6_cores[0].gen_ara.i_ara/i_vlsu/i_qbs_engine/i_read_engine_i_360/O
    PORTS=
  PIN i_cheshire_soc/gen_cva6_cores[0].gen_ara.i_ara/i_vlsu/i_qbs_engine/i_read_engine_i_360/I0 IN NETS=i_cheshire_soc/gen_cva6_cores[0].gen_ara.i_ara/i_vlsu/i_qbs_engine/i_compute_engine/weight_block_needed_o i_cheshire_soc/gen_cva6_cores[0].gen_ara.i_ara/i_vlsu/i_qbs_engine/i_compute_engine_n_23
    DRIVERS=i_cheshire_soc/gen_cva6_cores[0].gen_ara.i_ara/i_vlsu/i_qbs_engine/i_compute_engine/weight_block_needed_o_INST_0/O
    PORTS=
  PIN i_cheshire_soc/gen_cva6_cores[0].gen_ara.i_ara/i_vlsu/i_qbs_engine/i_read_engine_i_360/I1 IN NETS=i_cheshire_soc/gen_cva6_cores[0].gen_ara.i_ara/i_vlsu/i_qbs_engine/row_group_four i_cheshire_soc/gen_cva6_cores[0].gen_ara.i_ara/i_vlsu/i_qbs_engine/i_compute_engine/weight_write_group_i i_cheshire_soc/gen_cva6_cores[0].gen_ara.i_ara/i_vlsu/i_qbs_engine/i_compute_engine/i_block_adapter_bank0/weight_write_group_i i_cheshire_soc/gen_cva6_cores[0].gen_ara.i_ara/i_vlsu/i_qbs_engine/i_compute_engine/i_block_adapter_bank1/weight_write_group_i
    DRIVERS=i_cheshire_soc/gen_cva6_cores[0].gen_ara.i_ara/i_vlsu/i_qbs_engine/i_compute_engine_i_4/O
    PORTS=
  PIN i_cheshire_soc/gen_cva6_cores[0].gen_ara.i_ara/i_vlsu/i_qbs_engine/i_read_engine_i_360/I2 IN NETS=i_cheshire_soc/gen_cva6_cores[0].gen_ara.i_ara/i_vlsu/i_qbs_engine/m_q[0] i_cheshire_soc/gen_cva6_cores[0].gen_ara.i_ara/i_vlsu/i_qbs_engine/i_compute_engine/command_m_i[0] i_cheshire_soc/gen_cva6_cores[0].gen_ara.i_ara/i_vlsu/i_qbs_engine/i_descriptor_decoder/m_i[0] i_cheshire_soc/gen_cva6_cores[0].gen_ara.i_ara/i_vlsu/i_qbs_engine/i_commit/start_m_i[0]
    DRIVERS=i_cheshire_soc/gen_cva6_cores[0].gen_ara.i_ara/i_vlsu/i_qbs_engine/m_q_reg[0]/Q
    PORTS=
  PIN i_cheshire_soc/gen_cva6_cores[0].gen_ara.i_ara/i_vlsu/i_qbs_engine/i_read_engine_i_360/I3 IN NETS=i_cheshire_soc/gen_cva6_cores[0].gen_ara.i_ara/i_vlsu/i_qbs_engine/m_q[3] i_cheshire_soc/gen_cva6_cores[0].gen_ara.i_ara/i_vlsu/i_qbs_engine/i_compute_engine/command_m_i[3] i_cheshire_soc/gen_cva6_cores[0].gen_ara.i_ara/i_vlsu/i_qbs_engine/i_descriptor_decoder/m_i[3] i_cheshire_soc/gen_cva6_cores[0].gen_ara.i_ara/i_vlsu/i_qbs_engine/i_commit/start_m_i[3]
    DRIVERS=i_cheshire_soc/gen_cva6_cores[0].gen_ara.i_ara/i_vlsu/i_qbs_engine/m_q_reg[3]/Q
    PORTS=
  PIN i_cheshire_soc/gen_cva6_cores[0].gen_ara.i_ara/i_vlsu/i_qbs_engine/i_read_engine_i_360/I4 IN NETS=i_cheshire_soc/gen_cva6_cores[0].gen_ara.i_ara/i_vlsu/i_qbs_engine/m_q[1] i_cheshire_soc/gen_cva6_cores[0].gen_ara.i_ara/i_vlsu/i_qbs_engine/i_compute_engine/command_m_i[1] i_cheshire_soc/gen_cva6_cores[0].gen_ara.i_ara/i_vlsu/i_qbs_engine/i_descriptor_decoder/m_i[1] i_cheshire_soc/gen_cva6_cores[0].gen_ara.i_ara/i_vlsu/i_qbs_engine/i_commit/start_m_i[1]
    DRIVERS=i_cheshire_soc/gen_cva6_cores[0].gen_ara.i_ara/i_vlsu/i_qbs_engine/m_q_reg[1]/Q
    PORTS=
  PIN i_cheshire_soc/gen_cva6_cores[0].gen_ara.i_ara/i_vlsu/i_qbs_engine/i_read_engine_i_360/I5 IN NETS=i_cheshire_soc/gen_cva6_cores[0].gen_ara.i_ara/i_vlsu/i_qbs_engine/m_q[2] i_cheshire_soc/gen_cva6_cores[0].gen_ara.i_ara/i_vlsu/i_qbs_engine/i_compute_engine/command_m_i[2] i_cheshire_soc/gen_cva6_cores[0].gen_ara.i_ara/i_vlsu/i_qbs_engine/i_descriptor_decoder/m_i[2] i_cheshire_soc/gen_cva6_cores[0].gen_ara.i_ara/i_vlsu/i_qbs_engine/i_commit/start_m_i[2]
    DRIVERS=i_cheshire_soc/gen_cva6_cores[0].gen_ara.i_ara/i_vlsu/i_qbs_engine/m_q_reg[2]/Q
    PORTS=
CELL i_cheshire_soc/gen_cva6_cores[0].gen_ara.i_ara/i_vlsu/i_qbs_engine/i_compute_engine/weight_block_needed_o_INST_0 REF_NAME=LUT6
  INIT=64'h00000000AAAEEEAE
  ORIG_REF_NAME=
  ORIG_CELL_NAME=
  FILE_NAME=D:/project/ara/hardware/fpga/ara_dsa_vcu118/rtl/ara/hardware/src/vlsu/qbs/qbs_compute_engine.sv
  LINE_NUMBER=159
  PIN i_cheshire_soc/gen_cva6_cores[0].gen_ara.i_ara/i_vlsu/i_qbs_engine/i_compute_engine/weight_block_needed_o_INST_0/O OUT NETS=i_cheshire_soc/gen_cva6_cores[0].gen_ara.i_ara/i_vlsu/i_qbs_engine/i_compute_engine/weight_block_needed_o i_cheshire_soc/gen_cva6_cores[0].gen_ara.i_ara/i_vlsu/i_qbs_engine/i_compute_engine_n_23
    DRIVERS=i_cheshire_soc/gen_cva6_cores[0].gen_ara.i_ara/i_vlsu/i_qbs_engine/i_compute_engine/weight_block_needed_o_INST_0/O
    PORTS=
  PIN i_cheshire_soc/gen_cva6_cores[0].gen_ara.i_ara/i_vlsu/i_qbs_engine/i_compute_engine/weight_block_needed_o_INST_0/I0 IN NETS=i_cheshire_soc/gen_cva6_cores[0].gen_ara.i_ara/i_vlsu/i_qbs_engine/i_compute_engine/weight_block_needed_o_INST_0_i_1_n_0
    DRIVERS=i_cheshire_soc/gen_cva6_cores[0].gen_ara.i_ara/i_vlsu/i_qbs_engine/i_compute_engine/weight_block_needed_o_INST_0_i_1/O
    PORTS=
  PIN i_cheshire_soc/gen_cva6_cores[0].gen_ara.i_ara/i_vlsu/i_qbs_engine/i_compute_engine/weight_block_needed_o_INST_0/I1 IN NETS=i_cheshire_soc/gen_cva6_cores[0].gen_ara.i_ara/i_vlsu/i_qbs_engine/i_compute_engine/p_0_in16_in
    DRIVERS=i_cheshire_soc/gen_cva6_cores[0].gen_ara.i_ara/i_vlsu/i_qbs_engine/i_compute_engine/activation_write_ready_o_INST_0_i_1/O
    PORTS=
  PIN i_cheshire_soc/gen_cva6_cores[0].gen_ara.i_ara/i_vlsu/i_qbs_engine/i_compute_engine/weight_block_needed_o_INST_0/I2 IN NETS=i_cheshire_soc/gen_cva6_cores[0].gen_ara.i_ara/i_vlsu/i_qbs_engine/i_compute_engine/i_block_adapter_bank0/all_weight_complete_o i_cheshire_soc/gen_cva6_cores[0].gen_ara.i_ara/i_vlsu/i_qbs_engine/i_compute_engine/all_weight_complete[0]
    DRIVERS=i_cheshire_soc/gen_cva6_cores[0].gen_ara.i_ara/i_vlsu/i_qbs_engine/i_compute_engine/i_block_adapter_bank0/all_weight_complete_o_INST_0/O
    PORTS=
  PIN i_cheshire_soc/gen_cva6_cores[0].gen_ara.i_ara/i_vlsu/i_qbs_engine/i_compute_engine/weight_block_needed_o_INST_0/I3 IN NETS=i_cheshire_soc/gen_cva6_cores[0].gen_ara.i_ara/i_vlsu/i_qbs_engine/i_compute_engine/active_weight_bank_q
    DRIVERS=i_cheshire_soc/gen_cva6_cores[0].gen_ara.i_ara/i_vlsu/i_qbs_engine/i_compute_engine/active_weight_bank_q_reg/Q
    PORTS=
  PIN i_cheshire_soc/gen_cva6_cores[0].gen_ara.i_ara/i_vlsu/i_qbs_engine/i_compute_engine/weight_block_needed_o_INST_0/I4 IN NETS=i_cheshire_soc/gen_cva6_cores[0].gen_ara.i_ara/i_vlsu/i_qbs_engine/i_compute_engine/i_block_adapter_bank1/all_weight_complete_o i_cheshire_soc/gen_cva6_cores[0].gen_ara.i_ara/i_vlsu/i_qbs_engine/i_compute_engine/all_weight_complete[1]
    DRIVERS=i_cheshire_soc/gen_cva6_cores[0].gen_ara.i_ara/i_vlsu/i_qbs_engine/i_compute_engine/i_block_adapter_bank1/all_weight_complete_o_INST_0/O
    PORTS=
  PIN i_cheshire_soc/gen_cva6_cores[0].gen_ara.i_ara/i_vlsu/i_qbs_engine/i_compute_engine/weight_block_needed_o_INST_0/I5 IN NETS=i_cheshire_soc/gen_cva6_cores[0].gen_ara.i_ara/i_vlsu/i_qbs_engine/compute_fault i_cheshire_soc/gen_cva6_cores[0].gen_ara.i_ara/i_vlsu/i_qbs_engine/i_compute_engine/fault_i
    DRIVERS=i_cheshire_soc/gen_cva6_cores[0].gen_ara.i_ara/i_vlsu/i_qbs_engine/i_compute_engine_i_2/O
    PORTS=
