Copyright 1986-2020 Xilinx, Inc. All Rights Reserved.
------------------------------------------------------------------------------------------------------------------------------------------
| Tool Version      : Vivado v.2020.1 (win64) Build 2902540 Wed May 27 19:54:49 MDT 2020
| Date              : Wed Sep 16 10:25:44 2026
| Host              : DESKTOP-9T3TD2K running 64-bit major release  (build 9200)
| Command           : check_timing -verbose -file D:/project/ara/hardware/fpga/ara_dsa_vcu118/reports/synth_beb91a5c6e55/check_timing.rpt
| Design            : ara_dsa_vcu118
| Device            : xcvu9p-flga2104
| Speed File        : -2L  PRODUCTION 1.27 02-28-2020
| Temperature Grade : E
------------------------------------------------------------------------------------------------------------------------------------------


check_timing report

Table of Contents
-----------------
1. checking no_clock (533)
2. checking constant_clock (0)
3. checking pulse_width_clock (0)
4. checking unconstrained_internal_endpoints (607)
5. checking no_input_delay (1)
6. checking no_output_delay (1)
7. checking multiple_clock (0)
8. checking generated_clocks (0)
9. checking loops (0)
10. checking partial_input_delay (4)
11. checking partial_output_delay (0)
12. checking latch_loops (0)

1. checking no_clock (533)
--------------------------
 There are 265 register/latch pins with no clock driven by root clock pin: dbg_hub/sl_iport0_o[1] (HIGH)

i_dram_wrapper/i_dram/inst/u_ddr4_mem_intfc/u_ddr_cal_top/u_ddr_cal/U_XSDB_SLAVE/G_1PIPE_IFACE.s_daddr_r_reg[0]/C
i_dram_wrapper/i_dram/inst/u_ddr4_mem_intfc/u_ddr_cal_top/u_ddr_cal/U_XSDB_SLAVE/G_1PIPE_IFACE.s_daddr_r_reg[10]/C
i_dram_wrapper/i_dram/inst/u_ddr4_mem_intfc/u_ddr_cal_top/u_ddr_cal/U_XSDB_SLAVE/G_1PIPE_IFACE.s_daddr_r_reg[11]/C
i_dram_wrapper/i_dram/inst/u_ddr4_mem_intfc/u_ddr_cal_top/u_ddr_cal/U_XSDB_SLAVE/G_1PIPE_IFACE.s_daddr_r_reg[12]/C
i_dram_wrapper/i_dram/inst/u_ddr4_mem_intfc/u_ddr_cal_top/u_ddr_cal/U_XSDB_SLAVE/G_1PIPE_IFACE.s_daddr_r_reg[13]/C
i_dram_wrapper/i_dram/inst/u_ddr4_mem_intfc/u_ddr_cal_top/u_ddr_cal/U_XSDB_SLAVE/G_1PIPE_IFACE.s_daddr_r_reg[14]/C
i_dram_wrapper/i_dram/inst/u_ddr4_mem_intfc/u_ddr_cal_top/u_ddr_cal/U_XSDB_SLAVE/G_1PIPE_IFACE.s_daddr_r_reg[15]/C
i_dram_wrapper/i_dram/inst/u_ddr4_mem_intfc/u_ddr_cal_top/u_ddr_cal/U_XSDB_SLAVE/G_1PIPE_IFACE.s_daddr_r_reg[16]/C
i_dram_wrapper/i_dram/inst/u_ddr4_mem_intfc/u_ddr_cal_top/u_ddr_cal/U_XSDB_SLAVE/G_1PIPE_IFACE.s_daddr_r_reg[1]/C
i_dram_wrapper/i_dram/inst/u_ddr4_mem_intfc/u_ddr_cal_top/u_ddr_cal/U_XSDB_SLAVE/G_1PIPE_IFACE.s_daddr_r_reg[2]/C
i_dram_wrapper/i_dram/inst/u_ddr4_mem_intfc/u_ddr_cal_top/u_ddr_cal/U_XSDB_SLAVE/G_1PIPE_IFACE.s_daddr_r_reg[3]/C
i_dram_wrapper/i_dram/inst/u_ddr4_mem_intfc/u_ddr_cal_top/u_ddr_cal/U_XSDB_SLAVE/G_1PIPE_IFACE.s_daddr_r_reg[4]/C
i_dram_wrapper/i_dram/inst/u_ddr4_mem_intfc/u_ddr_cal_top/u_ddr_cal/U_XSDB_SLAVE/G_1PIPE_IFACE.s_daddr_r_reg[5]/C
i_dram_wrapper/i_dram/inst/u_ddr4_mem_intfc/u_ddr_cal_top/u_ddr_cal/U_XSDB_SLAVE/G_1PIPE_IFACE.s_daddr_r_reg[6]/C
i_dram_wrapper/i_dram/inst/u_ddr4_mem_intfc/u_ddr_cal_top/u_ddr_cal/U_XSDB_SLAVE/G_1PIPE_IFACE.s_daddr_r_reg[7]/C
i_dram_wrapper/i_dram/inst/u_ddr4_mem_intfc/u_ddr_cal_top/u_ddr_cal/U_XSDB_SLAVE/G_1PIPE_IFACE.s_daddr_r_reg[8]/C
i_dram_wrapper/i_dram/inst/u_ddr4_mem_intfc/u_ddr_cal_top/u_ddr_cal/U_XSDB_SLAVE/G_1PIPE_IFACE.s_daddr_r_reg[9]/C
i_dram_wrapper/i_dram/inst/u_ddr4_mem_intfc/u_ddr_cal_top/u_ddr_cal/U_XSDB_SLAVE/G_1PIPE_IFACE.s_den_r_reg/C
i_dram_wrapper/i_dram/inst/u_ddr4_mem_intfc/u_ddr_cal_top/u_ddr_cal/U_XSDB_SLAVE/G_1PIPE_IFACE.s_di_r_reg[0]/C
i_dram_wrapper/i_dram/inst/u_ddr4_mem_intfc/u_ddr_cal_top/u_ddr_cal/U_XSDB_SLAVE/G_1PIPE_IFACE.s_di_r_reg[10]/C
i_dram_wrapper/i_dram/inst/u_ddr4_mem_intfc/u_ddr_cal_top/u_ddr_cal/U_XSDB_SLAVE/G_1PIPE_IFACE.s_di_r_reg[11]/C
i_dram_wrapper/i_dram/inst/u_ddr4_mem_intfc/u_ddr_cal_top/u_ddr_cal/U_XSDB_SLAVE/G_1PIPE_IFACE.s_di_r_reg[12]/C
i_dram_wrapper/i_dram/inst/u_ddr4_mem_intfc/u_ddr_cal_top/u_ddr_cal/U_XSDB_SLAVE/G_1PIPE_IFACE.s_di_r_reg[13]/C
i_dram_wrapper/i_dram/inst/u_ddr4_mem_intfc/u_ddr_cal_top/u_ddr_cal/U_XSDB_SLAVE/G_1PIPE_IFACE.s_di_r_reg[14]/C
i_dram_wrapper/i_dram/inst/u_ddr4_mem_intfc/u_ddr_cal_top/u_ddr_cal/U_XSDB_SLAVE/G_1PIPE_IFACE.s_di_r_reg[15]/C
i_dram_wrapper/i_dram/inst/u_ddr4_mem_intfc/u_ddr_cal_top/u_ddr_cal/U_XSDB_SLAVE/G_1PIPE_IFACE.s_di_r_reg[1]/C
i_dram_wrapper/i_dram/inst/u_ddr4_mem_intfc/u_ddr_cal_top/u_ddr_cal/U_XSDB_SLAVE/G_1PIPE_IFACE.s_di_r_reg[2]/C
i_dram_wrapper/i_dram/inst/u_ddr4_mem_intfc/u_ddr_cal_top/u_ddr_cal/U_XSDB_SLAVE/G_1PIPE_IFACE.s_di_r_reg[3]/C
i_dram_wrapper/i_dram/inst/u_ddr4_mem_intfc/u_ddr_cal_top/u_ddr_cal/U_XSDB_SLAVE/G_1PIPE_IFACE.s_di_r_reg[4]/C
i_dram_wrapper/i_dram/inst/u_ddr4_mem_intfc/u_ddr_cal_top/u_ddr_cal/U_XSDB_SLAVE/G_1PIPE_IFACE.s_di_r_reg[5]/C
i_dram_wrapper/i_dram/inst/u_ddr4_mem_intfc/u_ddr_cal_top/u_ddr_cal/U_XSDB_SLAVE/G_1PIPE_IFACE.s_di_r_reg[6]/C
i_dram_wrapper/i_dram/inst/u_ddr4_mem_intfc/u_ddr_cal_top/u_ddr_cal/U_XSDB_SLAVE/G_1PIPE_IFACE.s_di_r_reg[7]/C
i_dram_wrapper/i_dram/inst/u_ddr4_mem_intfc/u_ddr_cal_top/u_ddr_cal/U_XSDB_SLAVE/G_1PIPE_IFACE.s_di_r_reg[8]/C
i_dram_wrapper/i_dram/inst/u_ddr4_mem_intfc/u_ddr_cal_top/u_ddr_cal/U_XSDB_SLAVE/G_1PIPE_IFACE.s_di_r_reg[9]/C
i_dram_wrapper/i_dram/inst/u_ddr4_mem_intfc/u_ddr_cal_top/u_ddr_cal/U_XSDB_SLAVE/G_1PIPE_IFACE.s_do_r_reg[0]/C
i_dram_wrapper/i_dram/inst/u_ddr4_mem_intfc/u_ddr_cal_top/u_ddr_cal/U_XSDB_SLAVE/G_1PIPE_IFACE.s_do_r_reg[10]/C
i_dram_wrapper/i_dram/inst/u_ddr4_mem_intfc/u_ddr_cal_top/u_ddr_cal/U_XSDB_SLAVE/G_1PIPE_IFACE.s_do_r_reg[11]/C
i_dram_wrapper/i_dram/inst/u_ddr4_mem_intfc/u_ddr_cal_top/u_ddr_cal/U_XSDB_SLAVE/G_1PIPE_IFACE.s_do_r_reg[12]/C
i_dram_wrapper/i_dram/inst/u_ddr4_mem_intfc/u_ddr_cal_top/u_ddr_cal/U_XSDB_SLAVE/G_1PIPE_IFACE.s_do_r_reg[13]/C
i_dram_wrapper/i_dram/inst/u_ddr4_mem_intfc/u_ddr_cal_top/u_ddr_cal/U_XSDB_SLAVE/G_1PIPE_IFACE.s_do_r_reg[14]/C
i_dram_wrapper/i_dram/inst/u_ddr4_mem_intfc/u_ddr_cal_top/u_ddr_cal/U_XSDB_SLAVE/G_1PIPE_IFACE.s_do_r_reg[15]/C
i_dram_wrapper/i_dram/inst/u_ddr4_mem_intfc/u_ddr_cal_top/u_ddr_cal/U_XSDB_SLAVE/G_1PIPE_IFACE.s_do_r_reg[1]/C
i_dram_wrapper/i_dram/inst/u_ddr4_mem_intfc/u_ddr_cal_top/u_ddr_cal/U_XSDB_SLAVE/G_1PIPE_IFACE.s_do_r_reg[2]/C
i_dram_wrapper/i_dram/inst/u_ddr4_mem_intfc/u_ddr_cal_top/u_ddr_cal/U_XSDB_SLAVE/G_1PIPE_IFACE.s_do_r_reg[3]/C
i_dram_wrapper/i_dram/inst/u_ddr4_mem_intfc/u_ddr_cal_top/u_ddr_cal/U_XSDB_SLAVE/G_1PIPE_IFACE.s_do_r_reg[4]/C
i_dram_wrapper/i_dram/inst/u_ddr4_mem_intfc/u_ddr_cal_top/u_ddr_cal/U_XSDB_SLAVE/G_1PIPE_IFACE.s_do_r_reg[5]/C
i_dram_wrapper/i_dram/inst/u_ddr4_mem_intfc/u_ddr_cal_top/u_ddr_cal/U_XSDB_SLAVE/G_1PIPE_IFACE.s_do_r_reg[6]/C
i_dram_wrapper/i_dram/inst/u_ddr4_mem_intfc/u_ddr_cal_top/u_ddr_cal/U_XSDB_SLAVE/G_1PIPE_IFACE.s_do_r_reg[7]/C
i_dram_wrapper/i_dram/inst/u_ddr4_mem_intfc/u_ddr_cal_top/u_ddr_cal/U_XSDB_SLAVE/G_1PIPE_IFACE.s_do_r_reg[8]/C
i_dram_wrapper/i_dram/inst/u_ddr4_mem_intfc/u_ddr_cal_top/u_ddr_cal/U_XSDB_SLAVE/G_1PIPE_IFACE.s_do_r_reg[9]/C
i_dram_wrapper/i_dram/inst/u_ddr4_mem_intfc/u_ddr_cal_top/u_ddr_cal/U_XSDB_SLAVE/G_1PIPE_IFACE.s_drdy_r_reg/C
i_dram_wrapper/i_dram/inst/u_ddr4_mem_intfc/u_ddr_cal_top/u_ddr_cal/U_XSDB_SLAVE/G_1PIPE_IFACE.s_dwe_r_reg/C
i_dram_wrapper/i_dram/inst/u_ddr4_mem_intfc/u_ddr_cal_top/u_ddr_cal/U_XSDB_SLAVE/reg_do_reg[0]/C
i_dram_wrapper/i_dram/inst/u_ddr4_mem_intfc/u_ddr_cal_top/u_ddr_cal/U_XSDB_SLAVE/reg_do_reg[10]/C
i_dram_wrapper/i_dram/inst/u_ddr4_mem_intfc/u_ddr_cal_top/u_ddr_cal/U_XSDB_SLAVE/reg_do_reg[11]/C
i_dram_wrapper/i_dram/inst/u_ddr4_mem_intfc/u_ddr_cal_top/u_ddr_cal/U_XSDB_SLAVE/reg_do_reg[12]/C
i_dram_wrapper/i_dram/inst/u_ddr4_mem_intfc/u_ddr_cal_top/u_ddr_cal/U_XSDB_SLAVE/reg_do_reg[13]/C
i_dram_wrapper/i_dram/inst/u_ddr4_mem_intfc/u_ddr_cal_top/u_ddr_cal/U_XSDB_SLAVE/reg_do_reg[14]/C
i_dram_wrapper/i_dram/inst/u_ddr4_mem_intfc/u_ddr_cal_top/u_ddr_cal/U_XSDB_SLAVE/reg_do_reg[15]/C
i_dram_wrapper/i_dram/inst/u_ddr4_mem_intfc/u_ddr_cal_top/u_ddr_cal/U_XSDB_SLAVE/reg_do_reg[1]/C
i_dram_wrapper/i_dram/inst/u_ddr4_mem_intfc/u_ddr_cal_top/u_ddr_cal/U_XSDB_SLAVE/reg_do_reg[2]/C
i_dram_wrapper/i_dram/inst/u_ddr4_mem_intfc/u_ddr_cal_top/u_ddr_cal/U_XSDB_SLAVE/reg_do_reg[3]/C
i_dram_wrapper/i_dram/inst/u_ddr4_mem_intfc/u_ddr_cal_top/u_ddr_cal/U_XSDB_SLAVE/reg_do_reg[4]/C
i_dram_wrapper/i_dram/inst/u_ddr4_mem_intfc/u_ddr_cal_top/u_ddr_cal/U_XSDB_SLAVE/reg_do_reg[5]/C
i_dram_wrapper/i_dram/inst/u_ddr4_mem_intfc/u_ddr_cal_top/u_ddr_cal/U_XSDB_SLAVE/reg_do_reg[6]/C
i_dram_wrapper/i_dram/inst/u_ddr4_mem_intfc/u_ddr_cal_top/u_ddr_cal/U_XSDB_SLAVE/reg_do_reg[7]/C
i_dram_wrapper/i_dram/inst/u_ddr4_mem_intfc/u_ddr_cal_top/u_ddr_cal/U_XSDB_SLAVE/reg_do_reg[8]/C
i_dram_wrapper/i_dram/inst/u_ddr4_mem_intfc/u_ddr_cal_top/u_ddr_cal/U_XSDB_SLAVE/reg_do_reg[9]/C
i_dram_wrapper/i_dram/inst/u_ddr4_mem_intfc/u_ddr_cal_top/u_ddr_cal/U_XSDB_SLAVE/reg_drdy_reg/C
i_dram_wrapper/i_dram/inst/u_ddr4_mem_intfc/u_ddr_cal_top/u_ddr_cal/U_XSDB_SLAVE/reg_test_reg[0]/C
i_dram_wrapper/i_dram/inst/u_ddr4_mem_intfc/u_ddr_cal_top/u_ddr_cal/U_XSDB_SLAVE/reg_test_reg[10]/C
i_dram_wrapper/i_dram/inst/u_ddr4_mem_intfc/u_ddr_cal_top/u_ddr_cal/U_XSDB_SLAVE/reg_test_reg[11]/C
i_dram_wrapper/i_dram/inst/u_ddr4_mem_intfc/u_ddr_cal_top/u_ddr_cal/U_XSDB_SLAVE/reg_test_reg[12]/C
i_dram_wrapper/i_dram/inst/u_ddr4_mem_intfc/u_ddr_cal_top/u_ddr_cal/U_XSDB_SLAVE/reg_test_reg[13]/C
i_dram_wrapper/i_dram/inst/u_ddr4_mem_intfc/u_ddr_cal_top/u_ddr_cal/U_XSDB_SLAVE/reg_test_reg[14]/C
i_dram_wrapper/i_dram/inst/u_ddr4_mem_intfc/u_ddr_cal_top/u_ddr_cal/U_XSDB_SLAVE/reg_test_reg[15]/C
i_dram_wrapper/i_dram/inst/u_ddr4_mem_intfc/u_ddr_cal_top/u_ddr_cal/U_XSDB_SLAVE/reg_test_reg[1]/C
i_dram_wrapper/i_dram/inst/u_ddr4_mem_intfc/u_ddr_cal_top/u_ddr_cal/U_XSDB_SLAVE/reg_test_reg[2]/C
i_dram_wrapper/i_dram/inst/u_ddr4_mem_intfc/u_ddr_cal_top/u_ddr_cal/U_XSDB_SLAVE/reg_test_reg[3]/C
i_dram_wrapper/i_dram/inst/u_ddr4_mem_intfc/u_ddr_cal_top/u_ddr_cal/U_XSDB_SLAVE/reg_test_reg[4]/C
i_dram_wrapper/i_dram/inst/u_ddr4_mem_intfc/u_ddr_cal_top/u_ddr_cal/U_XSDB_SLAVE/reg_test_reg[5]/C
i_dram_wrapper/i_dram/inst/u_ddr4_mem_intfc/u_ddr_cal_top/u_ddr_cal/U_XSDB_SLAVE/reg_test_reg[6]/C
i_dram_wrapper/i_dram/inst/u_ddr4_mem_intfc/u_ddr_cal_top/u_ddr_cal/U_XSDB_SLAVE/reg_test_reg[7]/C
i_dram_wrapper/i_dram/inst/u_ddr4_mem_intfc/u_ddr_cal_top/u_ddr_cal/U_XSDB_SLAVE/reg_test_reg[8]/C
i_dram_wrapper/i_dram/inst/u_ddr4_mem_intfc/u_ddr_cal_top/u_ddr_cal/U_XSDB_SLAVE/reg_test_reg[9]/C
i_dram_wrapper/i_dram/inst/u_ddr4_mem_intfc/u_ddr_cal_top/u_ddr_cal/U_XSDB_SLAVE/uuid_stamp_reg[0]/C
i_dram_wrapper/i_dram/inst/u_ddr4_mem_intfc/u_ddr_cal_top/u_ddr_cal/U_XSDB_SLAVE/uuid_stamp_reg[100]/C
i_dram_wrapper/i_dram/inst/u_ddr4_mem_intfc/u_ddr_cal_top/u_ddr_cal/U_XSDB_SLAVE/uuid_stamp_reg[101]/C
i_dram_wrapper/i_dram/inst/u_ddr4_mem_intfc/u_ddr_cal_top/u_ddr_cal/U_XSDB_SLAVE/uuid_stamp_reg[102]/C
i_dram_wrapper/i_dram/inst/u_ddr4_mem_intfc/u_ddr_cal_top/u_ddr_cal/U_XSDB_SLAVE/uuid_stamp_reg[103]/C
i_dram_wrapper/i_dram/inst/u_ddr4_mem_intfc/u_ddr_cal_top/u_ddr_cal/U_XSDB_SLAVE/uuid_stamp_reg[104]/C
i_dram_wrapper/i_dram/inst/u_ddr4_mem_intfc/u_ddr_cal_top/u_ddr_cal/U_XSDB_SLAVE/uuid_stamp_reg[105]/C
i_dram_wrapper/i_dram/inst/u_ddr4_mem_intfc/u_ddr_cal_top/u_ddr_cal/U_XSDB_SLAVE/uuid_stamp_reg[106]/C
i_dram_wrapper/i_dram/inst/u_ddr4_mem_intfc/u_ddr_cal_top/u_ddr_cal/U_XSDB_SLAVE/uuid_stamp_reg[107]/C
i_dram_wrapper/i_dram/inst/u_ddr4_mem_intfc/u_ddr_cal_top/u_ddr_cal/U_XSDB_SLAVE/uuid_stamp_reg[108]/C
i_dram_wrapper/i_dram/inst/u_ddr4_mem_intfc/u_ddr_cal_top/u_ddr_cal/U_XSDB_SLAVE/uuid_stamp_reg[109]/C
i_dram_wrapper/i_dram/inst/u_ddr4_mem_intfc/u_ddr_cal_top/u_ddr_cal/U_XSDB_SLAVE/uuid_stamp_reg[10]/C
i_dram_wrapper/i_dram/inst/u_ddr4_mem_intfc/u_ddr_cal_top/u_ddr_cal/U_XSDB_SLAVE/uuid_stamp_reg[110]/C
i_dram_wrapper/i_dram/inst/u_ddr4_mem_intfc/u_ddr_cal_top/u_ddr_cal/U_XSDB_SLAVE/uuid_stamp_reg[111]/C
i_dram_wrapper/i_dram/inst/u_ddr4_mem_intfc/u_ddr_cal_top/u_ddr_cal/U_XSDB_SLAVE/uuid_stamp_reg[112]/C
i_dram_wrapper/i_dram/inst/u_ddr4_mem_intfc/u_ddr_cal_top/u_ddr_cal/U_XSDB_SLAVE/uuid_stamp_reg[113]/C
i_dram_wrapper/i_dram/inst/u_ddr4_mem_intfc/u_ddr_cal_top/u_ddr_cal/U_XSDB_SLAVE/uuid_stamp_reg[114]/C
i_dram_wrapper/i_dram/inst/u_ddr4_mem_intfc/u_ddr_cal_top/u_ddr_cal/U_XSDB_SLAVE/uuid_stamp_reg[115]/C
i_dram_wrapper/i_dram/inst/u_ddr4_mem_intfc/u_ddr_cal_top/u_ddr_cal/U_XSDB_SLAVE/uuid_stamp_reg[116]/C
i_dram_wrapper/i_dram/inst/u_ddr4_mem_intfc/u_ddr_cal_top/u_ddr_cal/U_XSDB_SLAVE/uuid_stamp_reg[117]/C
i_dram_wrapper/i_dram/inst/u_ddr4_mem_intfc/u_ddr_cal_top/u_ddr_cal/U_XSDB_SLAVE/uuid_stamp_reg[118]/C
i_dram_wrapper/i_dram/inst/u_ddr4_mem_intfc/u_ddr_cal_top/u_ddr_cal/U_XSDB_SLAVE/uuid_stamp_reg[119]/C
i_dram_wrapper/i_dram/inst/u_ddr4_mem_intfc/u_ddr_cal_top/u_ddr_cal/U_XSDB_SLAVE/uuid_stamp_reg[11]/C
i_dram_wrapper/i_dram/inst/u_ddr4_mem_intfc/u_ddr_cal_top/u_ddr_cal/U_XSDB_SLAVE/uuid_stamp_reg[120]/C
i_dram_wrapper/i_dram/inst/u_ddr4_mem_intfc/u_ddr_cal_top/u_ddr_cal/U_XSDB_SLAVE/uuid_stamp_reg[121]/C
i_dram_wrapper/i_dram/inst/u_ddr4_mem_intfc/u_ddr_cal_top/u_ddr_cal/U_XSDB_SLAVE/uuid_stamp_reg[122]/C
i_dram_wrapper/i_dram/inst/u_ddr4_mem_intfc/u_ddr_cal_top/u_ddr_cal/U_XSDB_SLAVE/uuid_stamp_reg[123]/C
i_dram_wrapper/i_dram/inst/u_ddr4_mem_intfc/u_ddr_cal_top/u_ddr_cal/U_XSDB_SLAVE/uuid_stamp_reg[124]/C
i_dram_wrapper/i_dram/inst/u_ddr4_mem_intfc/u_ddr_cal_top/u_ddr_cal/U_XSDB_SLAVE/uuid_stamp_reg[125]/C
i_dram_wrapper/i_dram/inst/u_ddr4_mem_intfc/u_ddr_cal_top/u_ddr_cal/U_XSDB_SLAVE/uuid_stamp_reg[126]/C
i_dram_wrapper/i_dram/inst/u_ddr4_mem_intfc/u_ddr_cal_top/u_ddr_cal/U_XSDB_SLAVE/uuid_stamp_reg[127]/C
i_dram_wrapper/i_dram/inst/u_ddr4_mem_intfc/u_ddr_cal_top/u_ddr_cal/U_XSDB_SLAVE/uuid_stamp_reg[12]/C
i_dram_wrapper/i_dram/inst/u_ddr4_mem_intfc/u_ddr_cal_top/u_ddr_cal/U_XSDB_SLAVE/uuid_stamp_reg[13]/C
i_dram_wrapper/i_dram/inst/u_ddr4_mem_intfc/u_ddr_cal_top/u_ddr_cal/U_XSDB_SLAVE/uuid_stamp_reg[14]/C
i_dram_wrapper/i_dram/inst/u_ddr4_mem_intfc/u_ddr_cal_top/u_ddr_cal/U_XSDB_SLAVE/uuid_stamp_reg[15]/C
i_dram_wrapper/i_dram/inst/u_ddr4_mem_intfc/u_ddr_cal_top/u_ddr_cal/U_XSDB_SLAVE/uuid_stamp_reg[16]/C
i_dram_wrapper/i_dram/inst/u_ddr4_mem_intfc/u_ddr_cal_top/u_ddr_cal/U_XSDB_SLAVE/uuid_stamp_reg[17]/C
i_dram_wrapper/i_dram/inst/u_ddr4_mem_intfc/u_ddr_cal_top/u_ddr_cal/U_XSDB_SLAVE/uuid_stamp_reg[18]/C
i_dram_wrapper/i_dram/inst/u_ddr4_mem_intfc/u_ddr_cal_top/u_ddr_cal/U_XSDB_SLAVE/uuid_stamp_reg[19]/C
i_dram_wrapper/i_dram/inst/u_ddr4_mem_intfc/u_ddr_cal_top/u_ddr_cal/U_XSDB_SLAVE/uuid_stamp_reg[1]/C
i_dram_wrapper/i_dram/inst/u_ddr4_mem_intfc/u_ddr_cal_top/u_ddr_cal/U_XSDB_SLAVE/uuid_stamp_reg[20]/C
i_dram_wrapper/i_dram/inst/u_ddr4_mem_intfc/u_ddr_cal_top/u_ddr_cal/U_XSDB_SLAVE/uuid_stamp_reg[21]/C
i_dram_wrapper/i_dram/inst/u_ddr4_mem_intfc/u_ddr_cal_top/u_ddr_cal/U_XSDB_SLAVE/uuid_stamp_reg[22]/C
i_dram_wrapper/i_dram/inst/u_ddr4_mem_intfc/u_ddr_cal_top/u_ddr_cal/U_XSDB_SLAVE/uuid_stamp_reg[23]/C
i_dram_wrapper/i_dram/inst/u_ddr4_mem_intfc/u_ddr_cal_top/u_ddr_cal/U_XSDB_SLAVE/uuid_stamp_reg[24]/C
i_dram_wrapper/i_dram/inst/u_ddr4_mem_intfc/u_ddr_cal_top/u_ddr_cal/U_XSDB_SLAVE/uuid_stamp_reg[25]/C
i_dram_wrapper/i_dram/inst/u_ddr4_mem_intfc/u_ddr_cal_top/u_ddr_cal/U_XSDB_SLAVE/uuid_stamp_reg[26]/C
i_dram_wrapper/i_dram/inst/u_ddr4_mem_intfc/u_ddr_cal_top/u_ddr_cal/U_XSDB_SLAVE/uuid_stamp_reg[27]/C
i_dram_wrapper/i_dram/inst/u_ddr4_mem_intfc/u_ddr_cal_top/u_ddr_cal/U_XSDB_SLAVE/uuid_stamp_reg[28]/C
i_dram_wrapper/i_dram/inst/u_ddr4_mem_intfc/u_ddr_cal_top/u_ddr_cal/U_XSDB_SLAVE/uuid_stamp_reg[29]/C
i_dram_wrapper/i_dram/inst/u_ddr4_mem_intfc/u_ddr_cal_top/u_ddr_cal/U_XSDB_SLAVE/uuid_stamp_reg[2]/C
i_dram_wrapper/i_dram/inst/u_ddr4_mem_intfc/u_ddr_cal_top/u_ddr_cal/U_XSDB_SLAVE/uuid_stamp_reg[30]/C
i_dram_wrapper/i_dram/inst/u_ddr4_mem_intfc/u_ddr_cal_top/u_ddr_cal/U_XSDB_SLAVE/uuid_stamp_reg[31]/C
i_dram_wrapper/i_dram/inst/u_ddr4_mem_intfc/u_ddr_cal_top/u_ddr_cal/U_XSDB_SLAVE/uuid_stamp_reg[32]/C
i_dram_wrapper/i_dram/inst/u_ddr4_mem_intfc/u_ddr_cal_top/u_ddr_cal/U_XSDB_SLAVE/uuid_stamp_reg[33]/C
i_dram_wrapper/i_dram/inst/u_ddr4_mem_intfc/u_ddr_cal_top/u_ddr_cal/U_XSDB_SLAVE/uuid_stamp_reg[34]/C
i_dram_wrapper/i_dram/inst/u_ddr4_mem_intfc/u_ddr_cal_top/u_ddr_cal/U_XSDB_SLAVE/uuid_stamp_reg[35]/C
i_dram_wrapper/i_dram/inst/u_ddr4_mem_intfc/u_ddr_cal_top/u_ddr_cal/U_XSDB_SLAVE/uuid_stamp_reg[36]/C
i_dram_wrapper/i_dram/inst/u_ddr4_mem_intfc/u_ddr_cal_top/u_ddr_cal/U_XSDB_SLAVE/uuid_stamp_reg[37]/C
i_dram_wrapper/i_dram/inst/u_ddr4_mem_intfc/u_ddr_cal_top/u_ddr_cal/U_XSDB_SLAVE/uuid_stamp_reg[38]/C
i_dram_wrapper/i_dram/inst/u_ddr4_mem_intfc/u_ddr_cal_top/u_ddr_cal/U_XSDB_SLAVE/uuid_stamp_reg[39]/C
i_dram_wrapper/i_dram/inst/u_ddr4_mem_intfc/u_ddr_cal_top/u_ddr_cal/U_XSDB_SLAVE/uuid_stamp_reg[3]/C
i_dram_wrapper/i_dram/inst/u_ddr4_mem_intfc/u_ddr_cal_top/u_ddr_cal/U_XSDB_SLAVE/uuid_stamp_reg[40]/C
i_dram_wrapper/i_dram/inst/u_ddr4_mem_intfc/u_ddr_cal_top/u_ddr_cal/U_XSDB_SLAVE/uuid_stamp_reg[41]/C
i_dram_wrapper/i_dram/inst/u_ddr4_mem_intfc/u_ddr_cal_top/u_ddr_cal/U_XSDB_SLAVE/uuid_stamp_reg[42]/C
i_dram_wrapper/i_dram/inst/u_ddr4_mem_intfc/u_ddr_cal_top/u_ddr_cal/U_XSDB_SLAVE/uuid_stamp_reg[43]/C
i_dram_wrapper/i_dram/inst/u_ddr4_mem_intfc/u_ddr_cal_top/u_ddr_cal/U_XSDB_SLAVE/uuid_stamp_reg[44]/C
i_dram_wrapper/i_dram/inst/u_ddr4_mem_intfc/u_ddr_cal_top/u_ddr_cal/U_XSDB_SLAVE/uuid_stamp_reg[45]/C
i_dram_wrapper/i_dram/inst/u_ddr4_mem_intfc/u_ddr_cal_top/u_ddr_cal/U_XSDB_SLAVE/uuid_stamp_reg[46]/C
i_dram_wrapper/i_dram/inst/u_ddr4_mem_intfc/u_ddr_cal_top/u_ddr_cal/U_XSDB_SLAVE/uuid_stamp_reg[47]/C
i_dram_wrapper/i_dram/inst/u_ddr4_mem_intfc/u_ddr_cal_top/u_ddr_cal/U_XSDB_SLAVE/uuid_stamp_reg[48]/C
i_dram_wrapper/i_dram/inst/u_ddr4_mem_intfc/u_ddr_cal_top/u_ddr_cal/U_XSDB_SLAVE/uuid_stamp_reg[49]/C
i_dram_wrapper/i_dram/inst/u_ddr4_mem_intfc/u_ddr_cal_top/u_ddr_cal/U_XSDB_SLAVE/uuid_stamp_reg[4]/C
i_dram_wrapper/i_dram/inst/u_ddr4_mem_intfc/u_ddr_cal_top/u_ddr_cal/U_XSDB_SLAVE/uuid_stamp_reg[50]/C
i_dram_wrapper/i_dram/inst/u_ddr4_mem_intfc/u_ddr_cal_top/u_ddr_cal/U_XSDB_SLAVE/uuid_stamp_reg[51]/C
i_dram_wrapper/i_dram/inst/u_ddr4_mem_intfc/u_ddr_cal_top/u_ddr_cal/U_XSDB_SLAVE/uuid_stamp_reg[52]/C
i_dram_wrapper/i_dram/inst/u_ddr4_mem_intfc/u_ddr_cal_top/u_ddr_cal/U_XSDB_SLAVE/uuid_stamp_reg[53]/C
i_dram_wrapper/i_dram/inst/u_ddr4_mem_intfc/u_ddr_cal_top/u_ddr_cal/U_XSDB_SLAVE/uuid_stamp_reg[54]/C
i_dram_wrapper/i_dram/inst/u_ddr4_mem_intfc/u_ddr_cal_top/u_ddr_cal/U_XSDB_SLAVE/uuid_stamp_reg[55]/C
i_dram_wrapper/i_dram/inst/u_ddr4_mem_intfc/u_ddr_cal_top/u_ddr_cal/U_XSDB_SLAVE/uuid_stamp_reg[56]/C
i_dram_wrapper/i_dram/inst/u_ddr4_mem_intfc/u_ddr_cal_top/u_ddr_cal/U_XSDB_SLAVE/uuid_stamp_reg[57]/C
i_dram_wrapper/i_dram/inst/u_ddr4_mem_intfc/u_ddr_cal_top/u_ddr_cal/U_XSDB_SLAVE/uuid_stamp_reg[58]/C
i_dram_wrapper/i_dram/inst/u_ddr4_mem_intfc/u_ddr_cal_top/u_ddr_cal/U_XSDB_SLAVE/uuid_stamp_reg[59]/C
i_dram_wrapper/i_dram/inst/u_ddr4_mem_intfc/u_ddr_cal_top/u_ddr_cal/U_XSDB_SLAVE/uuid_stamp_reg[5]/C
i_dram_wrapper/i_dram/inst/u_ddr4_mem_intfc/u_ddr_cal_top/u_ddr_cal/U_XSDB_SLAVE/uuid_stamp_reg[60]/C
i_dram_wrapper/i_dram/inst/u_ddr4_mem_intfc/u_ddr_cal_top/u_ddr_cal/U_XSDB_SLAVE/uuid_stamp_reg[61]/C
i_dram_wrapper/i_dram/inst/u_ddr4_mem_intfc/u_ddr_cal_top/u_ddr_cal/U_XSDB_SLAVE/uuid_stamp_reg[62]/C
i_dram_wrapper/i_dram/inst/u_ddr4_mem_intfc/u_ddr_cal_top/u_ddr_cal/U_XSDB_SLAVE/uuid_stamp_reg[63]/C
i_dram_wrapper/i_dram/inst/u_ddr4_mem_intfc/u_ddr_cal_top/u_ddr_cal/U_XSDB_SLAVE/uuid_stamp_reg[64]/C
i_dram_wrapper/i_dram/inst/u_ddr4_mem_intfc/u_ddr_cal_top/u_ddr_cal/U_XSDB_SLAVE/uuid_stamp_reg[65]/C
i_dram_wrapper/i_dram/inst/u_ddr4_mem_intfc/u_ddr_cal_top/u_ddr_cal/U_XSDB_SLAVE/uuid_stamp_reg[66]/C
i_dram_wrapper/i_dram/inst/u_ddr4_mem_intfc/u_ddr_cal_top/u_ddr_cal/U_XSDB_SLAVE/uuid_stamp_reg[67]/C
i_dram_wrapper/i_dram/inst/u_ddr4_mem_intfc/u_ddr_cal_top/u_ddr_cal/U_XSDB_SLAVE/uuid_stamp_reg[68]/C
i_dram_wrapper/i_dram/inst/u_ddr4_mem_intfc/u_ddr_cal_top/u_ddr_cal/U_XSDB_SLAVE/uuid_stamp_reg[69]/C
i_dram_wrapper/i_dram/inst/u_ddr4_mem_intfc/u_ddr_cal_top/u_ddr_cal/U_XSDB_SLAVE/uuid_stamp_reg[6]/C
i_dram_wrapper/i_dram/inst/u_ddr4_mem_intfc/u_ddr_cal_top/u_ddr_cal/U_XSDB_SLAVE/uuid_stamp_reg[70]/C
i_dram_wrapper/i_dram/inst/u_ddr4_mem_intfc/u_ddr_cal_top/u_ddr_cal/U_XSDB_SLAVE/uuid_stamp_reg[71]/C
i_dram_wrapper/i_dram/inst/u_ddr4_mem_intfc/u_ddr_cal_top/u_ddr_cal/U_XSDB_SLAVE/uuid_stamp_reg[72]/C
i_dram_wrapper/i_dram/inst/u_ddr4_mem_intfc/u_ddr_cal_top/u_ddr_cal/U_XSDB_SLAVE/uuid_stamp_reg[73]/C
i_dram_wrapper/i_dram/inst/u_ddr4_mem_intfc/u_ddr_cal_top/u_ddr_cal/U_XSDB_SLAVE/uuid_stamp_reg[74]/C
i_dram_wrapper/i_dram/inst/u_ddr4_mem_intfc/u_ddr_cal_top/u_ddr_cal/U_XSDB_SLAVE/uuid_stamp_reg[75]/C
i_dram_wrapper/i_dram/inst/u_ddr4_mem_intfc/u_ddr_cal_top/u_ddr_cal/U_XSDB_SLAVE/uuid_stamp_reg[76]/C
i_dram_wrapper/i_dram/inst/u_ddr4_mem_intfc/u_ddr_cal_top/u_ddr_cal/U_XSDB_SLAVE/uuid_stamp_reg[77]/C
i_dram_wrapper/i_dram/inst/u_ddr4_mem_intfc/u_ddr_cal_top/u_ddr_cal/U_XSDB_SLAVE/uuid_stamp_reg[78]/C
i_dram_wrapper/i_dram/inst/u_ddr4_mem_intfc/u_ddr_cal_top/u_ddr_cal/U_XSDB_SLAVE/uuid_stamp_reg[79]/C
i_dram_wrapper/i_dram/inst/u_ddr4_mem_intfc/u_ddr_cal_top/u_ddr_cal/U_XSDB_SLAVE/uuid_stamp_reg[7]/C
i_dram_wrapper/i_dram/inst/u_ddr4_mem_intfc/u_ddr_cal_top/u_ddr_cal/U_XSDB_SLAVE/uuid_stamp_reg[80]/C
i_dram_wrapper/i_dram/inst/u_ddr4_mem_intfc/u_ddr_cal_top/u_ddr_cal/U_XSDB_SLAVE/uuid_stamp_reg[81]/C
i_dram_wrapper/i_dram/inst/u_ddr4_mem_intfc/u_ddr_cal_top/u_ddr_cal/U_XSDB_SLAVE/uuid_stamp_reg[82]/C
i_dram_wrapper/i_dram/inst/u_ddr4_mem_intfc/u_ddr_cal_top/u_ddr_cal/U_XSDB_SLAVE/uuid_stamp_reg[83]/C
i_dram_wrapper/i_dram/inst/u_ddr4_mem_intfc/u_ddr_cal_top/u_ddr_cal/U_XSDB_SLAVE/uuid_stamp_reg[84]/C
i_dram_wrapper/i_dram/inst/u_ddr4_mem_intfc/u_ddr_cal_top/u_ddr_cal/U_XSDB_SLAVE/uuid_stamp_reg[85]/C
i_dram_wrapper/i_dram/inst/u_ddr4_mem_intfc/u_ddr_cal_top/u_ddr_cal/U_XSDB_SLAVE/uuid_stamp_reg[86]/C
i_dram_wrapper/i_dram/inst/u_ddr4_mem_intfc/u_ddr_cal_top/u_ddr_cal/U_XSDB_SLAVE/uuid_stamp_reg[87]/C
i_dram_wrapper/i_dram/inst/u_ddr4_mem_intfc/u_ddr_cal_top/u_ddr_cal/U_XSDB_SLAVE/uuid_stamp_reg[88]/C
i_dram_wrapper/i_dram/inst/u_ddr4_mem_intfc/u_ddr_cal_top/u_ddr_cal/U_XSDB_SLAVE/uuid_stamp_reg[89]/C
i_dram_wrapper/i_dram/inst/u_ddr4_mem_intfc/u_ddr_cal_top/u_ddr_cal/U_XSDB_SLAVE/uuid_stamp_reg[8]/C
i_dram_wrapper/i_dram/inst/u_ddr4_mem_intfc/u_ddr_cal_top/u_ddr_cal/U_XSDB_SLAVE/uuid_stamp_reg[90]/C
i_dram_wrapper/i_dram/inst/u_ddr4_mem_intfc/u_ddr_cal_top/u_ddr_cal/U_XSDB_SLAVE/uuid_stamp_reg[91]/C
i_dram_wrapper/i_dram/inst/u_ddr4_mem_intfc/u_ddr_cal_top/u_ddr_cal/U_XSDB_SLAVE/uuid_stamp_reg[92]/C
i_dram_wrapper/i_dram/inst/u_ddr4_mem_intfc/u_ddr_cal_top/u_ddr_cal/U_XSDB_SLAVE/uuid_stamp_reg[93]/C
i_dram_wrapper/i_dram/inst/u_ddr4_mem_intfc/u_ddr_cal_top/u_ddr_cal/U_XSDB_SLAVE/uuid_stamp_reg[94]/C
i_dram_wrapper/i_dram/inst/u_ddr4_mem_intfc/u_ddr_cal_top/u_ddr_cal/U_XSDB_SLAVE/uuid_stamp_reg[95]/C
i_dram_wrapper/i_dram/inst/u_ddr4_mem_intfc/u_ddr_cal_top/u_ddr_cal/U_XSDB_SLAVE/uuid_stamp_reg[96]/C
i_dram_wrapper/i_dram/inst/u_ddr4_mem_intfc/u_ddr_cal_top/u_ddr_cal/U_XSDB_SLAVE/uuid_stamp_reg[97]/C
i_dram_wrapper/i_dram/inst/u_ddr4_mem_intfc/u_ddr_cal_top/u_ddr_cal/U_XSDB_SLAVE/uuid_stamp_reg[98]/C
i_dram_wrapper/i_dram/inst/u_ddr4_mem_intfc/u_ddr_cal_top/u_ddr_cal/U_XSDB_SLAVE/uuid_stamp_reg[99]/C
i_dram_wrapper/i_dram/inst/u_ddr4_mem_intfc/u_ddr_cal_top/u_ddr_cal/U_XSDB_SLAVE/uuid_stamp_reg[9]/C
i_dram_wrapper/i_dram/inst/u_ddr4_mem_intfc/u_ddr_cal_top/u_ddr_cal/u_xsdb_arbiter/slave_addr_r_reg[0]/C
i_dram_wrapper/i_dram/inst/u_ddr4_mem_intfc/u_ddr_cal_top/u_ddr_cal/u_xsdb_arbiter/slave_addr_r_reg[10]/C
i_dram_wrapper/i_dram/inst/u_ddr4_mem_intfc/u_ddr_cal_top/u_ddr_cal/u_xsdb_arbiter/slave_addr_r_reg[11]/C
i_dram_wrapper/i_dram/inst/u_ddr4_mem_intfc/u_ddr_cal_top/u_ddr_cal/u_xsdb_arbiter/slave_addr_r_reg[12]/C
i_dram_wrapper/i_dram/inst/u_ddr4_mem_intfc/u_ddr_cal_top/u_ddr_cal/u_xsdb_arbiter/slave_addr_r_reg[13]/C
i_dram_wrapper/i_dram/inst/u_ddr4_mem_intfc/u_ddr_cal_top/u_ddr_cal/u_xsdb_arbiter/slave_addr_r_reg[14]/C
i_dram_wrapper/i_dram/inst/u_ddr4_mem_intfc/u_ddr_cal_top/u_ddr_cal/u_xsdb_arbiter/slave_addr_r_reg[15]/C
i_dram_wrapper/i_dram/inst/u_ddr4_mem_intfc/u_ddr_cal_top/u_ddr_cal/u_xsdb_arbiter/slave_addr_r_reg[1]/C
i_dram_wrapper/i_dram/inst/u_ddr4_mem_intfc/u_ddr_cal_top/u_ddr_cal/u_xsdb_arbiter/slave_addr_r_reg[2]/C
i_dram_wrapper/i_dram/inst/u_ddr4_mem_intfc/u_ddr_cal_top/u_ddr_cal/u_xsdb_arbiter/slave_addr_r_reg[3]/C
i_dram_wrapper/i_dram/inst/u_ddr4_mem_intfc/u_ddr_cal_top/u_ddr_cal/u_xsdb_arbiter/slave_addr_r_reg[4]/C
i_dram_wrapper/i_dram/inst/u_ddr4_mem_intfc/u_ddr_cal_top/u_ddr_cal/u_xsdb_arbiter/slave_addr_r_reg[5]/C
i_dram_wrapper/i_dram/inst/u_ddr4_mem_intfc/u_ddr_cal_top/u_ddr_cal/u_xsdb_arbiter/slave_addr_r_reg[6]/C
i_dram_wrapper/i_dram/inst/u_ddr4_mem_intfc/u_ddr_cal_top/u_ddr_cal/u_xsdb_arbiter/slave_addr_r_reg[7]/C
i_dram_wrapper/i_dram/inst/u_ddr4_mem_intfc/u_ddr_cal_top/u_ddr_cal/u_xsdb_arbiter/slave_addr_r_reg[8]/C
i_dram_wrapper/i_dram/inst/u_ddr4_mem_intfc/u_ddr_cal_top/u_ddr_cal/u_xsdb_arbiter/slave_addr_r_reg[9]/C
i_dram_wrapper/i_dram/inst/u_ddr4_mem_intfc/u_ddr_cal_top/u_ddr_cal/u_xsdb_arbiter/slave_cmd_en_r_reg/C
i_dram_wrapper/i_dram/inst/u_ddr4_mem_intfc/u_ddr_cal_top/u_ddr_cal/u_xsdb_arbiter/slave_di_r_reg[0]/C
i_dram_wrapper/i_dram/inst/u_ddr4_mem_intfc/u_ddr_cal_top/u_ddr_cal/u_xsdb_arbiter/slave_di_r_reg[1]/C
i_dram_wrapper/i_dram/inst/u_ddr4_mem_intfc/u_ddr_cal_top/u_ddr_cal/u_xsdb_arbiter/slave_di_r_reg[2]/C
i_dram_wrapper/i_dram/inst/u_ddr4_mem_intfc/u_ddr_cal_top/u_ddr_cal/u_xsdb_arbiter/slave_di_r_reg[3]/C
i_dram_wrapper/i_dram/inst/u_ddr4_mem_intfc/u_ddr_cal_top/u_ddr_cal/u_xsdb_arbiter/slave_di_r_reg[4]/C
i_dram_wrapper/i_dram/inst/u_ddr4_mem_intfc/u_ddr_cal_top/u_ddr_cal/u_xsdb_arbiter/slave_di_r_reg[5]/C
i_dram_wrapper/i_dram/inst/u_ddr4_mem_intfc/u_ddr_cal_top/u_ddr_cal/u_xsdb_arbiter/slave_di_r_reg[6]/C
i_dram_wrapper/i_dram/inst/u_ddr4_mem_intfc/u_ddr_cal_top/u_ddr_cal/u_xsdb_arbiter/slave_di_r_reg[7]/C
i_dram_wrapper/i_dram/inst/u_ddr4_mem_intfc/u_ddr_cal_top/u_ddr_cal/u_xsdb_arbiter/slave_di_r_reg[8]/C
i_dram_wrapper/i_dram/inst/u_ddr4_mem_intfc/u_ddr_cal_top/u_ddr_cal/u_xsdb_arbiter/slave_en_lvl_reg/C
i_dram_wrapper/i_dram/inst/u_ddr4_mem_intfc/u_ddr_cal_top/u_ddr_cal/u_xsdb_arbiter/slave_rdy_cptd_sclk_reg/C
i_dram_wrapper/i_dram/inst/u_ddr4_mem_intfc/u_ddr_cal_top/u_ddr_cal/u_xsdb_arbiter/slave_rdy_lvl_sclk_r1_reg/C
i_dram_wrapper/i_dram/inst/u_ddr4_mem_intfc/u_ddr_cal_top/u_ddr_cal/u_xsdb_arbiter/slave_rdy_lvl_sclk_r2_reg/C
i_dram_wrapper/i_dram/inst/u_ddr4_mem_intfc/u_ddr_cal_top/u_ddr_cal/u_xsdb_arbiter/slave_rdy_reg/C
i_dram_wrapper/i_dram/inst/u_ddr4_mem_intfc/u_ddr_cal_top/u_ddr_cal/u_xsdb_arbiter/slave_we_r_reg/C
i_dram_wrapper/i_dram/inst/u_ddr4_mem_intfc/u_ddr_cal_top/u_ddr_cal/u_xsdb_arbiter/u_slave_do_sync/SYNC[0].sync_reg_reg[0]/C
i_dram_wrapper/i_dram/inst/u_ddr4_mem_intfc/u_ddr_cal_top/u_ddr_cal/u_xsdb_arbiter/u_slave_do_sync/SYNC[0].sync_reg_reg[1]/C
i_dram_wrapper/i_dram/inst/u_ddr4_mem_intfc/u_ddr_cal_top/u_ddr_cal/u_xsdb_arbiter/u_slave_do_sync/SYNC[1].sync_reg_reg[0]/C
i_dram_wrapper/i_dram/inst/u_ddr4_mem_intfc/u_ddr_cal_top/u_ddr_cal/u_xsdb_arbiter/u_slave_do_sync/SYNC[1].sync_reg_reg[1]/C
i_dram_wrapper/i_dram/inst/u_ddr4_mem_intfc/u_ddr_cal_top/u_ddr_cal/u_xsdb_arbiter/u_slave_do_sync/SYNC[2].sync_reg_reg[0]/C
i_dram_wrapper/i_dram/inst/u_ddr4_mem_intfc/u_ddr_cal_top/u_ddr_cal/u_xsdb_arbiter/u_slave_do_sync/SYNC[2].sync_reg_reg[1]/C
i_dram_wrapper/i_dram/inst/u_ddr4_mem_intfc/u_ddr_cal_top/u_ddr_cal/u_xsdb_arbiter/u_slave_do_sync/SYNC[3].sync_reg_reg[0]/C
i_dram_wrapper/i_dram/inst/u_ddr4_mem_intfc/u_ddr_cal_top/u_ddr_cal/u_xsdb_arbiter/u_slave_do_sync/SYNC[3].sync_reg_reg[1]/C
i_dram_wrapper/i_dram/inst/u_ddr4_mem_intfc/u_ddr_cal_top/u_ddr_cal/u_xsdb_arbiter/u_slave_do_sync/SYNC[4].sync_reg_reg[0]/C
i_dram_wrapper/i_dram/inst/u_ddr4_mem_intfc/u_ddr_cal_top/u_ddr_cal/u_xsdb_arbiter/u_slave_do_sync/SYNC[4].sync_reg_reg[1]/C
i_dram_wrapper/i_dram/inst/u_ddr4_mem_intfc/u_ddr_cal_top/u_ddr_cal/u_xsdb_arbiter/u_slave_do_sync/SYNC[5].sync_reg_reg[0]/C
i_dram_wrapper/i_dram/inst/u_ddr4_mem_intfc/u_ddr_cal_top/u_ddr_cal/u_xsdb_arbiter/u_slave_do_sync/SYNC[5].sync_reg_reg[1]/C
i_dram_wrapper/i_dram/inst/u_ddr4_mem_intfc/u_ddr_cal_top/u_ddr_cal/u_xsdb_arbiter/u_slave_do_sync/SYNC[6].sync_reg_reg[0]/C
i_dram_wrapper/i_dram/inst/u_ddr4_mem_intfc/u_ddr_cal_top/u_ddr_cal/u_xsdb_arbiter/u_slave_do_sync/SYNC[6].sync_reg_reg[1]/C
i_dram_wrapper/i_dram/inst/u_ddr4_mem_intfc/u_ddr_cal_top/u_ddr_cal/u_xsdb_arbiter/u_slave_do_sync/SYNC[7].sync_reg_reg[0]/C
i_dram_wrapper/i_dram/inst/u_ddr4_mem_intfc/u_ddr_cal_top/u_ddr_cal/u_xsdb_arbiter/u_slave_do_sync/SYNC[7].sync_reg_reg[1]/C
i_dram_wrapper/i_dram/inst/u_ddr4_mem_intfc/u_ddr_cal_top/u_ddr_cal/u_xsdb_arbiter/u_slave_do_sync/SYNC[8].sync_reg_reg[0]/C
i_dram_wrapper/i_dram/inst/u_ddr4_mem_intfc/u_ddr_cal_top/u_ddr_cal/u_xsdb_arbiter/u_slave_do_sync/SYNC[8].sync_reg_reg[1]/C
i_dram_wrapper/i_dram/inst/u_ddr4_mem_intfc/u_ddr_cal_top/u_ddr_cal/u_xsdb_arbiter/u_slave_rdy_sync/SYNC[0].sync_reg_reg[0]/C
i_dram_wrapper/i_dram/inst/u_ddr4_mem_intfc/u_ddr_cal_top/u_ddr_cal/u_xsdb_arbiter/u_slave_rdy_sync/SYNC[0].sync_reg_reg[1]/C

 There are 268 register/latch pins with no clock driven by root clock pin: dbg_hub/sl_iport1_o[1] (HIGH)

i_vio/inst/DECODER_INST/Bus_data_out_reg[0]/C
i_vio/inst/DECODER_INST/Bus_data_out_reg[10]/C
i_vio/inst/DECODER_INST/Bus_data_out_reg[11]/C
i_vio/inst/DECODER_INST/Bus_data_out_reg[12]/C
i_vio/inst/DECODER_INST/Bus_data_out_reg[13]/C
i_vio/inst/DECODER_INST/Bus_data_out_reg[14]/C
i_vio/inst/DECODER_INST/Bus_data_out_reg[15]/C
i_vio/inst/DECODER_INST/Bus_data_out_reg[1]/C
i_vio/inst/DECODER_INST/Bus_data_out_reg[2]/C
i_vio/inst/DECODER_INST/Bus_data_out_reg[3]/C
i_vio/inst/DECODER_INST/Bus_data_out_reg[4]/C
i_vio/inst/DECODER_INST/Bus_data_out_reg[5]/C
i_vio/inst/DECODER_INST/Bus_data_out_reg[6]/C
i_vio/inst/DECODER_INST/Bus_data_out_reg[7]/C
i_vio/inst/DECODER_INST/Bus_data_out_reg[8]/C
i_vio/inst/DECODER_INST/Bus_data_out_reg[9]/C
i_vio/inst/DECODER_INST/Hold_probe_in_reg/C
i_vio/inst/DECODER_INST/clear_int_reg/C
i_vio/inst/DECODER_INST/committ_int_reg/C
i_vio/inst/DECODER_INST/int_cnt_rst_reg/C
i_vio/inst/DECODER_INST/probe_out_modified_reg[0]/C
i_vio/inst/DECODER_INST/probe_out_modified_reg[10]/C
i_vio/inst/DECODER_INST/probe_out_modified_reg[11]/C
i_vio/inst/DECODER_INST/probe_out_modified_reg[12]/C
i_vio/inst/DECODER_INST/probe_out_modified_reg[13]/C
i_vio/inst/DECODER_INST/probe_out_modified_reg[14]/C
i_vio/inst/DECODER_INST/probe_out_modified_reg[15]/C
i_vio/inst/DECODER_INST/probe_out_modified_reg[1]/C
i_vio/inst/DECODER_INST/probe_out_modified_reg[2]/C
i_vio/inst/DECODER_INST/probe_out_modified_reg[3]/C
i_vio/inst/DECODER_INST/probe_out_modified_reg[4]/C
i_vio/inst/DECODER_INST/probe_out_modified_reg[5]/C
i_vio/inst/DECODER_INST/probe_out_modified_reg[6]/C
i_vio/inst/DECODER_INST/probe_out_modified_reg[7]/C
i_vio/inst/DECODER_INST/probe_out_modified_reg[8]/C
i_vio/inst/DECODER_INST/probe_out_modified_reg[9]/C
i_vio/inst/DECODER_INST/rd_en_p1_reg/C
i_vio/inst/DECODER_INST/rd_en_p2_reg/C
i_vio/inst/DECODER_INST/rd_en_reg[6]/C
i_vio/inst/DECODER_INST/wr_en_reg[2]/C
i_vio/inst/DECODER_INST/wr_en_reg[4]/C
i_vio/inst/DECODER_INST/xsdb_addr_2_0_p1_reg[0]/C
i_vio/inst/DECODER_INST/xsdb_addr_2_0_p1_reg[1]/C
i_vio/inst/DECODER_INST/xsdb_addr_2_0_p1_reg[2]/C
i_vio/inst/DECODER_INST/xsdb_addr_2_0_p2_reg[0]/C
i_vio/inst/DECODER_INST/xsdb_addr_2_0_p2_reg[1]/C
i_vio/inst/DECODER_INST/xsdb_addr_2_0_p2_reg[2]/C
i_vio/inst/DECODER_INST/xsdb_addr_8_p1_reg/C
i_vio/inst/DECODER_INST/xsdb_addr_8_p2_reg/C
i_vio/inst/DECODER_INST/xsdb_drdy_reg/C
i_vio/inst/PROBE_IN_INST/Bus_Data_out_reg[0]/C
i_vio/inst/PROBE_IN_INST/Bus_Data_out_reg[10]/C
i_vio/inst/PROBE_IN_INST/Bus_Data_out_reg[11]/C
i_vio/inst/PROBE_IN_INST/Bus_Data_out_reg[1]/C
i_vio/inst/PROBE_IN_INST/Bus_Data_out_reg[2]/C
i_vio/inst/PROBE_IN_INST/Bus_Data_out_reg[3]/C
i_vio/inst/PROBE_IN_INST/Bus_Data_out_reg[4]/C
i_vio/inst/PROBE_IN_INST/Bus_Data_out_reg[5]/C
i_vio/inst/PROBE_IN_INST/Bus_Data_out_reg[6]/C
i_vio/inst/PROBE_IN_INST/Bus_Data_out_reg[7]/C
i_vio/inst/PROBE_IN_INST/Bus_Data_out_reg[8]/C
i_vio/inst/PROBE_IN_INST/Bus_Data_out_reg[9]/C
i_vio/inst/PROBE_IN_INST/Read_int_reg/C
i_vio/inst/PROBE_IN_INST/data_int_sync1_reg[0]/C
i_vio/inst/PROBE_IN_INST/data_int_sync1_reg[1]/C
i_vio/inst/PROBE_IN_INST/data_int_sync1_reg[2]/C
i_vio/inst/PROBE_IN_INST/data_int_sync1_reg[3]/C
i_vio/inst/PROBE_IN_INST/data_int_sync2_reg[0]/C
i_vio/inst/PROBE_IN_INST/data_int_sync2_reg[1]/C
i_vio/inst/PROBE_IN_INST/data_int_sync2_reg[2]/C
i_vio/inst/PROBE_IN_INST/data_int_sync2_reg[3]/C
i_vio/inst/PROBE_IN_INST/dn_activity_reg[0]/C
i_vio/inst/PROBE_IN_INST/dn_activity_reg[1]/C
i_vio/inst/PROBE_IN_INST/dn_activity_reg[2]/C
i_vio/inst/PROBE_IN_INST/dn_activity_reg[3]/C
i_vio/inst/PROBE_IN_INST/read_done_reg/C
i_vio/inst/PROBE_IN_INST/up_activity_reg[0]/C
i_vio/inst/PROBE_IN_INST/up_activity_reg[1]/C
i_vio/inst/PROBE_IN_INST/up_activity_reg[2]/C
i_vio/inst/PROBE_IN_INST/up_activity_reg[3]/C
i_vio/inst/PROBE_OUT_ALL_INST/G_PROBE_OUT[0].PROBE_OUT0_INST/data_int_reg[0]/C
i_vio/inst/PROBE_OUT_ALL_INST/G_PROBE_OUT[0].wr_probe_out_reg[0]/C
i_vio/inst/PROBE_OUT_ALL_INST/G_PROBE_OUT[1].PROBE_OUT0_INST/data_int_reg[0]/C
i_vio/inst/PROBE_OUT_ALL_INST/G_PROBE_OUT[1].PROBE_OUT0_INST/data_int_reg[1]/C
i_vio/inst/PROBE_OUT_ALL_INST/G_PROBE_OUT[1].wr_probe_out_reg[1]/C
i_vio/inst/PROBE_OUT_ALL_INST/G_PROBE_OUT[2].PROBE_OUT0_INST/data_int_reg[0]/C
i_vio/inst/PROBE_OUT_ALL_INST/G_PROBE_OUT[2].wr_probe_out_reg[2]/C
i_vio/inst/PROBE_OUT_ALL_INST/Probe_out_reg_int_reg[0]/C
i_vio/inst/PROBE_OUT_ALL_INST/Probe_out_reg_int_reg[1]/C
i_vio/inst/PROBE_OUT_WIDTH_INST/addr_count_reg[0]/C
i_vio/inst/PROBE_OUT_WIDTH_INST/probe_width_int_reg[8]/C
i_vio/inst/U_XSDB_SLAVE/reg_do_reg[0]/C
i_vio/inst/U_XSDB_SLAVE/reg_do_reg[10]/C
i_vio/inst/U_XSDB_SLAVE/reg_do_reg[11]/C
i_vio/inst/U_XSDB_SLAVE/reg_do_reg[12]/C
i_vio/inst/U_XSDB_SLAVE/reg_do_reg[13]/C
i_vio/inst/U_XSDB_SLAVE/reg_do_reg[14]/C
i_vio/inst/U_XSDB_SLAVE/reg_do_reg[15]/C
i_vio/inst/U_XSDB_SLAVE/reg_do_reg[1]/C
i_vio/inst/U_XSDB_SLAVE/reg_do_reg[2]/C
i_vio/inst/U_XSDB_SLAVE/reg_do_reg[3]/C
i_vio/inst/U_XSDB_SLAVE/reg_do_reg[4]/C
i_vio/inst/U_XSDB_SLAVE/reg_do_reg[5]/C
i_vio/inst/U_XSDB_SLAVE/reg_do_reg[6]/C
i_vio/inst/U_XSDB_SLAVE/reg_do_reg[7]/C
i_vio/inst/U_XSDB_SLAVE/reg_do_reg[8]/C
i_vio/inst/U_XSDB_SLAVE/reg_do_reg[9]/C
i_vio/inst/U_XSDB_SLAVE/reg_drdy_reg/C
i_vio/inst/U_XSDB_SLAVE/reg_test_reg[0]/C
i_vio/inst/U_XSDB_SLAVE/reg_test_reg[10]/C
i_vio/inst/U_XSDB_SLAVE/reg_test_reg[11]/C
i_vio/inst/U_XSDB_SLAVE/reg_test_reg[12]/C
i_vio/inst/U_XSDB_SLAVE/reg_test_reg[13]/C
i_vio/inst/U_XSDB_SLAVE/reg_test_reg[14]/C
i_vio/inst/U_XSDB_SLAVE/reg_test_reg[15]/C
i_vio/inst/U_XSDB_SLAVE/reg_test_reg[1]/C
i_vio/inst/U_XSDB_SLAVE/reg_test_reg[2]/C
i_vio/inst/U_XSDB_SLAVE/reg_test_reg[3]/C
i_vio/inst/U_XSDB_SLAVE/reg_test_reg[4]/C
i_vio/inst/U_XSDB_SLAVE/reg_test_reg[5]/C
i_vio/inst/U_XSDB_SLAVE/reg_test_reg[6]/C
i_vio/inst/U_XSDB_SLAVE/reg_test_reg[7]/C
i_vio/inst/U_XSDB_SLAVE/reg_test_reg[8]/C
i_vio/inst/U_XSDB_SLAVE/reg_test_reg[9]/C
i_vio/inst/U_XSDB_SLAVE/uuid_stamp_reg[0]/C
i_vio/inst/U_XSDB_SLAVE/uuid_stamp_reg[100]/C
i_vio/inst/U_XSDB_SLAVE/uuid_stamp_reg[101]/C
i_vio/inst/U_XSDB_SLAVE/uuid_stamp_reg[102]/C
i_vio/inst/U_XSDB_SLAVE/uuid_stamp_reg[103]/C
i_vio/inst/U_XSDB_SLAVE/uuid_stamp_reg[104]/C
i_vio/inst/U_XSDB_SLAVE/uuid_stamp_reg[105]/C
i_vio/inst/U_XSDB_SLAVE/uuid_stamp_reg[106]/C
i_vio/inst/U_XSDB_SLAVE/uuid_stamp_reg[107]/C
i_vio/inst/U_XSDB_SLAVE/uuid_stamp_reg[108]/C
i_vio/inst/U_XSDB_SLAVE/uuid_stamp_reg[109]/C
i_vio/inst/U_XSDB_SLAVE/uuid_stamp_reg[10]/C
i_vio/inst/U_XSDB_SLAVE/uuid_stamp_reg[110]/C
i_vio/inst/U_XSDB_SLAVE/uuid_stamp_reg[111]/C
i_vio/inst/U_XSDB_SLAVE/uuid_stamp_reg[112]/C
i_vio/inst/U_XSDB_SLAVE/uuid_stamp_reg[113]/C
i_vio/inst/U_XSDB_SLAVE/uuid_stamp_reg[114]/C
i_vio/inst/U_XSDB_SLAVE/uuid_stamp_reg[115]/C
i_vio/inst/U_XSDB_SLAVE/uuid_stamp_reg[116]/C
i_vio/inst/U_XSDB_SLAVE/uuid_stamp_reg[117]/C
i_vio/inst/U_XSDB_SLAVE/uuid_stamp_reg[118]/C
i_vio/inst/U_XSDB_SLAVE/uuid_stamp_reg[119]/C
i_vio/inst/U_XSDB_SLAVE/uuid_stamp_reg[11]/C
i_vio/inst/U_XSDB_SLAVE/uuid_stamp_reg[120]/C
i_vio/inst/U_XSDB_SLAVE/uuid_stamp_reg[121]/C
i_vio/inst/U_XSDB_SLAVE/uuid_stamp_reg[122]/C
i_vio/inst/U_XSDB_SLAVE/uuid_stamp_reg[123]/C
i_vio/inst/U_XSDB_SLAVE/uuid_stamp_reg[124]/C
i_vio/inst/U_XSDB_SLAVE/uuid_stamp_reg[125]/C
i_vio/inst/U_XSDB_SLAVE/uuid_stamp_reg[126]/C
i_vio/inst/U_XSDB_SLAVE/uuid_stamp_reg[127]/C
i_vio/inst/U_XSDB_SLAVE/uuid_stamp_reg[12]/C
i_vio/inst/U_XSDB_SLAVE/uuid_stamp_reg[13]/C
i_vio/inst/U_XSDB_SLAVE/uuid_stamp_reg[14]/C
i_vio/inst/U_XSDB_SLAVE/uuid_stamp_reg[15]/C
i_vio/inst/U_XSDB_SLAVE/uuid_stamp_reg[16]/C
i_vio/inst/U_XSDB_SLAVE/uuid_stamp_reg[17]/C
i_vio/inst/U_XSDB_SLAVE/uuid_stamp_reg[18]/C
i_vio/inst/U_XSDB_SLAVE/uuid_stamp_reg[19]/C
i_vio/inst/U_XSDB_SLAVE/uuid_stamp_reg[1]/C
i_vio/inst/U_XSDB_SLAVE/uuid_stamp_reg[20]/C
i_vio/inst/U_XSDB_SLAVE/uuid_stamp_reg[21]/C
i_vio/inst/U_XSDB_SLAVE/uuid_stamp_reg[22]/C
i_vio/inst/U_XSDB_SLAVE/uuid_stamp_reg[23]/C
i_vio/inst/U_XSDB_SLAVE/uuid_stamp_reg[24]/C
i_vio/inst/U_XSDB_SLAVE/uuid_stamp_reg[25]/C
i_vio/inst/U_XSDB_SLAVE/uuid_stamp_reg[26]/C
i_vio/inst/U_XSDB_SLAVE/uuid_stamp_reg[27]/C
i_vio/inst/U_XSDB_SLAVE/uuid_stamp_reg[28]/C
i_vio/inst/U_XSDB_SLAVE/uuid_stamp_reg[29]/C
i_vio/inst/U_XSDB_SLAVE/uuid_stamp_reg[2]/C
i_vio/inst/U_XSDB_SLAVE/uuid_stamp_reg[30]/C
i_vio/inst/U_XSDB_SLAVE/uuid_stamp_reg[31]/C
i_vio/inst/U_XSDB_SLAVE/uuid_stamp_reg[32]/C
i_vio/inst/U_XSDB_SLAVE/uuid_stamp_reg[33]/C
i_vio/inst/U_XSDB_SLAVE/uuid_stamp_reg[34]/C
i_vio/inst/U_XSDB_SLAVE/uuid_stamp_reg[35]/C
i_vio/inst/U_XSDB_SLAVE/uuid_stamp_reg[36]/C
i_vio/inst/U_XSDB_SLAVE/uuid_stamp_reg[37]/C
i_vio/inst/U_XSDB_SLAVE/uuid_stamp_reg[38]/C
i_vio/inst/U_XSDB_SLAVE/uuid_stamp_reg[39]/C
i_vio/inst/U_XSDB_SLAVE/uuid_stamp_reg[3]/C
i_vio/inst/U_XSDB_SLAVE/uuid_stamp_reg[40]/C
i_vio/inst/U_XSDB_SLAVE/uuid_stamp_reg[41]/C
i_vio/inst/U_XSDB_SLAVE/uuid_stamp_reg[42]/C
i_vio/inst/U_XSDB_SLAVE/uuid_stamp_reg[43]/C
i_vio/inst/U_XSDB_SLAVE/uuid_stamp_reg[44]/C
i_vio/inst/U_XSDB_SLAVE/uuid_stamp_reg[45]/C
i_vio/inst/U_XSDB_SLAVE/uuid_stamp_reg[46]/C
i_vio/inst/U_XSDB_SLAVE/uuid_stamp_reg[47]/C
i_vio/inst/U_XSDB_SLAVE/uuid_stamp_reg[48]/C
i_vio/inst/U_XSDB_SLAVE/uuid_stamp_reg[49]/C
i_vio/inst/U_XSDB_SLAVE/uuid_stamp_reg[4]/C
i_vio/inst/U_XSDB_SLAVE/uuid_stamp_reg[50]/C
i_vio/inst/U_XSDB_SLAVE/uuid_stamp_reg[51]/C
i_vio/inst/U_XSDB_SLAVE/uuid_stamp_reg[52]/C
i_vio/inst/U_XSDB_SLAVE/uuid_stamp_reg[53]/C
i_vio/inst/U_XSDB_SLAVE/uuid_stamp_reg[54]/C
i_vio/inst/U_XSDB_SLAVE/uuid_stamp_reg[55]/C
i_vio/inst/U_XSDB_SLAVE/uuid_stamp_reg[56]/C
i_vio/inst/U_XSDB_SLAVE/uuid_stamp_reg[57]/C
i_vio/inst/U_XSDB_SLAVE/uuid_stamp_reg[58]/C
i_vio/inst/U_XSDB_SLAVE/uuid_stamp_reg[59]/C
i_vio/inst/U_XSDB_SLAVE/uuid_stamp_reg[5]/C
i_vio/inst/U_XSDB_SLAVE/uuid_stamp_reg[60]/C
i_vio/inst/U_XSDB_SLAVE/uuid_stamp_reg[61]/C
i_vio/inst/U_XSDB_SLAVE/uuid_stamp_reg[62]/C
i_vio/inst/U_XSDB_SLAVE/uuid_stamp_reg[63]/C
i_vio/inst/U_XSDB_SLAVE/uuid_stamp_reg[64]/C
i_vio/inst/U_XSDB_SLAVE/uuid_stamp_reg[65]/C
i_vio/inst/U_XSDB_SLAVE/uuid_stamp_reg[66]/C
i_vio/inst/U_XSDB_SLAVE/uuid_stamp_reg[67]/C
i_vio/inst/U_XSDB_SLAVE/uuid_stamp_reg[68]/C
i_vio/inst/U_XSDB_SLAVE/uuid_stamp_reg[69]/C
i_vio/inst/U_XSDB_SLAVE/uuid_stamp_reg[6]/C
i_vio/inst/U_XSDB_SLAVE/uuid_stamp_reg[70]/C
i_vio/inst/U_XSDB_SLAVE/uuid_stamp_reg[71]/C
i_vio/inst/U_XSDB_SLAVE/uuid_stamp_reg[72]/C
i_vio/inst/U_XSDB_SLAVE/uuid_stamp_reg[73]/C
i_vio/inst/U_XSDB_SLAVE/uuid_stamp_reg[74]/C
i_vio/inst/U_XSDB_SLAVE/uuid_stamp_reg[75]/C
i_vio/inst/U_XSDB_SLAVE/uuid_stamp_reg[76]/C
i_vio/inst/U_XSDB_SLAVE/uuid_stamp_reg[77]/C
i_vio/inst/U_XSDB_SLAVE/uuid_stamp_reg[78]/C
i_vio/inst/U_XSDB_SLAVE/uuid_stamp_reg[79]/C
i_vio/inst/U_XSDB_SLAVE/uuid_stamp_reg[7]/C
i_vio/inst/U_XSDB_SLAVE/uuid_stamp_reg[80]/C
i_vio/inst/U_XSDB_SLAVE/uuid_stamp_reg[81]/C
i_vio/inst/U_XSDB_SLAVE/uuid_stamp_reg[82]/C
i_vio/inst/U_XSDB_SLAVE/uuid_stamp_reg[83]/C
i_vio/inst/U_XSDB_SLAVE/uuid_stamp_reg[84]/C
i_vio/inst/U_XSDB_SLAVE/uuid_stamp_reg[85]/C
i_vio/inst/U_XSDB_SLAVE/uuid_stamp_reg[86]/C
i_vio/inst/U_XSDB_SLAVE/uuid_stamp_reg[87]/C
i_vio/inst/U_XSDB_SLAVE/uuid_stamp_reg[88]/C
i_vio/inst/U_XSDB_SLAVE/uuid_stamp_reg[89]/C
i_vio/inst/U_XSDB_SLAVE/uuid_stamp_reg[8]/C
i_vio/inst/U_XSDB_SLAVE/uuid_stamp_reg[90]/C
i_vio/inst/U_XSDB_SLAVE/uuid_stamp_reg[91]/C
i_vio/inst/U_XSDB_SLAVE/uuid_stamp_reg[92]/C
i_vio/inst/U_XSDB_SLAVE/uuid_stamp_reg[93]/C
i_vio/inst/U_XSDB_SLAVE/uuid_stamp_reg[94]/C
i_vio/inst/U_XSDB_SLAVE/uuid_stamp_reg[95]/C
i_vio/inst/U_XSDB_SLAVE/uuid_stamp_reg[96]/C
i_vio/inst/U_XSDB_SLAVE/uuid_stamp_reg[97]/C
i_vio/inst/U_XSDB_SLAVE/uuid_stamp_reg[98]/C
i_vio/inst/U_XSDB_SLAVE/uuid_stamp_reg[99]/C
i_vio/inst/U_XSDB_SLAVE/uuid_stamp_reg[9]/C
i_vio/inst/bus_data_int_reg[0]/C
i_vio/inst/bus_data_int_reg[10]/C
i_vio/inst/bus_data_int_reg[11]/C
i_vio/inst/bus_data_int_reg[12]/C
i_vio/inst/bus_data_int_reg[13]/C
i_vio/inst/bus_data_int_reg[14]/C
i_vio/inst/bus_data_int_reg[15]/C
i_vio/inst/bus_data_int_reg[1]/C
i_vio/inst/bus_data_int_reg[2]/C
i_vio/inst/bus_data_int_reg[3]/C
i_vio/inst/bus_data_int_reg[4]/C
i_vio/inst/bus_data_int_reg[5]/C
i_vio/inst/bus_data_int_reg[6]/C
i_vio/inst/bus_data_int_reg[7]/C
i_vio/inst/bus_data_int_reg[8]/C
i_vio/inst/bus_data_int_reg[9]/C


2. checking constant_clock (0)
------------------------------
 There are 0 register/latch pins with constant_clock.


3. checking pulse_width_clock (0)
---------------------------------
 There are 0 register/latch pins which need pulse_width check


4. checking unconstrained_internal_endpoints (607)
--------------------------------------------------
 There are 607 pins that are not constrained for maximum delay. (HIGH)

i_dram_wrapper/i_dram/inst/u_ddr4_mem_intfc/u_ddr_cal_top/u_ddr_cal/U_XSDB_SLAVE/G_1PIPE_IFACE.s_daddr_r_reg[0]/D
i_dram_wrapper/i_dram/inst/u_ddr4_mem_intfc/u_ddr_cal_top/u_ddr_cal/U_XSDB_SLAVE/G_1PIPE_IFACE.s_daddr_r_reg[10]/D
i_dram_wrapper/i_dram/inst/u_ddr4_mem_intfc/u_ddr_cal_top/u_ddr_cal/U_XSDB_SLAVE/G_1PIPE_IFACE.s_daddr_r_reg[11]/D
i_dram_wrapper/i_dram/inst/u_ddr4_mem_intfc/u_ddr_cal_top/u_ddr_cal/U_XSDB_SLAVE/G_1PIPE_IFACE.s_daddr_r_reg[12]/D
i_dram_wrapper/i_dram/inst/u_ddr4_mem_intfc/u_ddr_cal_top/u_ddr_cal/U_XSDB_SLAVE/G_1PIPE_IFACE.s_daddr_r_reg[13]/D
i_dram_wrapper/i_dram/inst/u_ddr4_mem_intfc/u_ddr_cal_top/u_ddr_cal/U_XSDB_SLAVE/G_1PIPE_IFACE.s_daddr_r_reg[14]/D
i_dram_wrapper/i_dram/inst/u_ddr4_mem_intfc/u_ddr_cal_top/u_ddr_cal/U_XSDB_SLAVE/G_1PIPE_IFACE.s_daddr_r_reg[15]/D
i_dram_wrapper/i_dram/inst/u_ddr4_mem_intfc/u_ddr_cal_top/u_ddr_cal/U_XSDB_SLAVE/G_1PIPE_IFACE.s_daddr_r_reg[16]/D
i_dram_wrapper/i_dram/inst/u_ddr4_mem_intfc/u_ddr_cal_top/u_ddr_cal/U_XSDB_SLAVE/G_1PIPE_IFACE.s_daddr_r_reg[1]/D
i_dram_wrapper/i_dram/inst/u_ddr4_mem_intfc/u_ddr_cal_top/u_ddr_cal/U_XSDB_SLAVE/G_1PIPE_IFACE.s_daddr_r_reg[2]/D
i_dram_wrapper/i_dram/inst/u_ddr4_mem_intfc/u_ddr_cal_top/u_ddr_cal/U_XSDB_SLAVE/G_1PIPE_IFACE.s_daddr_r_reg[3]/D
i_dram_wrapper/i_dram/inst/u_ddr4_mem_intfc/u_ddr_cal_top/u_ddr_cal/U_XSDB_SLAVE/G_1PIPE_IFACE.s_daddr_r_reg[4]/D
i_dram_wrapper/i_dram/inst/u_ddr4_mem_intfc/u_ddr_cal_top/u_ddr_cal/U_XSDB_SLAVE/G_1PIPE_IFACE.s_daddr_r_reg[5]/D
i_dram_wrapper/i_dram/inst/u_ddr4_mem_intfc/u_ddr_cal_top/u_ddr_cal/U_XSDB_SLAVE/G_1PIPE_IFACE.s_daddr_r_reg[6]/D
i_dram_wrapper/i_dram/inst/u_ddr4_mem_intfc/u_ddr_cal_top/u_ddr_cal/U_XSDB_SLAVE/G_1PIPE_IFACE.s_daddr_r_reg[7]/D
i_dram_wrapper/i_dram/inst/u_ddr4_mem_intfc/u_ddr_cal_top/u_ddr_cal/U_XSDB_SLAVE/G_1PIPE_IFACE.s_daddr_r_reg[8]/D
i_dram_wrapper/i_dram/inst/u_ddr4_mem_intfc/u_ddr_cal_top/u_ddr_cal/U_XSDB_SLAVE/G_1PIPE_IFACE.s_daddr_r_reg[9]/D
i_dram_wrapper/i_dram/inst/u_ddr4_mem_intfc/u_ddr_cal_top/u_ddr_cal/U_XSDB_SLAVE/G_1PIPE_IFACE.s_den_r_reg/D
i_dram_wrapper/i_dram/inst/u_ddr4_mem_intfc/u_ddr_cal_top/u_ddr_cal/U_XSDB_SLAVE/G_1PIPE_IFACE.s_den_r_reg/R
i_dram_wrapper/i_dram/inst/u_ddr4_mem_intfc/u_ddr_cal_top/u_ddr_cal/U_XSDB_SLAVE/G_1PIPE_IFACE.s_di_r_reg[0]/D
i_dram_wrapper/i_dram/inst/u_ddr4_mem_intfc/u_ddr_cal_top/u_ddr_cal/U_XSDB_SLAVE/G_1PIPE_IFACE.s_di_r_reg[10]/D
i_dram_wrapper/i_dram/inst/u_ddr4_mem_intfc/u_ddr_cal_top/u_ddr_cal/U_XSDB_SLAVE/G_1PIPE_IFACE.s_di_r_reg[11]/D
i_dram_wrapper/i_dram/inst/u_ddr4_mem_intfc/u_ddr_cal_top/u_ddr_cal/U_XSDB_SLAVE/G_1PIPE_IFACE.s_di_r_reg[12]/D
i_dram_wrapper/i_dram/inst/u_ddr4_mem_intfc/u_ddr_cal_top/u_ddr_cal/U_XSDB_SLAVE/G_1PIPE_IFACE.s_di_r_reg[13]/D
i_dram_wrapper/i_dram/inst/u_ddr4_mem_intfc/u_ddr_cal_top/u_ddr_cal/U_XSDB_SLAVE/G_1PIPE_IFACE.s_di_r_reg[14]/D
i_dram_wrapper/i_dram/inst/u_ddr4_mem_intfc/u_ddr_cal_top/u_ddr_cal/U_XSDB_SLAVE/G_1PIPE_IFACE.s_di_r_reg[15]/D
i_dram_wrapper/i_dram/inst/u_ddr4_mem_intfc/u_ddr_cal_top/u_ddr_cal/U_XSDB_SLAVE/G_1PIPE_IFACE.s_di_r_reg[1]/D
i_dram_wrapper/i_dram/inst/u_ddr4_mem_intfc/u_ddr_cal_top/u_ddr_cal/U_XSDB_SLAVE/G_1PIPE_IFACE.s_di_r_reg[2]/D
i_dram_wrapper/i_dram/inst/u_ddr4_mem_intfc/u_ddr_cal_top/u_ddr_cal/U_XSDB_SLAVE/G_1PIPE_IFACE.s_di_r_reg[3]/D
i_dram_wrapper/i_dram/inst/u_ddr4_mem_intfc/u_ddr_cal_top/u_ddr_cal/U_XSDB_SLAVE/G_1PIPE_IFACE.s_di_r_reg[4]/D
i_dram_wrapper/i_dram/inst/u_ddr4_mem_intfc/u_ddr_cal_top/u_ddr_cal/U_XSDB_SLAVE/G_1PIPE_IFACE.s_di_r_reg[5]/D
i_dram_wrapper/i_dram/inst/u_ddr4_mem_intfc/u_ddr_cal_top/u_ddr_cal/U_XSDB_SLAVE/G_1PIPE_IFACE.s_di_r_reg[6]/D
i_dram_wrapper/i_dram/inst/u_ddr4_mem_intfc/u_ddr_cal_top/u_ddr_cal/U_XSDB_SLAVE/G_1PIPE_IFACE.s_di_r_reg[7]/D
i_dram_wrapper/i_dram/inst/u_ddr4_mem_intfc/u_ddr_cal_top/u_ddr_cal/U_XSDB_SLAVE/G_1PIPE_IFACE.s_di_r_reg[8]/D
i_dram_wrapper/i_dram/inst/u_ddr4_mem_intfc/u_ddr_cal_top/u_ddr_cal/U_XSDB_SLAVE/G_1PIPE_IFACE.s_di_r_reg[9]/D
i_dram_wrapper/i_dram/inst/u_ddr4_mem_intfc/u_ddr_cal_top/u_ddr_cal/U_XSDB_SLAVE/G_1PIPE_IFACE.s_do_r_reg[0]/D
i_dram_wrapper/i_dram/inst/u_ddr4_mem_intfc/u_ddr_cal_top/u_ddr_cal/U_XSDB_SLAVE/G_1PIPE_IFACE.s_do_r_reg[10]/D
i_dram_wrapper/i_dram/inst/u_ddr4_mem_intfc/u_ddr_cal_top/u_ddr_cal/U_XSDB_SLAVE/G_1PIPE_IFACE.s_do_r_reg[11]/D
i_dram_wrapper/i_dram/inst/u_ddr4_mem_intfc/u_ddr_cal_top/u_ddr_cal/U_XSDB_SLAVE/G_1PIPE_IFACE.s_do_r_reg[12]/D
i_dram_wrapper/i_dram/inst/u_ddr4_mem_intfc/u_ddr_cal_top/u_ddr_cal/U_XSDB_SLAVE/G_1PIPE_IFACE.s_do_r_reg[13]/D
i_dram_wrapper/i_dram/inst/u_ddr4_mem_intfc/u_ddr_cal_top/u_ddr_cal/U_XSDB_SLAVE/G_1PIPE_IFACE.s_do_r_reg[14]/D
i_dram_wrapper/i_dram/inst/u_ddr4_mem_intfc/u_ddr_cal_top/u_ddr_cal/U_XSDB_SLAVE/G_1PIPE_IFACE.s_do_r_reg[15]/D
i_dram_wrapper/i_dram/inst/u_ddr4_mem_intfc/u_ddr_cal_top/u_ddr_cal/U_XSDB_SLAVE/G_1PIPE_IFACE.s_do_r_reg[1]/D
i_dram_wrapper/i_dram/inst/u_ddr4_mem_intfc/u_ddr_cal_top/u_ddr_cal/U_XSDB_SLAVE/G_1PIPE_IFACE.s_do_r_reg[2]/D
i_dram_wrapper/i_dram/inst/u_ddr4_mem_intfc/u_ddr_cal_top/u_ddr_cal/U_XSDB_SLAVE/G_1PIPE_IFACE.s_do_r_reg[3]/D
i_dram_wrapper/i_dram/inst/u_ddr4_mem_intfc/u_ddr_cal_top/u_ddr_cal/U_XSDB_SLAVE/G_1PIPE_IFACE.s_do_r_reg[4]/D
i_dram_wrapper/i_dram/inst/u_ddr4_mem_intfc/u_ddr_cal_top/u_ddr_cal/U_XSDB_SLAVE/G_1PIPE_IFACE.s_do_r_reg[5]/D
i_dram_wrapper/i_dram/inst/u_ddr4_mem_intfc/u_ddr_cal_top/u_ddr_cal/U_XSDB_SLAVE/G_1PIPE_IFACE.s_do_r_reg[6]/D
i_dram_wrapper/i_dram/inst/u_ddr4_mem_intfc/u_ddr_cal_top/u_ddr_cal/U_XSDB_SLAVE/G_1PIPE_IFACE.s_do_r_reg[7]/D
i_dram_wrapper/i_dram/inst/u_ddr4_mem_intfc/u_ddr_cal_top/u_ddr_cal/U_XSDB_SLAVE/G_1PIPE_IFACE.s_do_r_reg[8]/D
i_dram_wrapper/i_dram/inst/u_ddr4_mem_intfc/u_ddr_cal_top/u_ddr_cal/U_XSDB_SLAVE/G_1PIPE_IFACE.s_do_r_reg[9]/D
i_dram_wrapper/i_dram/inst/u_ddr4_mem_intfc/u_ddr_cal_top/u_ddr_cal/U_XSDB_SLAVE/G_1PIPE_IFACE.s_drdy_r_reg/D
i_dram_wrapper/i_dram/inst/u_ddr4_mem_intfc/u_ddr_cal_top/u_ddr_cal/U_XSDB_SLAVE/G_1PIPE_IFACE.s_drdy_r_reg/R
i_dram_wrapper/i_dram/inst/u_ddr4_mem_intfc/u_ddr_cal_top/u_ddr_cal/U_XSDB_SLAVE/G_1PIPE_IFACE.s_dwe_r_reg/D
i_dram_wrapper/i_dram/inst/u_ddr4_mem_intfc/u_ddr_cal_top/u_ddr_cal/U_XSDB_SLAVE/G_1PIPE_IFACE.s_dwe_r_reg/R
i_dram_wrapper/i_dram/inst/u_ddr4_mem_intfc/u_ddr_cal_top/u_ddr_cal/U_XSDB_SLAVE/reg_do_reg[0]/D
i_dram_wrapper/i_dram/inst/u_ddr4_mem_intfc/u_ddr_cal_top/u_ddr_cal/U_XSDB_SLAVE/reg_do_reg[10]/D
i_dram_wrapper/i_dram/inst/u_ddr4_mem_intfc/u_ddr_cal_top/u_ddr_cal/U_XSDB_SLAVE/reg_do_reg[11]/D
i_dram_wrapper/i_dram/inst/u_ddr4_mem_intfc/u_ddr_cal_top/u_ddr_cal/U_XSDB_SLAVE/reg_do_reg[12]/D
i_dram_wrapper/i_dram/inst/u_ddr4_mem_intfc/u_ddr_cal_top/u_ddr_cal/U_XSDB_SLAVE/reg_do_reg[13]/D
i_dram_wrapper/i_dram/inst/u_ddr4_mem_intfc/u_ddr_cal_top/u_ddr_cal/U_XSDB_SLAVE/reg_do_reg[14]/D
i_dram_wrapper/i_dram/inst/u_ddr4_mem_intfc/u_ddr_cal_top/u_ddr_cal/U_XSDB_SLAVE/reg_do_reg[15]/D
i_dram_wrapper/i_dram/inst/u_ddr4_mem_intfc/u_ddr_cal_top/u_ddr_cal/U_XSDB_SLAVE/reg_do_reg[1]/D
i_dram_wrapper/i_dram/inst/u_ddr4_mem_intfc/u_ddr_cal_top/u_ddr_cal/U_XSDB_SLAVE/reg_do_reg[2]/D
i_dram_wrapper/i_dram/inst/u_ddr4_mem_intfc/u_ddr_cal_top/u_ddr_cal/U_XSDB_SLAVE/reg_do_reg[3]/D
i_dram_wrapper/i_dram/inst/u_ddr4_mem_intfc/u_ddr_cal_top/u_ddr_cal/U_XSDB_SLAVE/reg_do_reg[4]/D
i_dram_wrapper/i_dram/inst/u_ddr4_mem_intfc/u_ddr_cal_top/u_ddr_cal/U_XSDB_SLAVE/reg_do_reg[5]/D
i_dram_wrapper/i_dram/inst/u_ddr4_mem_intfc/u_ddr_cal_top/u_ddr_cal/U_XSDB_SLAVE/reg_do_reg[6]/D
i_dram_wrapper/i_dram/inst/u_ddr4_mem_intfc/u_ddr_cal_top/u_ddr_cal/U_XSDB_SLAVE/reg_do_reg[7]/D
i_dram_wrapper/i_dram/inst/u_ddr4_mem_intfc/u_ddr_cal_top/u_ddr_cal/U_XSDB_SLAVE/reg_do_reg[8]/D
i_dram_wrapper/i_dram/inst/u_ddr4_mem_intfc/u_ddr_cal_top/u_ddr_cal/U_XSDB_SLAVE/reg_do_reg[9]/D
i_dram_wrapper/i_dram/inst/u_ddr4_mem_intfc/u_ddr_cal_top/u_ddr_cal/U_XSDB_SLAVE/reg_drdy_reg/D
i_dram_wrapper/i_dram/inst/u_ddr4_mem_intfc/u_ddr_cal_top/u_ddr_cal/U_XSDB_SLAVE/reg_drdy_reg/R
i_dram_wrapper/i_dram/inst/u_ddr4_mem_intfc/u_ddr_cal_top/u_ddr_cal/U_XSDB_SLAVE/reg_test_reg[0]/CE
i_dram_wrapper/i_dram/inst/u_ddr4_mem_intfc/u_ddr_cal_top/u_ddr_cal/U_XSDB_SLAVE/reg_test_reg[0]/D
i_dram_wrapper/i_dram/inst/u_ddr4_mem_intfc/u_ddr_cal_top/u_ddr_cal/U_XSDB_SLAVE/reg_test_reg[10]/CE
i_dram_wrapper/i_dram/inst/u_ddr4_mem_intfc/u_ddr_cal_top/u_ddr_cal/U_XSDB_SLAVE/reg_test_reg[10]/D
i_dram_wrapper/i_dram/inst/u_ddr4_mem_intfc/u_ddr_cal_top/u_ddr_cal/U_XSDB_SLAVE/reg_test_reg[11]/CE
i_dram_wrapper/i_dram/inst/u_ddr4_mem_intfc/u_ddr_cal_top/u_ddr_cal/U_XSDB_SLAVE/reg_test_reg[11]/D
i_dram_wrapper/i_dram/inst/u_ddr4_mem_intfc/u_ddr_cal_top/u_ddr_cal/U_XSDB_SLAVE/reg_test_reg[12]/CE
i_dram_wrapper/i_dram/inst/u_ddr4_mem_intfc/u_ddr_cal_top/u_ddr_cal/U_XSDB_SLAVE/reg_test_reg[12]/D
i_dram_wrapper/i_dram/inst/u_ddr4_mem_intfc/u_ddr_cal_top/u_ddr_cal/U_XSDB_SLAVE/reg_test_reg[13]/CE
i_dram_wrapper/i_dram/inst/u_ddr4_mem_intfc/u_ddr_cal_top/u_ddr_cal/U_XSDB_SLAVE/reg_test_reg[13]/D
i_dram_wrapper/i_dram/inst/u_ddr4_mem_intfc/u_ddr_cal_top/u_ddr_cal/U_XSDB_SLAVE/reg_test_reg[14]/CE
i_dram_wrapper/i_dram/inst/u_ddr4_mem_intfc/u_ddr_cal_top/u_ddr_cal/U_XSDB_SLAVE/reg_test_reg[14]/D
i_dram_wrapper/i_dram/inst/u_ddr4_mem_intfc/u_ddr_cal_top/u_ddr_cal/U_XSDB_SLAVE/reg_test_reg[15]/CE
i_dram_wrapper/i_dram/inst/u_ddr4_mem_intfc/u_ddr_cal_top/u_ddr_cal/U_XSDB_SLAVE/reg_test_reg[15]/D
i_dram_wrapper/i_dram/inst/u_ddr4_mem_intfc/u_ddr_cal_top/u_ddr_cal/U_XSDB_SLAVE/reg_test_reg[1]/CE
i_dram_wrapper/i_dram/inst/u_ddr4_mem_intfc/u_ddr_cal_top/u_ddr_cal/U_XSDB_SLAVE/reg_test_reg[1]/D
i_dram_wrapper/i_dram/inst/u_ddr4_mem_intfc/u_ddr_cal_top/u_ddr_cal/U_XSDB_SLAVE/reg_test_reg[2]/CE
i_dram_wrapper/i_dram/inst/u_ddr4_mem_intfc/u_ddr_cal_top/u_ddr_cal/U_XSDB_SLAVE/reg_test_reg[2]/D
i_dram_wrapper/i_dram/inst/u_ddr4_mem_intfc/u_ddr_cal_top/u_ddr_cal/U_XSDB_SLAVE/reg_test_reg[3]/CE
i_dram_wrapper/i_dram/inst/u_ddr4_mem_intfc/u_ddr_cal_top/u_ddr_cal/U_XSDB_SLAVE/reg_test_reg[3]/D
i_dram_wrapper/i_dram/inst/u_ddr4_mem_intfc/u_ddr_cal_top/u_ddr_cal/U_XSDB_SLAVE/reg_test_reg[4]/CE
i_dram_wrapper/i_dram/inst/u_ddr4_mem_intfc/u_ddr_cal_top/u_ddr_cal/U_XSDB_SLAVE/reg_test_reg[4]/D
i_dram_wrapper/i_dram/inst/u_ddr4_mem_intfc/u_ddr_cal_top/u_ddr_cal/U_XSDB_SLAVE/reg_test_reg[5]/CE
i_dram_wrapper/i_dram/inst/u_ddr4_mem_intfc/u_ddr_cal_top/u_ddr_cal/U_XSDB_SLAVE/reg_test_reg[5]/D
i_dram_wrapper/i_dram/inst/u_ddr4_mem_intfc/u_ddr_cal_top/u_ddr_cal/U_XSDB_SLAVE/reg_test_reg[6]/CE
i_dram_wrapper/i_dram/inst/u_ddr4_mem_intfc/u_ddr_cal_top/u_ddr_cal/U_XSDB_SLAVE/reg_test_reg[6]/D
i_dram_wrapper/i_dram/inst/u_ddr4_mem_intfc/u_ddr_cal_top/u_ddr_cal/U_XSDB_SLAVE/reg_test_reg[7]/CE
i_dram_wrapper/i_dram/inst/u_ddr4_mem_intfc/u_ddr_cal_top/u_ddr_cal/U_XSDB_SLAVE/reg_test_reg[7]/D
i_dram_wrapper/i_dram/inst/u_ddr4_mem_intfc/u_ddr_cal_top/u_ddr_cal/U_XSDB_SLAVE/reg_test_reg[8]/CE
i_dram_wrapper/i_dram/inst/u_ddr4_mem_intfc/u_ddr_cal_top/u_ddr_cal/U_XSDB_SLAVE/reg_test_reg[8]/D
i_dram_wrapper/i_dram/inst/u_ddr4_mem_intfc/u_ddr_cal_top/u_ddr_cal/U_XSDB_SLAVE/reg_test_reg[9]/CE
i_dram_wrapper/i_dram/inst/u_ddr4_mem_intfc/u_ddr_cal_top/u_ddr_cal/U_XSDB_SLAVE/reg_test_reg[9]/D
i_dram_wrapper/i_dram/inst/u_ddr4_mem_intfc/u_ddr_cal_top/u_ddr_cal/U_XSDB_SLAVE/uuid_stamp_reg[0]/D
i_dram_wrapper/i_dram/inst/u_ddr4_mem_intfc/u_ddr_cal_top/u_ddr_cal/U_XSDB_SLAVE/uuid_stamp_reg[100]/D
i_dram_wrapper/i_dram/inst/u_ddr4_mem_intfc/u_ddr_cal_top/u_ddr_cal/U_XSDB_SLAVE/uuid_stamp_reg[101]/D
i_dram_wrapper/i_dram/inst/u_ddr4_mem_intfc/u_ddr_cal_top/u_ddr_cal/U_XSDB_SLAVE/uuid_stamp_reg[102]/D
i_dram_wrapper/i_dram/inst/u_ddr4_mem_intfc/u_ddr_cal_top/u_ddr_cal/U_XSDB_SLAVE/uuid_stamp_reg[103]/D
i_dram_wrapper/i_dram/inst/u_ddr4_mem_intfc/u_ddr_cal_top/u_ddr_cal/U_XSDB_SLAVE/uuid_stamp_reg[104]/D
i_dram_wrapper/i_dram/inst/u_ddr4_mem_intfc/u_ddr_cal_top/u_ddr_cal/U_XSDB_SLAVE/uuid_stamp_reg[105]/D
i_dram_wrapper/i_dram/inst/u_ddr4_mem_intfc/u_ddr_cal_top/u_ddr_cal/U_XSDB_SLAVE/uuid_stamp_reg[106]/D
i_dram_wrapper/i_dram/inst/u_ddr4_mem_intfc/u_ddr_cal_top/u_ddr_cal/U_XSDB_SLAVE/uuid_stamp_reg[107]/D
i_dram_wrapper/i_dram/inst/u_ddr4_mem_intfc/u_ddr_cal_top/u_ddr_cal/U_XSDB_SLAVE/uuid_stamp_reg[108]/D
i_dram_wrapper/i_dram/inst/u_ddr4_mem_intfc/u_ddr_cal_top/u_ddr_cal/U_XSDB_SLAVE/uuid_stamp_reg[109]/D
i_dram_wrapper/i_dram/inst/u_ddr4_mem_intfc/u_ddr_cal_top/u_ddr_cal/U_XSDB_SLAVE/uuid_stamp_reg[10]/D
i_dram_wrapper/i_dram/inst/u_ddr4_mem_intfc/u_ddr_cal_top/u_ddr_cal/U_XSDB_SLAVE/uuid_stamp_reg[110]/D
i_dram_wrapper/i_dram/inst/u_ddr4_mem_intfc/u_ddr_cal_top/u_ddr_cal/U_XSDB_SLAVE/uuid_stamp_reg[111]/D
i_dram_wrapper/i_dram/inst/u_ddr4_mem_intfc/u_ddr_cal_top/u_ddr_cal/U_XSDB_SLAVE/uuid_stamp_reg[112]/D
i_dram_wrapper/i_dram/inst/u_ddr4_mem_intfc/u_ddr_cal_top/u_ddr_cal/U_XSDB_SLAVE/uuid_stamp_reg[113]/D
i_dram_wrapper/i_dram/inst/u_ddr4_mem_intfc/u_ddr_cal_top/u_ddr_cal/U_XSDB_SLAVE/uuid_stamp_reg[114]/D
i_dram_wrapper/i_dram/inst/u_ddr4_mem_intfc/u_ddr_cal_top/u_ddr_cal/U_XSDB_SLAVE/uuid_stamp_reg[115]/D
i_dram_wrapper/i_dram/inst/u_ddr4_mem_intfc/u_ddr_cal_top/u_ddr_cal/U_XSDB_SLAVE/uuid_stamp_reg[116]/D
i_dram_wrapper/i_dram/inst/u_ddr4_mem_intfc/u_ddr_cal_top/u_ddr_cal/U_XSDB_SLAVE/uuid_stamp_reg[117]/D
i_dram_wrapper/i_dram/inst/u_ddr4_mem_intfc/u_ddr_cal_top/u_ddr_cal/U_XSDB_SLAVE/uuid_stamp_reg[118]/D
i_dram_wrapper/i_dram/inst/u_ddr4_mem_intfc/u_ddr_cal_top/u_ddr_cal/U_XSDB_SLAVE/uuid_stamp_reg[119]/D
i_dram_wrapper/i_dram/inst/u_ddr4_mem_intfc/u_ddr_cal_top/u_ddr_cal/U_XSDB_SLAVE/uuid_stamp_reg[11]/D
i_dram_wrapper/i_dram/inst/u_ddr4_mem_intfc/u_ddr_cal_top/u_ddr_cal/U_XSDB_SLAVE/uuid_stamp_reg[120]/D
i_dram_wrapper/i_dram/inst/u_ddr4_mem_intfc/u_ddr_cal_top/u_ddr_cal/U_XSDB_SLAVE/uuid_stamp_reg[121]/D
i_dram_wrapper/i_dram/inst/u_ddr4_mem_intfc/u_ddr_cal_top/u_ddr_cal/U_XSDB_SLAVE/uuid_stamp_reg[122]/D
i_dram_wrapper/i_dram/inst/u_ddr4_mem_intfc/u_ddr_cal_top/u_ddr_cal/U_XSDB_SLAVE/uuid_stamp_reg[123]/D
i_dram_wrapper/i_dram/inst/u_ddr4_mem_intfc/u_ddr_cal_top/u_ddr_cal/U_XSDB_SLAVE/uuid_stamp_reg[124]/D
i_dram_wrapper/i_dram/inst/u_ddr4_mem_intfc/u_ddr_cal_top/u_ddr_cal/U_XSDB_SLAVE/uuid_stamp_reg[125]/D
i_dram_wrapper/i_dram/inst/u_ddr4_mem_intfc/u_ddr_cal_top/u_ddr_cal/U_XSDB_SLAVE/uuid_stamp_reg[126]/D
i_dram_wrapper/i_dram/inst/u_ddr4_mem_intfc/u_ddr_cal_top/u_ddr_cal/U_XSDB_SLAVE/uuid_stamp_reg[127]/D
i_dram_wrapper/i_dram/inst/u_ddr4_mem_intfc/u_ddr_cal_top/u_ddr_cal/U_XSDB_SLAVE/uuid_stamp_reg[12]/D
i_dram_wrapper/i_dram/inst/u_ddr4_mem_intfc/u_ddr_cal_top/u_ddr_cal/U_XSDB_SLAVE/uuid_stamp_reg[13]/D
i_dram_wrapper/i_dram/inst/u_ddr4_mem_intfc/u_ddr_cal_top/u_ddr_cal/U_XSDB_SLAVE/uuid_stamp_reg[14]/D
i_dram_wrapper/i_dram/inst/u_ddr4_mem_intfc/u_ddr_cal_top/u_ddr_cal/U_XSDB_SLAVE/uuid_stamp_reg[15]/D
i_dram_wrapper/i_dram/inst/u_ddr4_mem_intfc/u_ddr_cal_top/u_ddr_cal/U_XSDB_SLAVE/uuid_stamp_reg[16]/D
i_dram_wrapper/i_dram/inst/u_ddr4_mem_intfc/u_ddr_cal_top/u_ddr_cal/U_XSDB_SLAVE/uuid_stamp_reg[17]/D
i_dram_wrapper/i_dram/inst/u_ddr4_mem_intfc/u_ddr_cal_top/u_ddr_cal/U_XSDB_SLAVE/uuid_stamp_reg[18]/D
i_dram_wrapper/i_dram/inst/u_ddr4_mem_intfc/u_ddr_cal_top/u_ddr_cal/U_XSDB_SLAVE/uuid_stamp_reg[19]/D
i_dram_wrapper/i_dram/inst/u_ddr4_mem_intfc/u_ddr_cal_top/u_ddr_cal/U_XSDB_SLAVE/uuid_stamp_reg[1]/D
i_dram_wrapper/i_dram/inst/u_ddr4_mem_intfc/u_ddr_cal_top/u_ddr_cal/U_XSDB_SLAVE/uuid_stamp_reg[20]/D
i_dram_wrapper/i_dram/inst/u_ddr4_mem_intfc/u_ddr_cal_top/u_ddr_cal/U_XSDB_SLAVE/uuid_stamp_reg[21]/D
i_dram_wrapper/i_dram/inst/u_ddr4_mem_intfc/u_ddr_cal_top/u_ddr_cal/U_XSDB_SLAVE/uuid_stamp_reg[22]/D
i_dram_wrapper/i_dram/inst/u_ddr4_mem_intfc/u_ddr_cal_top/u_ddr_cal/U_XSDB_SLAVE/uuid_stamp_reg[23]/D
i_dram_wrapper/i_dram/inst/u_ddr4_mem_intfc/u_ddr_cal_top/u_ddr_cal/U_XSDB_SLAVE/uuid_stamp_reg[24]/D
i_dram_wrapper/i_dram/inst/u_ddr4_mem_intfc/u_ddr_cal_top/u_ddr_cal/U_XSDB_SLAVE/uuid_stamp_reg[25]/D
i_dram_wrapper/i_dram/inst/u_ddr4_mem_intfc/u_ddr_cal_top/u_ddr_cal/U_XSDB_SLAVE/uuid_stamp_reg[26]/D
i_dram_wrapper/i_dram/inst/u_ddr4_mem_intfc/u_ddr_cal_top/u_ddr_cal/U_XSDB_SLAVE/uuid_stamp_reg[27]/D
i_dram_wrapper/i_dram/inst/u_ddr4_mem_intfc/u_ddr_cal_top/u_ddr_cal/U_XSDB_SLAVE/uuid_stamp_reg[28]/D
i_dram_wrapper/i_dram/inst/u_ddr4_mem_intfc/u_ddr_cal_top/u_ddr_cal/U_XSDB_SLAVE/uuid_stamp_reg[29]/D
i_dram_wrapper/i_dram/inst/u_ddr4_mem_intfc/u_ddr_cal_top/u_ddr_cal/U_XSDB_SLAVE/uuid_stamp_reg[2]/D
i_dram_wrapper/i_dram/inst/u_ddr4_mem_intfc/u_ddr_cal_top/u_ddr_cal/U_XSDB_SLAVE/uuid_stamp_reg[30]/D
i_dram_wrapper/i_dram/inst/u_ddr4_mem_intfc/u_ddr_cal_top/u_ddr_cal/U_XSDB_SLAVE/uuid_stamp_reg[31]/D
i_dram_wrapper/i_dram/inst/u_ddr4_mem_intfc/u_ddr_cal_top/u_ddr_cal/U_XSDB_SLAVE/uuid_stamp_reg[32]/D
i_dram_wrapper/i_dram/inst/u_ddr4_mem_intfc/u_ddr_cal_top/u_ddr_cal/U_XSDB_SLAVE/uuid_stamp_reg[33]/D
i_dram_wrapper/i_dram/inst/u_ddr4_mem_intfc/u_ddr_cal_top/u_ddr_cal/U_XSDB_SLAVE/uuid_stamp_reg[34]/D
i_dram_wrapper/i_dram/inst/u_ddr4_mem_intfc/u_ddr_cal_top/u_ddr_cal/U_XSDB_SLAVE/uuid_stamp_reg[35]/D
i_dram_wrapper/i_dram/inst/u_ddr4_mem_intfc/u_ddr_cal_top/u_ddr_cal/U_XSDB_SLAVE/uuid_stamp_reg[36]/D
i_dram_wrapper/i_dram/inst/u_ddr4_mem_intfc/u_ddr_cal_top/u_ddr_cal/U_XSDB_SLAVE/uuid_stamp_reg[37]/D
i_dram_wrapper/i_dram/inst/u_ddr4_mem_intfc/u_ddr_cal_top/u_ddr_cal/U_XSDB_SLAVE/uuid_stamp_reg[38]/D
i_dram_wrapper/i_dram/inst/u_ddr4_mem_intfc/u_ddr_cal_top/u_ddr_cal/U_XSDB_SLAVE/uuid_stamp_reg[39]/D
i_dram_wrapper/i_dram/inst/u_ddr4_mem_intfc/u_ddr_cal_top/u_ddr_cal/U_XSDB_SLAVE/uuid_stamp_reg[3]/D
i_dram_wrapper/i_dram/inst/u_ddr4_mem_intfc/u_ddr_cal_top/u_ddr_cal/U_XSDB_SLAVE/uuid_stamp_reg[40]/D
i_dram_wrapper/i_dram/inst/u_ddr4_mem_intfc/u_ddr_cal_top/u_ddr_cal/U_XSDB_SLAVE/uuid_stamp_reg[41]/D
i_dram_wrapper/i_dram/inst/u_ddr4_mem_intfc/u_ddr_cal_top/u_ddr_cal/U_XSDB_SLAVE/uuid_stamp_reg[42]/D
i_dram_wrapper/i_dram/inst/u_ddr4_mem_intfc/u_ddr_cal_top/u_ddr_cal/U_XSDB_SLAVE/uuid_stamp_reg[43]/D
i_dram_wrapper/i_dram/inst/u_ddr4_mem_intfc/u_ddr_cal_top/u_ddr_cal/U_XSDB_SLAVE/uuid_stamp_reg[44]/D
i_dram_wrapper/i_dram/inst/u_ddr4_mem_intfc/u_ddr_cal_top/u_ddr_cal/U_XSDB_SLAVE/uuid_stamp_reg[45]/D
i_dram_wrapper/i_dram/inst/u_ddr4_mem_intfc/u_ddr_cal_top/u_ddr_cal/U_XSDB_SLAVE/uuid_stamp_reg[46]/D
i_dram_wrapper/i_dram/inst/u_ddr4_mem_intfc/u_ddr_cal_top/u_ddr_cal/U_XSDB_SLAVE/uuid_stamp_reg[47]/D
i_dram_wrapper/i_dram/inst/u_ddr4_mem_intfc/u_ddr_cal_top/u_ddr_cal/U_XSDB_SLAVE/uuid_stamp_reg[48]/D
i_dram_wrapper/i_dram/inst/u_ddr4_mem_intfc/u_ddr_cal_top/u_ddr_cal/U_XSDB_SLAVE/uuid_stamp_reg[49]/D
i_dram_wrapper/i_dram/inst/u_ddr4_mem_intfc/u_ddr_cal_top/u_ddr_cal/U_XSDB_SLAVE/uuid_stamp_reg[4]/D
i_dram_wrapper/i_dram/inst/u_ddr4_mem_intfc/u_ddr_cal_top/u_ddr_cal/U_XSDB_SLAVE/uuid_stamp_reg[50]/D
i_dram_wrapper/i_dram/inst/u_ddr4_mem_intfc/u_ddr_cal_top/u_ddr_cal/U_XSDB_SLAVE/uuid_stamp_reg[51]/D
i_dram_wrapper/i_dram/inst/u_ddr4_mem_intfc/u_ddr_cal_top/u_ddr_cal/U_XSDB_SLAVE/uuid_stamp_reg[52]/D
i_dram_wrapper/i_dram/inst/u_ddr4_mem_intfc/u_ddr_cal_top/u_ddr_cal/U_XSDB_SLAVE/uuid_stamp_reg[53]/D
i_dram_wrapper/i_dram/inst/u_ddr4_mem_intfc/u_ddr_cal_top/u_ddr_cal/U_XSDB_SLAVE/uuid_stamp_reg[54]/D
i_dram_wrapper/i_dram/inst/u_ddr4_mem_intfc/u_ddr_cal_top/u_ddr_cal/U_XSDB_SLAVE/uuid_stamp_reg[55]/D
i_dram_wrapper/i_dram/inst/u_ddr4_mem_intfc/u_ddr_cal_top/u_ddr_cal/U_XSDB_SLAVE/uuid_stamp_reg[56]/D
i_dram_wrapper/i_dram/inst/u_ddr4_mem_intfc/u_ddr_cal_top/u_ddr_cal/U_XSDB_SLAVE/uuid_stamp_reg[57]/D
i_dram_wrapper/i_dram/inst/u_ddr4_mem_intfc/u_ddr_cal_top/u_ddr_cal/U_XSDB_SLAVE/uuid_stamp_reg[58]/D
i_dram_wrapper/i_dram/inst/u_ddr4_mem_intfc/u_ddr_cal_top/u_ddr_cal/U_XSDB_SLAVE/uuid_stamp_reg[59]/D
i_dram_wrapper/i_dram/inst/u_ddr4_mem_intfc/u_ddr_cal_top/u_ddr_cal/U_XSDB_SLAVE/uuid_stamp_reg[5]/D
i_dram_wrapper/i_dram/inst/u_ddr4_mem_intfc/u_ddr_cal_top/u_ddr_cal/U_XSDB_SLAVE/uuid_stamp_reg[60]/D
i_dram_wrapper/i_dram/inst/u_ddr4_mem_intfc/u_ddr_cal_top/u_ddr_cal/U_XSDB_SLAVE/uuid_stamp_reg[61]/D
i_dram_wrapper/i_dram/inst/u_ddr4_mem_intfc/u_ddr_cal_top/u_ddr_cal/U_XSDB_SLAVE/uuid_stamp_reg[62]/D
i_dram_wrapper/i_dram/inst/u_ddr4_mem_intfc/u_ddr_cal_top/u_ddr_cal/U_XSDB_SLAVE/uuid_stamp_reg[63]/D
i_dram_wrapper/i_dram/inst/u_ddr4_mem_intfc/u_ddr_cal_top/u_ddr_cal/U_XSDB_SLAVE/uuid_stamp_reg[64]/D
i_dram_wrapper/i_dram/inst/u_ddr4_mem_intfc/u_ddr_cal_top/u_ddr_cal/U_XSDB_SLAVE/uuid_stamp_reg[65]/D
i_dram_wrapper/i_dram/inst/u_ddr4_mem_intfc/u_ddr_cal_top/u_ddr_cal/U_XSDB_SLAVE/uuid_stamp_reg[66]/D
i_dram_wrapper/i_dram/inst/u_ddr4_mem_intfc/u_ddr_cal_top/u_ddr_cal/U_XSDB_SLAVE/uuid_stamp_reg[67]/D
i_dram_wrapper/i_dram/inst/u_ddr4_mem_intfc/u_ddr_cal_top/u_ddr_cal/U_XSDB_SLAVE/uuid_stamp_reg[68]/D
i_dram_wrapper/i_dram/inst/u_ddr4_mem_intfc/u_ddr_cal_top/u_ddr_cal/U_XSDB_SLAVE/uuid_stamp_reg[69]/D
i_dram_wrapper/i_dram/inst/u_ddr4_mem_intfc/u_ddr_cal_top/u_ddr_cal/U_XSDB_SLAVE/uuid_stamp_reg[6]/D
i_dram_wrapper/i_dram/inst/u_ddr4_mem_intfc/u_ddr_cal_top/u_ddr_cal/U_XSDB_SLAVE/uuid_stamp_reg[70]/D
i_dram_wrapper/i_dram/inst/u_ddr4_mem_intfc/u_ddr_cal_top/u_ddr_cal/U_XSDB_SLAVE/uuid_stamp_reg[71]/D
i_dram_wrapper/i_dram/inst/u_ddr4_mem_intfc/u_ddr_cal_top/u_ddr_cal/U_XSDB_SLAVE/uuid_stamp_reg[72]/D
i_dram_wrapper/i_dram/inst/u_ddr4_mem_intfc/u_ddr_cal_top/u_ddr_cal/U_XSDB_SLAVE/uuid_stamp_reg[73]/D
i_dram_wrapper/i_dram/inst/u_ddr4_mem_intfc/u_ddr_cal_top/u_ddr_cal/U_XSDB_SLAVE/uuid_stamp_reg[74]/D
i_dram_wrapper/i_dram/inst/u_ddr4_mem_intfc/u_ddr_cal_top/u_ddr_cal/U_XSDB_SLAVE/uuid_stamp_reg[75]/D
i_dram_wrapper/i_dram/inst/u_ddr4_mem_intfc/u_ddr_cal_top/u_ddr_cal/U_XSDB_SLAVE/uuid_stamp_reg[76]/D
i_dram_wrapper/i_dram/inst/u_ddr4_mem_intfc/u_ddr_cal_top/u_ddr_cal/U_XSDB_SLAVE/uuid_stamp_reg[77]/D
i_dram_wrapper/i_dram/inst/u_ddr4_mem_intfc/u_ddr_cal_top/u_ddr_cal/U_XSDB_SLAVE/uuid_stamp_reg[78]/D
i_dram_wrapper/i_dram/inst/u_ddr4_mem_intfc/u_ddr_cal_top/u_ddr_cal/U_XSDB_SLAVE/uuid_stamp_reg[79]/D
i_dram_wrapper/i_dram/inst/u_ddr4_mem_intfc/u_ddr_cal_top/u_ddr_cal/U_XSDB_SLAVE/uuid_stamp_reg[7]/D
i_dram_wrapper/i_dram/inst/u_ddr4_mem_intfc/u_ddr_cal_top/u_ddr_cal/U_XSDB_SLAVE/uuid_stamp_reg[80]/D
i_dram_wrapper/i_dram/inst/u_ddr4_mem_intfc/u_ddr_cal_top/u_ddr_cal/U_XSDB_SLAVE/uuid_stamp_reg[81]/D
i_dram_wrapper/i_dram/inst/u_ddr4_mem_intfc/u_ddr_cal_top/u_ddr_cal/U_XSDB_SLAVE/uuid_stamp_reg[82]/D
i_dram_wrapper/i_dram/inst/u_ddr4_mem_intfc/u_ddr_cal_top/u_ddr_cal/U_XSDB_SLAVE/uuid_stamp_reg[83]/D
i_dram_wrapper/i_dram/inst/u_ddr4_mem_intfc/u_ddr_cal_top/u_ddr_cal/U_XSDB_SLAVE/uuid_stamp_reg[84]/D
i_dram_wrapper/i_dram/inst/u_ddr4_mem_intfc/u_ddr_cal_top/u_ddr_cal/U_XSDB_SLAVE/uuid_stamp_reg[85]/D
i_dram_wrapper/i_dram/inst/u_ddr4_mem_intfc/u_ddr_cal_top/u_ddr_cal/U_XSDB_SLAVE/uuid_stamp_reg[86]/D
i_dram_wrapper/i_dram/inst/u_ddr4_mem_intfc/u_ddr_cal_top/u_ddr_cal/U_XSDB_SLAVE/uuid_stamp_reg[87]/D
i_dram_wrapper/i_dram/inst/u_ddr4_mem_intfc/u_ddr_cal_top/u_ddr_cal/U_XSDB_SLAVE/uuid_stamp_reg[88]/D
i_dram_wrapper/i_dram/inst/u_ddr4_mem_intfc/u_ddr_cal_top/u_ddr_cal/U_XSDB_SLAVE/uuid_stamp_reg[89]/D
i_dram_wrapper/i_dram/inst/u_ddr4_mem_intfc/u_ddr_cal_top/u_ddr_cal/U_XSDB_SLAVE/uuid_stamp_reg[8]/D
i_dram_wrapper/i_dram/inst/u_ddr4_mem_intfc/u_ddr_cal_top/u_ddr_cal/U_XSDB_SLAVE/uuid_stamp_reg[90]/D
i_dram_wrapper/i_dram/inst/u_ddr4_mem_intfc/u_ddr_cal_top/u_ddr_cal/U_XSDB_SLAVE/uuid_stamp_reg[91]/D
i_dram_wrapper/i_dram/inst/u_ddr4_mem_intfc/u_ddr_cal_top/u_ddr_cal/U_XSDB_SLAVE/uuid_stamp_reg[92]/D
i_dram_wrapper/i_dram/inst/u_ddr4_mem_intfc/u_ddr_cal_top/u_ddr_cal/U_XSDB_SLAVE/uuid_stamp_reg[93]/D
i_dram_wrapper/i_dram/inst/u_ddr4_mem_intfc/u_ddr_cal_top/u_ddr_cal/U_XSDB_SLAVE/uuid_stamp_reg[94]/D
i_dram_wrapper/i_dram/inst/u_ddr4_mem_intfc/u_ddr_cal_top/u_ddr_cal/U_XSDB_SLAVE/uuid_stamp_reg[95]/D
i_dram_wrapper/i_dram/inst/u_ddr4_mem_intfc/u_ddr_cal_top/u_ddr_cal/U_XSDB_SLAVE/uuid_stamp_reg[96]/D
i_dram_wrapper/i_dram/inst/u_ddr4_mem_intfc/u_ddr_cal_top/u_ddr_cal/U_XSDB_SLAVE/uuid_stamp_reg[97]/D
i_dram_wrapper/i_dram/inst/u_ddr4_mem_intfc/u_ddr_cal_top/u_ddr_cal/U_XSDB_SLAVE/uuid_stamp_reg[98]/D
i_dram_wrapper/i_dram/inst/u_ddr4_mem_intfc/u_ddr_cal_top/u_ddr_cal/U_XSDB_SLAVE/uuid_stamp_reg[99]/D
i_dram_wrapper/i_dram/inst/u_ddr4_mem_intfc/u_ddr_cal_top/u_ddr_cal/U_XSDB_SLAVE/uuid_stamp_reg[9]/D
i_dram_wrapper/i_dram/inst/u_ddr4_mem_intfc/u_ddr_cal_top/u_ddr_cal/u_xsdb_arbiter/slave_addr_r_reg[0]/D
i_dram_wrapper/i_dram/inst/u_ddr4_mem_intfc/u_ddr_cal_top/u_ddr_cal/u_xsdb_arbiter/slave_addr_r_reg[10]/D
i_dram_wrapper/i_dram/inst/u_ddr4_mem_intfc/u_ddr_cal_top/u_ddr_cal/u_xsdb_arbiter/slave_addr_r_reg[11]/D
i_dram_wrapper/i_dram/inst/u_ddr4_mem_intfc/u_ddr_cal_top/u_ddr_cal/u_xsdb_arbiter/slave_addr_r_reg[12]/D
i_dram_wrapper/i_dram/inst/u_ddr4_mem_intfc/u_ddr_cal_top/u_ddr_cal/u_xsdb_arbiter/slave_addr_r_reg[13]/D
i_dram_wrapper/i_dram/inst/u_ddr4_mem_intfc/u_ddr_cal_top/u_ddr_cal/u_xsdb_arbiter/slave_addr_r_reg[14]/D
i_dram_wrapper/i_dram/inst/u_ddr4_mem_intfc/u_ddr_cal_top/u_ddr_cal/u_xsdb_arbiter/slave_addr_r_reg[15]/D
i_dram_wrapper/i_dram/inst/u_ddr4_mem_intfc/u_ddr_cal_top/u_ddr_cal/u_xsdb_arbiter/slave_addr_r_reg[1]/D
i_dram_wrapper/i_dram/inst/u_ddr4_mem_intfc/u_ddr_cal_top/u_ddr_cal/u_xsdb_arbiter/slave_addr_r_reg[2]/D
i_dram_wrapper/i_dram/inst/u_ddr4_mem_intfc/u_ddr_cal_top/u_ddr_cal/u_xsdb_arbiter/slave_addr_r_reg[3]/D
i_dram_wrapper/i_dram/inst/u_ddr4_mem_intfc/u_ddr_cal_top/u_ddr_cal/u_xsdb_arbiter/slave_addr_r_reg[4]/D
i_dram_wrapper/i_dram/inst/u_ddr4_mem_intfc/u_ddr_cal_top/u_ddr_cal/u_xsdb_arbiter/slave_addr_r_reg[5]/D
i_dram_wrapper/i_dram/inst/u_ddr4_mem_intfc/u_ddr_cal_top/u_ddr_cal/u_xsdb_arbiter/slave_addr_r_reg[6]/D
i_dram_wrapper/i_dram/inst/u_ddr4_mem_intfc/u_ddr_cal_top/u_ddr_cal/u_xsdb_arbiter/slave_addr_r_reg[7]/D
i_dram_wrapper/i_dram/inst/u_ddr4_mem_intfc/u_ddr_cal_top/u_ddr_cal/u_xsdb_arbiter/slave_addr_r_reg[8]/D
i_dram_wrapper/i_dram/inst/u_ddr4_mem_intfc/u_ddr_cal_top/u_ddr_cal/u_xsdb_arbiter/slave_addr_r_reg[9]/D
i_dram_wrapper/i_dram/inst/u_ddr4_mem_intfc/u_ddr_cal_top/u_ddr_cal/u_xsdb_arbiter/slave_cmd_en_r_reg/D
i_dram_wrapper/i_dram/inst/u_ddr4_mem_intfc/u_ddr_cal_top/u_ddr_cal/u_xsdb_arbiter/slave_di_r_reg[0]/D
i_dram_wrapper/i_dram/inst/u_ddr4_mem_intfc/u_ddr_cal_top/u_ddr_cal/u_xsdb_arbiter/slave_di_r_reg[1]/D
i_dram_wrapper/i_dram/inst/u_ddr4_mem_intfc/u_ddr_cal_top/u_ddr_cal/u_xsdb_arbiter/slave_di_r_reg[2]/D
i_dram_wrapper/i_dram/inst/u_ddr4_mem_intfc/u_ddr_cal_top/u_ddr_cal/u_xsdb_arbiter/slave_di_r_reg[3]/D
i_dram_wrapper/i_dram/inst/u_ddr4_mem_intfc/u_ddr_cal_top/u_ddr_cal/u_xsdb_arbiter/slave_di_r_reg[4]/D
i_dram_wrapper/i_dram/inst/u_ddr4_mem_intfc/u_ddr_cal_top/u_ddr_cal/u_xsdb_arbiter/slave_di_r_reg[5]/D
i_dram_wrapper/i_dram/inst/u_ddr4_mem_intfc/u_ddr_cal_top/u_ddr_cal/u_xsdb_arbiter/slave_di_r_reg[6]/D
i_dram_wrapper/i_dram/inst/u_ddr4_mem_intfc/u_ddr_cal_top/u_ddr_cal/u_xsdb_arbiter/slave_di_r_reg[7]/D
i_dram_wrapper/i_dram/inst/u_ddr4_mem_intfc/u_ddr_cal_top/u_ddr_cal/u_xsdb_arbiter/slave_di_r_reg[8]/D
i_dram_wrapper/i_dram/inst/u_ddr4_mem_intfc/u_ddr_cal_top/u_ddr_cal/u_xsdb_arbiter/slave_en_lvl_reg/CE
i_dram_wrapper/i_dram/inst/u_ddr4_mem_intfc/u_ddr_cal_top/u_ddr_cal/u_xsdb_arbiter/slave_en_lvl_reg/D
i_dram_wrapper/i_dram/inst/u_ddr4_mem_intfc/u_ddr_cal_top/u_ddr_cal/u_xsdb_arbiter/slave_rdy_cptd_sclk_reg/D
i_dram_wrapper/i_dram/inst/u_ddr4_mem_intfc/u_ddr_cal_top/u_ddr_cal/u_xsdb_arbiter/slave_rdy_lvl_sclk_r1_reg/D
i_dram_wrapper/i_dram/inst/u_ddr4_mem_intfc/u_ddr_cal_top/u_ddr_cal/u_xsdb_arbiter/slave_rdy_lvl_sclk_r2_reg/D
i_dram_wrapper/i_dram/inst/u_ddr4_mem_intfc/u_ddr_cal_top/u_ddr_cal/u_xsdb_arbiter/slave_rdy_reg/D
i_dram_wrapper/i_dram/inst/u_ddr4_mem_intfc/u_ddr_cal_top/u_ddr_cal/u_xsdb_arbiter/slave_we_r_reg/CE
i_dram_wrapper/i_dram/inst/u_ddr4_mem_intfc/u_ddr_cal_top/u_ddr_cal/u_xsdb_arbiter/slave_we_r_reg/D
i_dram_wrapper/i_dram/inst/u_ddr4_mem_intfc/u_ddr_cal_top/u_ddr_cal/u_xsdb_arbiter/u_slave_do_sync/SYNC[0].sync_reg_reg[1]/D
i_dram_wrapper/i_dram/inst/u_ddr4_mem_intfc/u_ddr_cal_top/u_ddr_cal/u_xsdb_arbiter/u_slave_do_sync/SYNC[1].sync_reg_reg[1]/D
i_dram_wrapper/i_dram/inst/u_ddr4_mem_intfc/u_ddr_cal_top/u_ddr_cal/u_xsdb_arbiter/u_slave_do_sync/SYNC[2].sync_reg_reg[1]/D
i_dram_wrapper/i_dram/inst/u_ddr4_mem_intfc/u_ddr_cal_top/u_ddr_cal/u_xsdb_arbiter/u_slave_do_sync/SYNC[3].sync_reg_reg[1]/D
i_dram_wrapper/i_dram/inst/u_ddr4_mem_intfc/u_ddr_cal_top/u_ddr_cal/u_xsdb_arbiter/u_slave_do_sync/SYNC[4].sync_reg_reg[1]/D
i_dram_wrapper/i_dram/inst/u_ddr4_mem_intfc/u_ddr_cal_top/u_ddr_cal/u_xsdb_arbiter/u_slave_do_sync/SYNC[5].sync_reg_reg[1]/D
i_dram_wrapper/i_dram/inst/u_ddr4_mem_intfc/u_ddr_cal_top/u_ddr_cal/u_xsdb_arbiter/u_slave_do_sync/SYNC[6].sync_reg_reg[1]/D
i_dram_wrapper/i_dram/inst/u_ddr4_mem_intfc/u_ddr_cal_top/u_ddr_cal/u_xsdb_arbiter/u_slave_do_sync/SYNC[7].sync_reg_reg[1]/D
i_dram_wrapper/i_dram/inst/u_ddr4_mem_intfc/u_ddr_cal_top/u_ddr_cal/u_xsdb_arbiter/u_slave_do_sync/SYNC[8].sync_reg_reg[1]/D
i_dram_wrapper/i_dram/inst/u_ddr4_mem_intfc/u_ddr_cal_top/u_ddr_cal/u_xsdb_arbiter/u_slave_rdy_sync/SYNC[0].sync_reg_reg[1]/D
i_vio/inst/DECODER_INST/Bus_data_out_reg[0]/D
i_vio/inst/DECODER_INST/Bus_data_out_reg[10]/D
i_vio/inst/DECODER_INST/Bus_data_out_reg[11]/D
i_vio/inst/DECODER_INST/Bus_data_out_reg[12]/D
i_vio/inst/DECODER_INST/Bus_data_out_reg[13]/D
i_vio/inst/DECODER_INST/Bus_data_out_reg[14]/D
i_vio/inst/DECODER_INST/Bus_data_out_reg[15]/D
i_vio/inst/DECODER_INST/Bus_data_out_reg[1]/D
i_vio/inst/DECODER_INST/Bus_data_out_reg[2]/D
i_vio/inst/DECODER_INST/Bus_data_out_reg[3]/D
i_vio/inst/DECODER_INST/Bus_data_out_reg[4]/D
i_vio/inst/DECODER_INST/Bus_data_out_reg[5]/D
i_vio/inst/DECODER_INST/Bus_data_out_reg[6]/D
i_vio/inst/DECODER_INST/Bus_data_out_reg[7]/D
i_vio/inst/DECODER_INST/Bus_data_out_reg[8]/D
i_vio/inst/DECODER_INST/Bus_data_out_reg[9]/D
i_vio/inst/DECODER_INST/Hold_probe_in_reg/CE
i_vio/inst/DECODER_INST/Hold_probe_in_reg/D
i_vio/inst/DECODER_INST/Hold_probe_in_reg/R
i_vio/inst/DECODER_INST/clear_int_reg/CE
i_vio/inst/DECODER_INST/clear_int_reg/D
i_vio/inst/DECODER_INST/clear_int_reg/R
i_vio/inst/DECODER_INST/committ_int_reg/CE
i_vio/inst/DECODER_INST/committ_int_reg/D
i_vio/inst/DECODER_INST/committ_int_reg/R
i_vio/inst/DECODER_INST/int_cnt_rst_reg/CE
i_vio/inst/DECODER_INST/int_cnt_rst_reg/D
i_vio/inst/DECODER_INST/int_cnt_rst_reg/R
i_vio/inst/DECODER_INST/probe_out_modified_reg[0]/CE
i_vio/inst/DECODER_INST/probe_out_modified_reg[0]/D
i_vio/inst/DECODER_INST/probe_out_modified_reg[0]/R
i_vio/inst/DECODER_INST/probe_out_modified_reg[10]/CE
i_vio/inst/DECODER_INST/probe_out_modified_reg[10]/D
i_vio/inst/DECODER_INST/probe_out_modified_reg[10]/R
i_vio/inst/DECODER_INST/probe_out_modified_reg[11]/CE
i_vio/inst/DECODER_INST/probe_out_modified_reg[11]/D
i_vio/inst/DECODER_INST/probe_out_modified_reg[11]/R
i_vio/inst/DECODER_INST/probe_out_modified_reg[12]/CE
i_vio/inst/DECODER_INST/probe_out_modified_reg[12]/D
i_vio/inst/DECODER_INST/probe_out_modified_reg[12]/R
i_vio/inst/DECODER_INST/probe_out_modified_reg[13]/CE
i_vio/inst/DECODER_INST/probe_out_modified_reg[13]/D
i_vio/inst/DECODER_INST/probe_out_modified_reg[13]/R
i_vio/inst/DECODER_INST/probe_out_modified_reg[14]/CE
i_vio/inst/DECODER_INST/probe_out_modified_reg[14]/D
i_vio/inst/DECODER_INST/probe_out_modified_reg[14]/R
i_vio/inst/DECODER_INST/probe_out_modified_reg[15]/CE
i_vio/inst/DECODER_INST/probe_out_modified_reg[15]/D
i_vio/inst/DECODER_INST/probe_out_modified_reg[15]/R
i_vio/inst/DECODER_INST/probe_out_modified_reg[1]/CE
i_vio/inst/DECODER_INST/probe_out_modified_reg[1]/D
i_vio/inst/DECODER_INST/probe_out_modified_reg[1]/R
i_vio/inst/DECODER_INST/probe_out_modified_reg[2]/CE
i_vio/inst/DECODER_INST/probe_out_modified_reg[2]/D
i_vio/inst/DECODER_INST/probe_out_modified_reg[2]/R
i_vio/inst/DECODER_INST/probe_out_modified_reg[3]/CE
i_vio/inst/DECODER_INST/probe_out_modified_reg[3]/D
i_vio/inst/DECODER_INST/probe_out_modified_reg[3]/R
i_vio/inst/DECODER_INST/probe_out_modified_reg[4]/CE
i_vio/inst/DECODER_INST/probe_out_modified_reg[4]/D
i_vio/inst/DECODER_INST/probe_out_modified_reg[4]/R
i_vio/inst/DECODER_INST/probe_out_modified_reg[5]/CE
i_vio/inst/DECODER_INST/probe_out_modified_reg[5]/D
i_vio/inst/DECODER_INST/probe_out_modified_reg[5]/R
i_vio/inst/DECODER_INST/probe_out_modified_reg[6]/CE
i_vio/inst/DECODER_INST/probe_out_modified_reg[6]/D
i_vio/inst/DECODER_INST/probe_out_modified_reg[6]/R
i_vio/inst/DECODER_INST/probe_out_modified_reg[7]/CE
i_vio/inst/DECODER_INST/probe_out_modified_reg[7]/D
i_vio/inst/DECODER_INST/probe_out_modified_reg[7]/R
i_vio/inst/DECODER_INST/probe_out_modified_reg[8]/CE
i_vio/inst/DECODER_INST/probe_out_modified_reg[8]/D
i_vio/inst/DECODER_INST/probe_out_modified_reg[8]/R
i_vio/inst/DECODER_INST/probe_out_modified_reg[9]/CE
i_vio/inst/DECODER_INST/probe_out_modified_reg[9]/D
i_vio/inst/DECODER_INST/probe_out_modified_reg[9]/R
i_vio/inst/DECODER_INST/rd_en_p1_reg/D
i_vio/inst/DECODER_INST/rd_en_p1_reg/R
i_vio/inst/DECODER_INST/rd_en_p2_reg/D
i_vio/inst/DECODER_INST/rd_en_p2_reg/R
i_vio/inst/DECODER_INST/rd_en_reg[6]/D
i_vio/inst/DECODER_INST/rd_en_reg[6]/R
i_vio/inst/DECODER_INST/wr_en_reg[2]/D
i_vio/inst/DECODER_INST/wr_en_reg[2]/R
i_vio/inst/DECODER_INST/wr_en_reg[4]/D
i_vio/inst/DECODER_INST/wr_en_reg[4]/R
i_vio/inst/DECODER_INST/xsdb_addr_2_0_p1_reg[0]/D
i_vio/inst/DECODER_INST/xsdb_addr_2_0_p1_reg[1]/D
i_vio/inst/DECODER_INST/xsdb_addr_2_0_p1_reg[2]/D
i_vio/inst/DECODER_INST/xsdb_addr_2_0_p2_reg[0]/D
i_vio/inst/DECODER_INST/xsdb_addr_2_0_p2_reg[1]/D
i_vio/inst/DECODER_INST/xsdb_addr_2_0_p2_reg[2]/D
i_vio/inst/DECODER_INST/xsdb_addr_8_p1_reg/D
i_vio/inst/DECODER_INST/xsdb_addr_8_p2_reg/D
i_vio/inst/DECODER_INST/xsdb_drdy_reg/D
i_vio/inst/DECODER_INST/xsdb_drdy_reg/R
i_vio/inst/PROBE_IN_INST/Bus_Data_out_reg[0]/D
i_vio/inst/PROBE_IN_INST/Bus_Data_out_reg[10]/D
i_vio/inst/PROBE_IN_INST/Bus_Data_out_reg[11]/D
i_vio/inst/PROBE_IN_INST/Bus_Data_out_reg[1]/D
i_vio/inst/PROBE_IN_INST/Bus_Data_out_reg[2]/D
i_vio/inst/PROBE_IN_INST/Bus_Data_out_reg[3]/D
i_vio/inst/PROBE_IN_INST/Bus_Data_out_reg[4]/D
i_vio/inst/PROBE_IN_INST/Bus_Data_out_reg[5]/D
i_vio/inst/PROBE_IN_INST/Bus_Data_out_reg[6]/D
i_vio/inst/PROBE_IN_INST/Bus_Data_out_reg[7]/D
i_vio/inst/PROBE_IN_INST/Bus_Data_out_reg[8]/D
i_vio/inst/PROBE_IN_INST/Bus_Data_out_reg[9]/D
i_vio/inst/PROBE_IN_INST/Read_int_reg/D
i_vio/inst/PROBE_IN_INST/data_int_sync2_reg[0]/D
i_vio/inst/PROBE_IN_INST/data_int_sync2_reg[1]/D
i_vio/inst/PROBE_IN_INST/data_int_sync2_reg[2]/D
i_vio/inst/PROBE_IN_INST/data_int_sync2_reg[3]/D
i_vio/inst/PROBE_IN_INST/dn_activity_reg[0]/D
i_vio/inst/PROBE_IN_INST/dn_activity_reg[0]/R
i_vio/inst/PROBE_IN_INST/dn_activity_reg[1]/D
i_vio/inst/PROBE_IN_INST/dn_activity_reg[1]/R
i_vio/inst/PROBE_IN_INST/dn_activity_reg[2]/D
i_vio/inst/PROBE_IN_INST/dn_activity_reg[2]/R
i_vio/inst/PROBE_IN_INST/dn_activity_reg[3]/D
i_vio/inst/PROBE_IN_INST/dn_activity_reg[3]/R
i_vio/inst/PROBE_IN_INST/read_done_reg/D
i_vio/inst/PROBE_IN_INST/up_activity_reg[0]/D
i_vio/inst/PROBE_IN_INST/up_activity_reg[0]/R
i_vio/inst/PROBE_IN_INST/up_activity_reg[1]/D
i_vio/inst/PROBE_IN_INST/up_activity_reg[1]/R
i_vio/inst/PROBE_IN_INST/up_activity_reg[2]/D
i_vio/inst/PROBE_IN_INST/up_activity_reg[2]/R
i_vio/inst/PROBE_IN_INST/up_activity_reg[3]/D
i_vio/inst/PROBE_IN_INST/up_activity_reg[3]/R
i_vio/inst/PROBE_OUT_ALL_INST/G_PROBE_OUT[0].wr_probe_out_reg[0]/D
i_vio/inst/PROBE_OUT_ALL_INST/G_PROBE_OUT[0].wr_probe_out_reg[0]/R
i_vio/inst/PROBE_OUT_ALL_INST/G_PROBE_OUT[1].wr_probe_out_reg[1]/D
i_vio/inst/PROBE_OUT_ALL_INST/G_PROBE_OUT[2].wr_probe_out_reg[2]/D
i_vio/inst/PROBE_OUT_ALL_INST/G_PROBE_OUT[2].wr_probe_out_reg[2]/R
i_vio/inst/PROBE_OUT_WIDTH_INST/addr_count_reg[0]/D
i_vio/inst/PROBE_OUT_WIDTH_INST/probe_width_int_reg[8]/D
i_vio/inst/U_XSDB_SLAVE/reg_do_reg[0]/D
i_vio/inst/U_XSDB_SLAVE/reg_do_reg[10]/D
i_vio/inst/U_XSDB_SLAVE/reg_do_reg[11]/D
i_vio/inst/U_XSDB_SLAVE/reg_do_reg[12]/D
i_vio/inst/U_XSDB_SLAVE/reg_do_reg[13]/D
i_vio/inst/U_XSDB_SLAVE/reg_do_reg[14]/D
i_vio/inst/U_XSDB_SLAVE/reg_do_reg[15]/D
i_vio/inst/U_XSDB_SLAVE/reg_do_reg[1]/D
i_vio/inst/U_XSDB_SLAVE/reg_do_reg[2]/D
i_vio/inst/U_XSDB_SLAVE/reg_do_reg[3]/D
i_vio/inst/U_XSDB_SLAVE/reg_do_reg[4]/D
i_vio/inst/U_XSDB_SLAVE/reg_do_reg[5]/D
i_vio/inst/U_XSDB_SLAVE/reg_do_reg[6]/D
i_vio/inst/U_XSDB_SLAVE/reg_do_reg[7]/D
i_vio/inst/U_XSDB_SLAVE/reg_do_reg[8]/D
i_vio/inst/U_XSDB_SLAVE/reg_do_reg[9]/D
i_vio/inst/U_XSDB_SLAVE/reg_drdy_reg/D
i_vio/inst/U_XSDB_SLAVE/reg_test_reg[0]/CE
i_vio/inst/U_XSDB_SLAVE/reg_test_reg[0]/D
i_vio/inst/U_XSDB_SLAVE/reg_test_reg[10]/CE
i_vio/inst/U_XSDB_SLAVE/reg_test_reg[10]/D
i_vio/inst/U_XSDB_SLAVE/reg_test_reg[11]/CE
i_vio/inst/U_XSDB_SLAVE/reg_test_reg[11]/D
i_vio/inst/U_XSDB_SLAVE/reg_test_reg[12]/CE
i_vio/inst/U_XSDB_SLAVE/reg_test_reg[12]/D
i_vio/inst/U_XSDB_SLAVE/reg_test_reg[13]/CE
i_vio/inst/U_XSDB_SLAVE/reg_test_reg[13]/D
i_vio/inst/U_XSDB_SLAVE/reg_test_reg[14]/CE
i_vio/inst/U_XSDB_SLAVE/reg_test_reg[14]/D
i_vio/inst/U_XSDB_SLAVE/reg_test_reg[15]/CE
i_vio/inst/U_XSDB_SLAVE/reg_test_reg[15]/D
i_vio/inst/U_XSDB_SLAVE/reg_test_reg[1]/CE
i_vio/inst/U_XSDB_SLAVE/reg_test_reg[1]/D
i_vio/inst/U_XSDB_SLAVE/reg_test_reg[2]/CE
i_vio/inst/U_XSDB_SLAVE/reg_test_reg[2]/D
i_vio/inst/U_XSDB_SLAVE/reg_test_reg[3]/CE
i_vio/inst/U_XSDB_SLAVE/reg_test_reg[3]/D
i_vio/inst/U_XSDB_SLAVE/reg_test_reg[4]/CE
i_vio/inst/U_XSDB_SLAVE/reg_test_reg[4]/D
i_vio/inst/U_XSDB_SLAVE/reg_test_reg[5]/CE
i_vio/inst/U_XSDB_SLAVE/reg_test_reg[5]/D
i_vio/inst/U_XSDB_SLAVE/reg_test_reg[6]/CE
i_vio/inst/U_XSDB_SLAVE/reg_test_reg[6]/D
i_vio/inst/U_XSDB_SLAVE/reg_test_reg[7]/CE
i_vio/inst/U_XSDB_SLAVE/reg_test_reg[7]/D
i_vio/inst/U_XSDB_SLAVE/reg_test_reg[8]/CE
i_vio/inst/U_XSDB_SLAVE/reg_test_reg[8]/D
i_vio/inst/U_XSDB_SLAVE/reg_test_reg[9]/CE
i_vio/inst/U_XSDB_SLAVE/reg_test_reg[9]/D
i_vio/inst/U_XSDB_SLAVE/uuid_stamp_reg[0]/D
i_vio/inst/U_XSDB_SLAVE/uuid_stamp_reg[100]/D
i_vio/inst/U_XSDB_SLAVE/uuid_stamp_reg[101]/D
i_vio/inst/U_XSDB_SLAVE/uuid_stamp_reg[102]/D
i_vio/inst/U_XSDB_SLAVE/uuid_stamp_reg[103]/D
i_vio/inst/U_XSDB_SLAVE/uuid_stamp_reg[104]/D
i_vio/inst/U_XSDB_SLAVE/uuid_stamp_reg[105]/D
i_vio/inst/U_XSDB_SLAVE/uuid_stamp_reg[106]/D
i_vio/inst/U_XSDB_SLAVE/uuid_stamp_reg[107]/D
i_vio/inst/U_XSDB_SLAVE/uuid_stamp_reg[108]/D
i_vio/inst/U_XSDB_SLAVE/uuid_stamp_reg[109]/D
i_vio/inst/U_XSDB_SLAVE/uuid_stamp_reg[10]/D
i_vio/inst/U_XSDB_SLAVE/uuid_stamp_reg[110]/D
i_vio/inst/U_XSDB_SLAVE/uuid_stamp_reg[111]/D
i_vio/inst/U_XSDB_SLAVE/uuid_stamp_reg[112]/D
i_vio/inst/U_XSDB_SLAVE/uuid_stamp_reg[113]/D
i_vio/inst/U_XSDB_SLAVE/uuid_stamp_reg[114]/D
i_vio/inst/U_XSDB_SLAVE/uuid_stamp_reg[115]/D
i_vio/inst/U_XSDB_SLAVE/uuid_stamp_reg[116]/D
i_vio/inst/U_XSDB_SLAVE/uuid_stamp_reg[117]/D
i_vio/inst/U_XSDB_SLAVE/uuid_stamp_reg[118]/D
i_vio/inst/U_XSDB_SLAVE/uuid_stamp_reg[119]/D
i_vio/inst/U_XSDB_SLAVE/uuid_stamp_reg[11]/D
i_vio/inst/U_XSDB_SLAVE/uuid_stamp_reg[120]/D
i_vio/inst/U_XSDB_SLAVE/uuid_stamp_reg[121]/D
i_vio/inst/U_XSDB_SLAVE/uuid_stamp_reg[122]/D
i_vio/inst/U_XSDB_SLAVE/uuid_stamp_reg[123]/D
i_vio/inst/U_XSDB_SLAVE/uuid_stamp_reg[124]/D
i_vio/inst/U_XSDB_SLAVE/uuid_stamp_reg[125]/D
i_vio/inst/U_XSDB_SLAVE/uuid_stamp_reg[126]/D
i_vio/inst/U_XSDB_SLAVE/uuid_stamp_reg[127]/D
i_vio/inst/U_XSDB_SLAVE/uuid_stamp_reg[12]/D
i_vio/inst/U_XSDB_SLAVE/uuid_stamp_reg[13]/D
i_vio/inst/U_XSDB_SLAVE/uuid_stamp_reg[14]/D
i_vio/inst/U_XSDB_SLAVE/uuid_stamp_reg[15]/D
i_vio/inst/U_XSDB_SLAVE/uuid_stamp_reg[16]/D
i_vio/inst/U_XSDB_SLAVE/uuid_stamp_reg[17]/D
i_vio/inst/U_XSDB_SLAVE/uuid_stamp_reg[18]/D
i_vio/inst/U_XSDB_SLAVE/uuid_stamp_reg[19]/D
i_vio/inst/U_XSDB_SLAVE/uuid_stamp_reg[1]/D
i_vio/inst/U_XSDB_SLAVE/uuid_stamp_reg[20]/D
i_vio/inst/U_XSDB_SLAVE/uuid_stamp_reg[21]/D
i_vio/inst/U_XSDB_SLAVE/uuid_stamp_reg[22]/D
i_vio/inst/U_XSDB_SLAVE/uuid_stamp_reg[23]/D
i_vio/inst/U_XSDB_SLAVE/uuid_stamp_reg[24]/D
i_vio/inst/U_XSDB_SLAVE/uuid_stamp_reg[25]/D
i_vio/inst/U_XSDB_SLAVE/uuid_stamp_reg[26]/D
i_vio/inst/U_XSDB_SLAVE/uuid_stamp_reg[27]/D
i_vio/inst/U_XSDB_SLAVE/uuid_stamp_reg[28]/D
i_vio/inst/U_XSDB_SLAVE/uuid_stamp_reg[29]/D
i_vio/inst/U_XSDB_SLAVE/uuid_stamp_reg[2]/D
i_vio/inst/U_XSDB_SLAVE/uuid_stamp_reg[30]/D
i_vio/inst/U_XSDB_SLAVE/uuid_stamp_reg[31]/D
i_vio/inst/U_XSDB_SLAVE/uuid_stamp_reg[32]/D
i_vio/inst/U_XSDB_SLAVE/uuid_stamp_reg[33]/D
i_vio/inst/U_XSDB_SLAVE/uuid_stamp_reg[34]/D
i_vio/inst/U_XSDB_SLAVE/uuid_stamp_reg[35]/D
i_vio/inst/U_XSDB_SLAVE/uuid_stamp_reg[36]/D
i_vio/inst/U_XSDB_SLAVE/uuid_stamp_reg[37]/D
i_vio/inst/U_XSDB_SLAVE/uuid_stamp_reg[38]/D
i_vio/inst/U_XSDB_SLAVE/uuid_stamp_reg[39]/D
i_vio/inst/U_XSDB_SLAVE/uuid_stamp_reg[3]/D
i_vio/inst/U_XSDB_SLAVE/uuid_stamp_reg[40]/D
i_vio/inst/U_XSDB_SLAVE/uuid_stamp_reg[41]/D
i_vio/inst/U_XSDB_SLAVE/uuid_stamp_reg[42]/D
i_vio/inst/U_XSDB_SLAVE/uuid_stamp_reg[43]/D
i_vio/inst/U_XSDB_SLAVE/uuid_stamp_reg[44]/D
i_vio/inst/U_XSDB_SLAVE/uuid_stamp_reg[45]/D
i_vio/inst/U_XSDB_SLAVE/uuid_stamp_reg[46]/D
i_vio/inst/U_XSDB_SLAVE/uuid_stamp_reg[47]/D
i_vio/inst/U_XSDB_SLAVE/uuid_stamp_reg[48]/D
i_vio/inst/U_XSDB_SLAVE/uuid_stamp_reg[49]/D
i_vio/inst/U_XSDB_SLAVE/uuid_stamp_reg[4]/D
i_vio/inst/U_XSDB_SLAVE/uuid_stamp_reg[50]/D
i_vio/inst/U_XSDB_SLAVE/uuid_stamp_reg[51]/D
i_vio/inst/U_XSDB_SLAVE/uuid_stamp_reg[52]/D
i_vio/inst/U_XSDB_SLAVE/uuid_stamp_reg[53]/D
i_vio/inst/U_XSDB_SLAVE/uuid_stamp_reg[54]/D
i_vio/inst/U_XSDB_SLAVE/uuid_stamp_reg[55]/D
i_vio/inst/U_XSDB_SLAVE/uuid_stamp_reg[56]/D
i_vio/inst/U_XSDB_SLAVE/uuid_stamp_reg[57]/D
i_vio/inst/U_XSDB_SLAVE/uuid_stamp_reg[58]/D
i_vio/inst/U_XSDB_SLAVE/uuid_stamp_reg[59]/D
i_vio/inst/U_XSDB_SLAVE/uuid_stamp_reg[5]/D
i_vio/inst/U_XSDB_SLAVE/uuid_stamp_reg[60]/D
i_vio/inst/U_XSDB_SLAVE/uuid_stamp_reg[61]/D
i_vio/inst/U_XSDB_SLAVE/uuid_stamp_reg[62]/D
i_vio/inst/U_XSDB_SLAVE/uuid_stamp_reg[63]/D
i_vio/inst/U_XSDB_SLAVE/uuid_stamp_reg[64]/D
i_vio/inst/U_XSDB_SLAVE/uuid_stamp_reg[65]/D
i_vio/inst/U_XSDB_SLAVE/uuid_stamp_reg[66]/D
i_vio/inst/U_XSDB_SLAVE/uuid_stamp_reg[67]/D
i_vio/inst/U_XSDB_SLAVE/uuid_stamp_reg[68]/D
i_vio/inst/U_XSDB_SLAVE/uuid_stamp_reg[69]/D
i_vio/inst/U_XSDB_SLAVE/uuid_stamp_reg[6]/D
i_vio/inst/U_XSDB_SLAVE/uuid_stamp_reg[70]/D
i_vio/inst/U_XSDB_SLAVE/uuid_stamp_reg[71]/D
i_vio/inst/U_XSDB_SLAVE/uuid_stamp_reg[72]/D
i_vio/inst/U_XSDB_SLAVE/uuid_stamp_reg[73]/D
i_vio/inst/U_XSDB_SLAVE/uuid_stamp_reg[74]/D
i_vio/inst/U_XSDB_SLAVE/uuid_stamp_reg[75]/D
i_vio/inst/U_XSDB_SLAVE/uuid_stamp_reg[76]/D
i_vio/inst/U_XSDB_SLAVE/uuid_stamp_reg[77]/D
i_vio/inst/U_XSDB_SLAVE/uuid_stamp_reg[78]/D
i_vio/inst/U_XSDB_SLAVE/uuid_stamp_reg[79]/D
i_vio/inst/U_XSDB_SLAVE/uuid_stamp_reg[7]/D
i_vio/inst/U_XSDB_SLAVE/uuid_stamp_reg[80]/D
i_vio/inst/U_XSDB_SLAVE/uuid_stamp_reg[81]/D
i_vio/inst/U_XSDB_SLAVE/uuid_stamp_reg[82]/D
i_vio/inst/U_XSDB_SLAVE/uuid_stamp_reg[83]/D
i_vio/inst/U_XSDB_SLAVE/uuid_stamp_reg[84]/D
i_vio/inst/U_XSDB_SLAVE/uuid_stamp_reg[85]/D
i_vio/inst/U_XSDB_SLAVE/uuid_stamp_reg[86]/D
i_vio/inst/U_XSDB_SLAVE/uuid_stamp_reg[87]/D
i_vio/inst/U_XSDB_SLAVE/uuid_stamp_reg[88]/D
i_vio/inst/U_XSDB_SLAVE/uuid_stamp_reg[89]/D
i_vio/inst/U_XSDB_SLAVE/uuid_stamp_reg[8]/D
i_vio/inst/U_XSDB_SLAVE/uuid_stamp_reg[90]/D
i_vio/inst/U_XSDB_SLAVE/uuid_stamp_reg[91]/D
i_vio/inst/U_XSDB_SLAVE/uuid_stamp_reg[92]/D
i_vio/inst/U_XSDB_SLAVE/uuid_stamp_reg[93]/D
i_vio/inst/U_XSDB_SLAVE/uuid_stamp_reg[94]/D
i_vio/inst/U_XSDB_SLAVE/uuid_stamp_reg[95]/D
i_vio/inst/U_XSDB_SLAVE/uuid_stamp_reg[96]/D
i_vio/inst/U_XSDB_SLAVE/uuid_stamp_reg[97]/D
i_vio/inst/U_XSDB_SLAVE/uuid_stamp_reg[98]/D
i_vio/inst/U_XSDB_SLAVE/uuid_stamp_reg[99]/D
i_vio/inst/U_XSDB_SLAVE/uuid_stamp_reg[9]/D
i_vio/inst/bus_data_int_reg[0]/D
i_vio/inst/bus_data_int_reg[10]/D
i_vio/inst/bus_data_int_reg[11]/D
i_vio/inst/bus_data_int_reg[12]/D
i_vio/inst/bus_data_int_reg[13]/D
i_vio/inst/bus_data_int_reg[14]/D
i_vio/inst/bus_data_int_reg[15]/D
i_vio/inst/bus_data_int_reg[1]/D
i_vio/inst/bus_data_int_reg[2]/D
i_vio/inst/bus_data_int_reg[3]/D
i_vio/inst/bus_data_int_reg[4]/D
i_vio/inst/bus_data_int_reg[5]/D
i_vio/inst/bus_data_int_reg[6]/D
i_vio/inst/bus_data_int_reg[7]/D
i_vio/inst/bus_data_int_reg[8]/D
i_vio/inst/bus_data_int_reg[9]/D

 There are 0 pins that are not constrained for maximum delay due to constant clock.


5. checking no_input_delay (1)
------------------------------
 There are 0 input ports with no input delay specified.

 There is 1 input port with no input delay but user has a false path constraint. (MEDIUM)

sys_reset


6. checking no_output_delay (1)
-------------------------------
 There is 1 port with no output delay specified. (HIGH)

c0_ddr4_reset_n

 There are 0 ports with no output delay but user has a false path constraint

 There are 0 ports with no output delay but with a timing clock defined on it or propagating through it


7. checking multiple_clock (0)
------------------------------
 There are 0 register/latch pins with multiple clocks.


8. checking generated_clocks (0)
--------------------------------
 There are 0 generated clocks that are not connected to a clock source.


9. checking loops (0)
---------------------
 There are 0 combinational loops in the design.


10. checking partial_input_delay (4)
------------------------------------
 There are 4 input ports with partial input delay specified. (HIGH)

jtag_tck_i
jtag_tdi_i
jtag_tms_i
uart_rx_i


11. checking partial_output_delay (0)
-------------------------------------
 There are 0 ports with partial output delay specified.


12. checking latch_loops (0)
----------------------------
 There are 0 combinational latch loops in the design through latch input


