Copyright 1986-2020 Xilinx, Inc. All Rights Reserved.
-------------------------------------------------------------------------------------------------------------------------------------------------
| Tool Version      : Vivado v.2020.1 (win64) Build 2902540 Wed May 27 19:54:49 MDT 2020
| Date              : Thu Sep 17 02:06:25 2026
| Host              : DESKTOP-9T3TD2K running 64-bit major release  (build 9200)
| Command           : report_clock_interaction -file D:/project/ara/hardware/fpga/ara_dsa_vcu118/reports/impl_6abc9f1816a4/clock_interaction.rpt
| Design            : ara_dsa_vcu118
| Device            : xcvu9p-flga2104
| Speed File        : -2L  PRODUCTION 1.27 02-28-2020
| Temperature Grade : E
-------------------------------------------------------------------------------------------------------------------------------------------------

Clock Interaction Report

Clock Interaction Table
-----------------------

                                                                                                                                                                                                          WNS                            TNS Failing  TNS Total    WNS Path         Clock-Pair           Inter-Clock                  
From Clock                                                                                           To Clock                                                                                             Clock Edges  WNS(ns)  TNS(ns)    Endpoints    Endpoints  Requirement(ns)  Classification       Constraints                  
---------------------------------------------------------------------------------------------------  ---------------------------------------------------------------------------------------------------  -----------  -------  -------  -----------  -----------  ---------------  -------------------  ---------------------------  
ara_async_pad                                                                                        clk_50_clkwiz                                                                                        rise - rise    12.42     0.00            0            4            20.00  Virtual Clock        Timed                        
clk_50_clkwiz                                                                                        clk_50_clkwiz                                                                                        rise - rise     1.37     0.00            0       579642            20.00  Clean                Partial False Path           
clk_50_clkwiz                                                                                        dbg_hub/inst/BSCANID.u_xsdbm_id/SWITCH_N_EXT_BSCAN.bscan_inst/SERIES7_BSCAN.bscan_inst/INTERNAL_TCK  rise - rise    19.67     0.00            0          103            20.00  Ignored              Max Delay Datapath Only      
clk_50_clkwiz                                                                                        mmcm_clkout0                                                                                         rise - rise     0.55     0.00            0          716             3.00  No Common Phase      Partial False Path (unsafe)  
clk_50_clkwiz                                                                                        sys_clk                                                                                                                                       0            2                   Ignored              False Path                   
dbg_hub/inst/BSCANID.u_xsdbm_id/SWITCH_N_EXT_BSCAN.bscan_inst/SERIES7_BSCAN.bscan_inst/INTERNAL_TCK  clk_50_clkwiz                                                                                        rise - rise    49.45     0.00            0           87            50.00  Ignored              Max Delay Datapath Only      
dbg_hub/inst/BSCANID.u_xsdbm_id/SWITCH_N_EXT_BSCAN.bscan_inst/SERIES7_BSCAN.bscan_inst/INTERNAL_TCK  dbg_hub/inst/BSCANID.u_xsdbm_id/SWITCH_N_EXT_BSCAN.bscan_inst/SERIES7_BSCAN.bscan_inst/INTERNAL_TCK  rise - fall     8.69     0.00            0         1155            25.00  Clean                Timed                        
mmcm_clkout0                                                                                         clk_50_clkwiz                                                                                        rise - rise     0.65     0.00            0          568             3.00  No Common Phase      Partial False Path (unsafe)  
mmcm_clkout0                                                                                         mmcm_clkout0                                                                                         rise - rise     0.02     0.00            0        94018             3.33  Clean                Partial False Path           
mmcm_clkout0                                                                                         mmcm_clkout6                                                                                         rise - rise     1.89     0.00            0           36             3.33  Clean                Timed                        
mmcm_clkout0                                                                                         pll_clk[0]_DIV                                                                                       rise - rise     0.53     0.00            0          304             3.33  Clean                Timed                        
mmcm_clkout0                                                                                         pll_clk[1]_DIV                                                                                       rise - rise     0.73     0.00            0          264             3.33  Clean                Timed                        
mmcm_clkout0                                                                                         pll_clk[2]_DIV                                                                                       rise - rise     0.76     0.00            0          352             3.33  Clean                Timed                        
mmcm_clkout6                                                                                         mmcm_clkout0                                                                                         rise - rise     1.89     0.00            0          129             3.00  Ignored              Max Delay Datapath Only      
mmcm_clkout6                                                                                         mmcm_clkout6                                                                                         rise - rise     1.40     0.00            0         5647             6.67  Clean                Partial False Path           
sys_clk                                                                                              mmcm_clkout0                                                                                                                                  0            1                   Ignored              False Path                   
sys_clk                                                                                              mmcm_clkout6                                                                                                                                  0            2                   Ignored              False Path                   
sys_clk                                                                                              sys_clk                                                                                              rise - rise     2.27     0.00            0           23             4.00  Clean                Timed                        


