Copyright 1986-2020 Xilinx, Inc. All Rights Reserved.
-----------------------------------------------------------------------------------------------------------------------------------
| Tool Version      : Vivado v.2020.1 (win64) Build 2902540 Wed May 27 19:54:49 MDT 2020
| Date              : Thu Sep 17 02:10:57 2026
| Host              : DESKTOP-9T3TD2K running 64-bit major release  (build 9200)
| Command           : report_exceptions -file D:/project/ara/hardware/fpga/ara_dsa_vcu118/reports/impl_6abc9f1816a4/exceptions.rpt
| Design            : ara_dsa_vcu118
| Device            : xcvu9p-flga2104
| Speed File        : -2L  PRODUCTION 1.27 02-28-2020
| Temperature Grade : E
-----------------------------------------------------------------------------------------------------------------------------------

Exceptions Report

Position  From                                                                              Through                                               To                                                                                Setup           Hold            Status           
--------  --------------------------------------------------------------------------------  ----------------------------------------------------  --------------------------------------------------------------------------------  --------------  --------------  -----------------
1         [get_cells -hierarchical -filter { NAME =~  "*Hold_probe_in*" &&  IS_SEQUENTIAL   *                                                     [get_cells -hierarchical -filter { NAME =~  "*PROBE_IN_INST/probe_in_reg*" && IS  false           false           
          }]                                                                                                                                      _SEQUENTIAL}]                                                                                                     
2         [get_cells -hierarchical -filter { NAME =~  "*PROBE_IN_INST/probe_in_reg*" &&  I  *                                                     [get_cells -hierarchical -filter { NAME =~  "*data_int_sync1*" && IS_SEQUENTIAL   false           false           
          S_SEQUENTIAL}]                                                                                                                          }]                                                                                                                
3         [get_cells -hierarchical -filter { NAME =~  "*committ_int*" && IS_SEQUENTIAL}]    *                                                     [get_cells -hierarchical -filter { NAME =~  "*Committ_1*" &&  IS_SEQUENTIAL}]     false           false           
4         [get_cells -hierarchical -filter { NAME =~  "*clear_int*" && IS_SEQUENTIAL}]      *                                                     [get_cells -hierarchical -filter { NAME =~  "*Probe_out*" && IS_SEQUENTIAL}]      false           false           
5         [get_cells -hierarchical -filter { NAME =~  "*clear_int*" && IS_SEQUENTIAL }]     *                                                     [get_cells -hierarchical -filter { NAME =~  "*PROBE_OUT_ALL_INST/G_PROBE_OUT[*].  false           false           
                                                                                                                                                  PROBE_OUT0_INST/data_int*" && IS_SEQUENTIAL}]                                                                     
6         [get_cells -hierarchical -filter { NAME =~  "*data_int_*" && IS_SEQUENTIAL }]     *                                                     [get_cells -hierarchical -filter { NAME =~  "*Probe_out_*" && IS_SEQUENTIAL}]     false           false           
7         *                                                                                 [get_ports -scoped_to_current_instance Reset]         *                                                                                 false           false           
8         *                                                                                 *                                                     [get_pins -hier *cdc_to*/D]                                                       false           false           Invalid endpoint 
11        *                                                                                 *                                                     [get_pins */*/*/*/*/*.u_xiphy_control/xiphy_control/RIU_ADDR*]                    -               false           
12        *                                                                                 *                                                     [get_pins */*/*/*/*/*.u_xiphy_control/xiphy_control/RIU_WR_DATA*]                 -               false           
13        [get_pins */*/*/u_ddr_cal_addr_decode/io_ready_lvl_reg/C]                         *                                                     [get_pins {*/u_io_ready_lvl_sync/SYNC[*].sync_reg_reg[0]/D}]                      max_dpo=5       -               
14        [get_pins {*/*/*/u_ddr_cal_addr_decode/io_read_data_reg[*]/C}]                    *                                                     [get_pins {*/u_io_read_data_sync/SYNC[*].sync_reg_reg[0]/D}]                      max_dpo=5       -               
15        [get_pins */*/*/phy_ready_riuclk_reg/C]                                           *                                                     [get_pins {*/u_phy2clb_phy_ready_sync/SYNC[*].sync_reg_reg[0]/D}]                 max_dpo=3       -               
16        [get_pins */*/*/bisc_complete_riuclk_reg/C]                                       *                                                     [get_pins {*/u_phy2clb_bisc_complete_sync/SYNC[*].sync_reg_reg[0]/D}]             max_dpo=3       -               
17        [get_pins */*/io_addr_strobe_lvl_riuclk_reg/C]                                    *                                                     [get_pins {*/u_io_addr_strobe_lvl_sync/SYNC[*].sync_reg_reg[0]/D}]                max_dpo=3       -               
18        [get_pins */*/io_write_strobe_riuclk_reg/C]                                       *                                                     [get_pins {*/u_io_write_strobe_sync/SYNC[*].sync_reg_reg[0]/D}]                   max_dpo=3       -               
19        [get_pins {*/*/io_address_riuclk_reg[*]/C}]                                       *                                                     [get_pins {*/u_io_addr_sync/SYNC[*].sync_reg_reg[0]/D}]                           max_dpo=3       -               Invalid endpoint 
20        [get_pins {*/*/io_write_data_riuclk_reg[*]/C}]                                    *                                                     [get_pins {*/u_io_write_data_sync/SYNC[*].sync_reg_reg[0]/D}]                     max_dpo=3       -               
21        [get_pins */en_vtc_in_reg/C]                                                      *                                                     [get_pins {*/u_en_vtc_sync/SYNC[*].sync_reg_reg[0]/D}]                            max_dpo=10      -               
22        [get_pins {*/*/riu2clb_valid_r1_riuclk_reg[*]/C}]                                 *                                                     [get_pins {*/u_riu2clb_valid_sync/SYNC[*].sync_reg_reg[0]/D}]                     max_dpo=10      -               
23        [get_pins {*/*/*/phy2clb_fixdly_rdy_low_riuclk_int_reg[*]/C}]                     *                                                     [get_pins {*/u_phy2clb_fixdly_rdy_low/SYNC[*].sync_reg_reg[0]/D}]                 max_dpo=10      -               Invalid endpoint 
24        [get_pins {*/*/*/phy2clb_fixdly_rdy_upp_riuclk_int_reg[*]/C}]                     *                                                     [get_pins {*/u_phy2clb_fixdly_rdy_upp/SYNC[*].sync_reg_reg[0]/D}]                 max_dpo=10      -               Invalid endpoint 
25        [get_pins {*/*/*/phy2clb_phy_rdy_low_riuclk_int_reg[*]/C}]                        *                                                     [get_pins {*/u_phy2clb_phy_rdy_low/SYNC[*].sync_reg_reg[0]/D}]                    max_dpo=10      -               Invalid endpoint 
26        [get_pins {*/*/*/phy2clb_phy_rdy_upp_riuclk_int_reg[*]/C}]                        *                                                     [get_pins {*/u_phy2clb_phy_rdy_upp/SYNC[*].sync_reg_reg[0]/D}]                    max_dpo=10      -               Invalid endpoint 
27        [get_pins */rst_r1_reg/C]                                                         *                                                     [get_pins {*/u_fab_rst_sync/SYNC[*].sync_reg_reg[0]/D}]                           max_dpo=10      -               
28        [get_pins */*/*/clb2phy_t_b_addr_riuclk_reg/C]                                    *                                                     [get_pins {*/*/*/clb2phy_t_b_addr_i_reg[0]/D}]                                    max_dpo=3       -               
29        [get_pins */*/*/*/slave_en_lvl_reg/C]                                             *                                                     [get_pins {*/*/*/*/u_slave_en_sync/SYNC[*].sync_reg_reg[0]/D}]                    max_dpo=3       -               
30        [get_pins */*/*/*/slave_we_r_reg/C]                                               *                                                     [get_pins {*/*/*/*/u_slave_we_sync/SYNC[*].sync_reg_reg[0]/D}]                    max_dpo=3       -               
31        [get_pins {*/*/*/*/slave_addr_r_reg[*]/C}]                                        *                                                     [get_pins {*/*/*/*/u_slave_addr_sync/SYNC[*].sync_reg_reg[0]/D}]                  max_dpo=3       -               
32        [get_pins {*/*/*/*/slave_di_r_reg[*]/C}]                                          *                                                     [get_pins {*/*/*/*/u_slave_di_sync/SYNC[*].sync_reg_reg[0]/D}]                    max_dpo=3       -               
33        [get_pins */*/*/*/slave_rdy_cptd_sclk_reg/C]                                      *                                                     [get_pins {*/*/*/*/u_slave_rdy_cptd_sync/SYNC[*].sync_reg_reg[0]/D}]              max_dpo=3       -               
34        [get_pins */*/*/*/slave_rdy_lvl_fclk_reg/C]                                       *                                                     [get_pins {*/*/*/*/u_slave_rdy_sync/SYNC[*].sync_reg_reg[0]/D}]                   max_dpo=12      -               
35        [get_pins {*/*/*/*/slave_do_fclk_reg[*]/C}]                                       *                                                     [get_pins {*/*/*/*/u_slave_do_sync/SYNC[*].sync_reg_reg[0]/D}]                    max_dpo=12      -               
36        *                                                                                 [get_pins u_ddr4_infrastructure/sys_rst]              *                                                                                 false           false           
40        [get_pins */rst_async_riu_div_reg/C]                                              *                                                     [get_pins {*/rst_div_sync_r_reg[0]/D}]                                            false           false           
41        [get_pins */rst_async_mb_reg/C]                                                   *                                                     [get_pins {*/rst_mb_sync_r_reg[0]/D}]                                             false           false           
42        [get_pins */rst_async_riu_div_reg/C]                                              *                                                     [get_pins {*/rst_riu_sync_r_reg[0]/D}]                                            false           false           
44        *                                                                                 *                                                     [get_ports uart_tx_o]                                                             max=70          -               
45        *                                                                                 *                                                     [get_ports uart_tx_o]                                                             -               false           
46        [get_ports sys_reset]                                                             *                                                     *                                                                                 false           false           
47        [get_clocks -quiet -of_objects [get_pins -quiet i_dram_wrapper/gen_cdc.i_axi_cdc  *                                                     [get_pins -quiet -of_objects [get_cells -quiet -hierarchical -filter {NAME =~ i_  max_dpo=3       -               
          _mig/i_axi_cdc_src/i_cdc_fifo_gray_src_aw/src_clk_i]]                                                                                   dram_wrapper/gen_cdc.i_axi_cdc_mig/i_axi_cdc_dst/i_cdc_fifo_gray_dst_aw/i_spill_                                  
                                                                                                                                                  register/* && REF_NAME =~ FD*}] -filter {REF_PIN_NAME == D}]                                                      
48        [get_clocks -quiet -of_objects [get_pins -quiet i_dram_wrapper/gen_cdc.i_axi_cdc  *                                                     [get_pins -quiet -of_objects [get_cells -quiet -hierarchical -filter {NAME =~ i_  max_dpo=3       -               
          _mig/i_axi_cdc_src/i_cdc_fifo_gray_src_w/src_clk_i]]                                                                                    dram_wrapper/gen_cdc.i_axi_cdc_mig/i_axi_cdc_dst/i_cdc_fifo_gray_dst_w/i_spill_r                                  
                                                                                                                                                  egister/* && REF_NAME =~ FD*}] -filter {REF_PIN_NAME == D}]                                                       
49        [get_clocks -quiet -of_objects [get_pins -quiet i_dram_wrapper/gen_cdc.i_axi_cdc  *                                                     [get_pins -quiet -of_objects [get_cells -quiet -hierarchical -filter {NAME =~ i_  max_dpo=3       -               
          _mig/i_axi_cdc_src/i_cdc_fifo_gray_src_ar/src_clk_i]]                                                                                   dram_wrapper/gen_cdc.i_axi_cdc_mig/i_axi_cdc_dst/i_cdc_fifo_gray_dst_ar/i_spill_                                  
                                                                                                                                                  register/* && REF_NAME =~ FD*}] -filter {REF_PIN_NAME == D}]                                                      
50        [get_clocks -quiet -of_objects [get_pins -quiet i_dram_wrapper/gen_cdc.i_axi_cdc  *                                                     [get_pins -quiet -of_objects [get_cells -quiet -hierarchical -filter {NAME =~ i_  max_dpo=3       -               Invalid endpoint 
          _mig/i_axi_cdc_dst/i_cdc_fifo_gray_src_b/src_clk_i]]                                                                                    dram_wrapper/gen_cdc.i_axi_cdc_mig/i_axi_cdc_src/i_cdc_fifo_gray_dst_b/i_spill_r                                  
                                                                                                                                                  egister/* && REF_NAME =~ FD*}] -filter {REF_PIN_NAME == D}]                                                       
51        [get_clocks -quiet -of_objects [get_pins -quiet i_dram_wrapper/gen_cdc.i_axi_cdc  *                                                     [get_pins -quiet -of_objects [get_cells -quiet -hierarchical -filter {NAME =~ i_  max_dpo=3       -               Invalid endpoint 
          _mig/i_axi_cdc_dst/i_cdc_fifo_gray_src_r/src_clk_i]]                                                                                    dram_wrapper/gen_cdc.i_axi_cdc_mig/i_axi_cdc_src/i_cdc_fifo_gray_dst_r/i_spill_r                                  
                                                                                                                                                  egister/* && REF_NAME =~ FD*}] -filter {REF_PIN_NAME == D}]                                                       
52        *                                                                                 [get_pins -quiet i_rstgen/rst_ni]                     *                                                                                 false           false           
53        *                                                                                 [get_pins -quiet i_dram_wrapper/i_ui_rstgen/rst_ni]   *                                                                                 false           false           
55        *                                                                                 [get_pins -quiet i_dram_wrapper/i_ui_por/rst_ni]      *                                                                                 false           false           
63        [get_clocks -quiet -of_objects [get_pins -quiet i_cheshire_soc/i_dbg_dmi_jtag/cl  *                                                     [get_ports -quiet jtag_tdo_o]                                                     max_dpo=20      -               
          k_i]]                                                                                                                                                                                                                                                     
66        [get_clocks -quiet -of_objects [get_pins -quiet i_dram_wrapper/gen_cdc.i_axi_cdc  *                                                     [get_ports -quiet c0_ddr4_reset_n]                                                max_dpo=3.333   -               
          _mig/i_axi_cdc_dst/i_cdc_fifo_gray_src_r/src_clk_i]]                                                                                                                                                                                                      
68        [filter [all_fanout -from [get_pins -filter REF_PIN_NAME=~wr_clk -of_objects [ge  *                                                     [get_cells -hierarchical -filter {NAME =~ *U_RD_FIFO*gdm.dm_gen.dm*/gpr1.dout_i_  false           false           
          t_cells -hierarchical -filter {NAME =~ "*SUBCORE_FIFO.*rdfifo_inst"}]] -flat -en                                                        reg*}]                                                                                                            
          dpoints_only] IS_LEAF]                                                                                                                                                                                                                                    
69        [get_cells -hierarchical -filter {NAME =~ "*BSCANID.u_xsdbm_id/CORE_XSDB.UUT_MAS  *                                                     [get_cells -hierarchical -filter {NAME =~ "*BSCANID.u_xsdbm_id/CORE_XSDB.UUT_MAS  max_dpo=50      -               
          TER/U_ICON_INTERFACE/U_CMD6_RD/U_RD_FIFO/SUBCORE_FIFO.xsdbm_v3_0_0_rdfifo_inst/i                                                        TER/U_ICON_INTERFACE/U_CMD6_RD/U_RD_FIFO/SUBCORE_FIFO.xsdbm_v3_0_0_rdfifo_inst/i                                  
          nst_fifo_gen/gconvfifo.rf/grf.rf/gntv_or_sync_fifo.gcx.clkx/*rd_pntr_gc_reg[*]"}                                                        nst_fifo_gen/gconvfifo.rf/grf.rf/gntv_or_sync_fifo.gcx.clkx/*gsync_stage[1].wr_s                                  
          ]                                                                                                                                       tg_inst/Q_reg_reg[*]"}]                                                                                           
71        [get_cells -hierarchical -filter {NAME =~ "*BSCANID.u_xsdbm_id/CORE_XSDB.UUT_MAS  *                                                     [get_cells -hierarchical -filter {NAME =~ "*BSCANID.u_xsdbm_id/CORE_XSDB.UUT_MAS  max_dpo=20      -               
          TER/U_ICON_INTERFACE/U_CMD6_RD/U_RD_FIFO/SUBCORE_FIFO.xsdbm_v3_0_0_rdfifo_inst/i                                                        TER/U_ICON_INTERFACE/U_CMD6_RD/U_RD_FIFO/SUBCORE_FIFO.xsdbm_v3_0_0_rdfifo_inst/i                                  
          nst_fifo_gen/gconvfifo.rf/grf.rf/gntv_or_sync_fifo.gcx.clkx/*wr_pntr_gc_reg[*]"}                                                        nst_fifo_gen/gconvfifo.rf/grf.rf/gntv_or_sync_fifo.gcx.clkx/*gsync_stage[1].rd_s                                  
          ]                                                                                                                                       tg_inst/Q_reg_reg[*]"}]                                                                                           
73        [filter [all_fanout -from [get_pins -filter REF_PIN_NAME=~wr_clk -of_objects [ge  *                                                     [get_cells -hierarchical -filter {NAME =~ *U_WR_FIFO*gdm.dm_gen.dm*/gpr1.dout_i_  false           false           
          t_cells -hierarchical -filter {NAME =~ "*SUBCORE_FIFO.*wrfifo_inst"}]] -flat -en                                                        reg*}]                                                                                                            
          dpoints_only] IS_LEAF]                                                                                                                                                                                                                                    
74        [get_cells -hierarchical -filter {NAME =~ "*BSCANID.u_xsdbm_id/CORE_XSDB.UUT_MAS  *                                                     [get_cells -hierarchical -filter {NAME =~ "*BSCANID.u_xsdbm_id/CORE_XSDB.UUT_MAS  max_dpo=20      -               
          TER/U_ICON_INTERFACE/U_CMD6_WR/U_WR_FIFO/SUBCORE_FIFO.xsdbm_v3_0_0_wrfifo_inst/i                                                        TER/U_ICON_INTERFACE/U_CMD6_WR/U_WR_FIFO/SUBCORE_FIFO.xsdbm_v3_0_0_wrfifo_inst/i                                  
          nst_fifo_gen/gconvfifo.rf/grf.rf/gntv_or_sync_fifo.gcx.clkx/*rd_pntr_gc_reg[*]"}                                                        nst_fifo_gen/gconvfifo.rf/grf.rf/gntv_or_sync_fifo.gcx.clkx/*gsync_stage[1].wr_s                                  
          ]                                                                                                                                       tg_inst/Q_reg_reg[*]"}]                                                                                           
76        [get_cells -hierarchical -filter {NAME =~ "*BSCANID.u_xsdbm_id/CORE_XSDB.UUT_MAS  *                                                     [get_cells -hierarchical -filter {NAME =~ "*BSCANID.u_xsdbm_id/CORE_XSDB.UUT_MAS  max_dpo=50      -               
          TER/U_ICON_INTERFACE/U_CMD6_WR/U_WR_FIFO/SUBCORE_FIFO.xsdbm_v3_0_0_wrfifo_inst/i                                                        TER/U_ICON_INTERFACE/U_CMD6_WR/U_WR_FIFO/SUBCORE_FIFO.xsdbm_v3_0_0_wrfifo_inst/i                                  
          nst_fifo_gen/gconvfifo.rf/grf.rf/gntv_or_sync_fifo.gcx.clkx/*wr_pntr_gc_reg[*]"}                                                        nst_fifo_gen/gconvfifo.rf/grf.rf/gntv_or_sync_fifo.gcx.clkx/*gsync_stage[1].rd_s                                  
          ]                                                                                                                                       tg_inst/Q_reg_reg[*]"}]                                                                                           
78        [get_cells -hierarchical -filter {NAME =~ "*BSCANID.u_xsdbm_id/CORE_XSDB.UUT_MAS  *                                                     [get_cells -hierarchical -filter {NAME =~ "*BSCANID.u_xsdbm_id/CORE_XSDB.UUT_MAS  false           false           
          TER/U_ICON_INTERFACE/icn_cmd_en_reg[5]"}]                                                                                               TER/U_ICON_INTERFACE/icn_cmd_en_5_temp_reg"}]                                                                     
79        [get_cells -hierarchical -filter {NAME =~ "*BSCANID.u_xsdbm_id/CORE_XSDB.UUT_MAS  *                                                     [get_cells -hierarchical -filter {NAME =~ "*BSCANID.u_xsdbm_id/CORE_XSDB.UUT_MAS  false           false           
          TER/U_ICON_INTERFACE/U_CMD1/icn_cmd_en_temp_reg"}]                                                                                      TER/U_ICON_INTERFACE/U_CMD1/ctl_reg_en_1_reg[0]"}]                                                                
80        [get_cells -hierarchical -filter {NAME =~ "*BSCANID.u_xsdbm_id/CORE_XSDB.UUT_MAS  *                                                     [get_cells -hierarchical -filter {NAME =~ "*BSCANID.u_xsdbm_id/CORE_XSDB.UUT_MAS  false           false           
          TER/U_ICON_INTERFACE/U_CMD2/icn_cmd_en_temp_reg"}]                                                                                      TER/U_ICON_INTERFACE/U_CMD2/stat_reg_ld_reg[0]"}]                                                                 
81        [get_cells -hierarchical -filter {NAME =~ "*BSCANID.u_xsdbm_id/CORE_XSDB.UUT_MAS  *                                                     [get_cells -hierarchical -filter {NAME =~ "*BSCANID.u_xsdbm_id/CORE_XSDB.UUT_MAS  false           false           
          TER/U_ICON_INTERFACE/U_CMD3/icn_cmd_en_temp_reg"}]                                                                                      TER/U_ICON_INTERFACE/U_CMD3/stat_reg_ld_reg[0]"}]                                                                 
82        [get_cells -hierarchical -filter {NAME =~ "*BSCANID.u_xsdbm_id/CORE_XSDB.UUT_MAS  *                                                     [get_cells -hierarchical -filter {NAME =~ "*BSCANID.u_xsdbm_id/CORE_XSDB.UUT_MAS  false           false           
          TER/U_ICON_INTERFACE/U_CMD4/icn_cmd_en_temp_reg"}]                                                                                      TER/U_ICON_INTERFACE/U_CMD4/ctl_reg_en_1_reg[0]"}]                                                                
83        [get_cells -hierarchical -filter {NAME =~ "*BSCANID.u_xsdbm_id/CORE_XSDB.UUT_MAS  *                                                     [get_cells -hierarchical -filter {NAME =~ "*BSCANID.u_xsdbm_id/CORE_XSDB.UUT_MAS  false           false           
          TER/U_ICON_INTERFACE/U_CMD5/icn_cmd_en_temp_reg"}]                                                                                      TER/U_ICON_INTERFACE/U_CMD5/ctl_reg_en_1_reg[0]"}]                                                                
84        [get_cells -hierarchical -filter {NAME =~ "*BSCANID.u_xsdbm_id/CORE_XSDB.UUT_MAS  *                                                     [get_cells -hierarchical -filter {NAME =~ "*BSCANID.u_xsdbm_id/CORE_XSDB.UUT_MAS  false           false           
          TER/U_ICON_INTERFACE/U_CMD7_CTL/icn_cmd_en_temp_reg"}]                                                                                  TER/U_ICON_INTERFACE/U_CMD7_CTL/ctl_reg_en_1_reg[0]"}]                                                            
85        [get_cells -hierarchical -filter {NAME =~ "*BSCANID.u_xsdbm_id/CORE_XSDB.UUT_MAS  *                                                     [get_cells -hierarchical -filter {NAME =~ "*BSCANID.u_xsdbm_id/CORE_XSDB.UUT_MAS  false           false           
          TER/U_ICON_INTERFACE/U_CMD7_CTL/shift_reg_in_reg[*]"}]                                                                                  TER/U_ICON_INTERFACE/U_CMD7_CTL/ctl_reg_reg[*]"}]                                                                 
86        [get_cells -hierarchical -filter {NAME =~ "*BSCANID.u_xsdbm_id/CORE_XSDB.UUT_MAS  *                                                     [get_cells -hierarchical -filter {NAME =~ "*BSCANID.u_xsdbm_id/CORE_XSDB.UUT_MAS  false           false           
          TER/U_ICON_INTERFACE/U_CMD7_CTL/shift_reg_in_reg[0]"}]                                                                                  TER/U_ICON_INTERFACE/U_CMD7_STAT/stat_reg_reg[0]"}]                                                               
87        [get_cells -hierarchical -filter {NAME =~ "*BSCANID.u_xsdbm_id/CORE_XSDB.UUT_MAS  *                                                     [get_cells -hierarchical -filter {NAME =~ "*BSCANID.u_xsdbm_id/CORE_XSDB.UUT_MAS  false           false           
          TER/U_ICON_INTERFACE/U_CMD7_STAT/icn_cmd_en_temp_reg"}]                                                                                 TER/U_ICON_INTERFACE/U_CMD7_STAT/stat_reg_ld_reg[0]"}]                                                            
88        [get_cells -hierarchical -filter {NAME =~ "*BSCANID.u_xsdbm_id/CORE_XSDB.UUT_MAS  *                                                     [get_cells -hierarchical -filter {NAME =~ "*BSCANID.u_xsdbm_id/CORE_XSDB.UUT_MAS  false           false           
          TER/U_ICON_INTERFACE/wrdata_rst_reg"}]                                                                                                  TER/U_ICON_INTERFACE/U_CMD6_WR/U_WR_FIFO/SUBCORE_FIFO.xsdbm_v3_0_0_wrfifo_inst/i                                  
                                                                                                                                                  nst_fifo_gen/gconvfifo.rf/grf.rf/rstblk/ngwrdrst.grst.g7serrst.rst_rd_reg1_reg"}                                  
                                                                                                                                                  ]                                                                                                                 
89        [get_cells -hierarchical -filter {NAME =~ "*BSCANID.u_xsdbm_id/CORE_XSDB.UUT_MAS  *                                                     [get_cells -hierarchical -filter {NAME =~ "*BSCANID.u_xsdbm_id/CORE_XSDB.UUT_MAS  false           false           
          TER/U_ICON_INTERFACE/wrdata_rst_reg"}]                                                                                                  TER/U_ICON_INTERFACE/U_CMD6_WR/U_WR_FIFO/SUBCORE_FIFO.xsdbm_v3_0_0_wrfifo_inst/i                                  
                                                                                                                                                  nst_fifo_gen/gconvfifo.rf/grf.rf/rstblk/ngwrdrst.grst.g7serrst.rst_rd_reg2_reg"}                                  
                                                                                                                                                  ]                                                                                                                 
90        [get_cells -hierarchical -filter {NAME =~ "*BSCANID.u_xsdbm_id/CORE_XSDB.UUT_MAS  *                                                     [get_cells -hierarchical -filter {NAME =~ "*BSCANID.u_xsdbm_id/CORE_XSDB.UUT_MAS  false           false           
          TER/U_ICON_INTERFACE/U_CMD4/shift_reg_in_reg[*]"}]                                                                                      TER/U_ICON_INTERFACE/U_CMD4/ctl_reg_reg[*]"}]                                                                     
91        [get_cells -hierarchical -filter {NAME =~ "*BSCANID.u_xsdbm_id/CORE_XSDB.UUT_MAS  *                                                     [get_cells -hierarchical -filter {NAME =~ "*BSCANID.u_xsdbm_id/CORE_XSDB.UUT_MAS  false           false           
          TER/U_ICON_INTERFACE/U_CMD1/shift_reg_in_reg[*]"}]                                                                                      TER/U_ICON_INTERFACE/U_CMD1/ctl_reg_reg[*]"}]                                                                     
92        [get_cells -hierarchical -filter {NAME =~ "*BSCANID.u_xsdbm_id/CORE_XSDB.UUT_MAS  *                                                     [get_cells -hierarchical -filter {NAME =~ "*BSCANID.u_xsdbm_id/CORE_XSDB.UUT_MAS  false           false           
          TER/U_ICON_INTERFACE/U_CMD5/shift_reg_in_reg[*]"}]                                                                                      TER/U_ICON_INTERFACE/U_CMD5/ctl_reg_reg[*]"}]                                                                     
93        [get_cells -hierarchical -filter {NAME =~ "*BSCANID.u_xsdbm_id/CORE_XSDB.UUT_MAS  *                                                     [get_cells -hierarchical -filter {NAME =~ "*BSCANID.u_xsdbm_id/CORE_XSDB.UUT_MAS  false           false           
          TER/U_ICON_INTERFACE/U_CMD1/ctl_reg_reg[0]"}]                                                                                           TER/U_ICON_INTERFACE/ma_rst_1_reg"}]                                                                              
94        [get_cells -hierarchical -filter {NAME =~ "*BSCANID.u_xsdbm_id/CORE_XSDB.UUT_MAS  *                                                     [get_cells -hierarchical -filter {NAME =~ "*BSCANID.u_xsdbm_id/CORE_XSDB.UUT_MAS  false           false           
          TER/U_ICON_INTERFACE/U_CMD2/stat_reg_reg[*]"}]                                                                                          TER/U_ICON_INTERFACE/U_CMD2/stat_reg_1_reg[*]"}]                                                                  
95        [get_cells -hierarchical -filter {NAME =~ "*BSCANID.u_xsdbm_id/CORE_XSDB.UUT_MAS  *                                                     [get_cells -hierarchical -filter {NAME =~ "*BSCANID.u_xsdbm_id/CORE_XSDB.UUT_MAS  false           false           
          TER/U_ICON_INTERFACE/U_CMD3/stat_reg_reg[*]"}]                                                                                          TER/U_ICON_INTERFACE/U_CMD3/stat_reg_1_reg[*]"}]                                                                  
96        [get_cells -hierarchical -filter {NAME =~ "*BSCANID.u_xsdbm_id/CORE_XSDB.UUT_MAS  *                                                     [get_cells -hierarchical -filter {NAME =~ "*BSCANID.u_xsdbm_id/CORE_XSDB.UUT_MAS  false           false           
          TER/U_ICON_INTERFACE/U_CMD7_STAT/stat_reg_reg[*]"}]                                                                                     TER/U_ICON_INTERFACE/U_CMD7_STAT/stat_reg_1_reg[*]"}]                                                             
97        [get_cells -hierarchical -filter {NAME =~ "*BSCANID.u_xsdbm_id/CORE_XSDB.UUT_MAS  *                                                     [get_cells -hierarchical -filter {NAME =~ "*BSCANID.u_xsdbm_id/CORE_XSDB.UUT_MAS  false           false           
          TER/U_ICON_INTERFACE/rddata_rst_reg"}]                                                                                                  TER/U_ICON_INTERFACE/U_CMD6_RD/U_RD_FIFO/SUBCORE_FIFO.xsdbm_v3_0_0_rdfifo_inst/i                                  
                                                                                                                                                  nst_fifo_gen/gconvfifo.rf/grf.rf/rstblk/ngwrdrst.grst.g7serrst.rst_rd_reg1_reg"}                                  
                                                                                                                                                  ]                                                                                                                 
98        [get_cells -hierarchical -filter {NAME =~ "*BSCANID.u_xsdbm_id/CORE_XSDB.UUT_MAS  *                                                     [get_cells -hierarchical -filter {NAME =~ "*BSCANID.u_xsdbm_id/CORE_XSDB.UUT_MAS  false           false           
          TER/U_ICON_INTERFACE/rddata_rst_reg"}]                                                                                                  TER/U_ICON_INTERFACE/U_CMD6_RD/U_RD_FIFO/SUBCORE_FIFO.xsdbm_v3_0_0_rdfifo_inst/i                                  
                                                                                                                                                  nst_fifo_gen/gconvfifo.rf/grf.rf/rstblk/ngwrdrst.grst.g7serrst.rst_rd_reg2_reg"}                                  
                                                                                                                                                  ]                                                                                                                 
99        [get_cells -hierarchical -filter {NAME =~ "*BSCANID.u_xsdbm_id/CORE_XSDB.UUT_MAS  *                                                     [get_cells -hierarchical -filter {NAME =~ "*BSCANID.u_xsdbm_id/CORE_XSDB.UUT_MAS  false           false           
          TER/U_ICON_INTERFACE/rddata_rst_reg"}]                                                                                                  TER/U_ICON_INTERFACE/U_CMD6_RD/shift_reg_in_reg[*]"}]                                                             
100       [get_cells -hierarchical -filter {NAME =~ "*BSCANID.u_xsdbm_id/CORE_XSDB.UUT_MAS  *                                                     [get_cells -hierarchical -filter {NAME =~ "*BSCANID.u_xsdbm_id/CORE_XSDB.UUT_MAS  false           false           
          TER/U_ICON_INTERFACE/U_CMD1/ctl_reg_reg[0]"}]                                                                                           TER/U_ICON_INTERFACE/U_CMD4/shift_reg_in_reg[*]"}]                                                                
101       [get_cells -hierarchical -filter {NAME =~ "*BSCANID.u_xsdbm_id/CORE_XSDB.UUT_MAS  *                                                     [get_cells -hierarchical -filter {NAME =~ "*BSCANID.u_xsdbm_id/CORE_XSDB.UUT_MAS  false           false           
          TER/U_ICON_INTERFACE/U_CMD1/ctl_reg_reg[0]"}]                                                                                           TER/U_ICON_INTERFACE/U_CMD5/shift_reg_in_reg[*]"}]                                                                
102       [get_cells -hierarchical -filter {NAME =~ "*BSCANID.u_xsdbm_id/CORE_XSDB.UUT_MAS  *                                                     [get_cells -hierarchical -filter {NAME =~ "*BSCANID.u_xsdbm_id/CORE_XSDB.UUT_MAS  false           false           
          TER/U_ICON_INTERFACE/U_CMD1/ctl_reg_reg[0]"}]                                                                                           TER/U_ICON_INTERFACE/U_CMD7_CTL/shift_reg_in_reg[*]"}]                                                            

