Copyright 1986-2020 Xilinx, Inc. All Rights Reserved.
------------------------------------------------------------------------------------------------------------------------------------------------------------------------------------------------
| Tool Version      : Vivado v.2020.1 (win64) Build 2902540 Wed May 27 19:54:49 MDT 2020
| Date              : Thu Sep 17 02:11:50 2026
| Host              : DESKTOP-9T3TD2K running 64-bit major release  (build 9200)
| Command           : report_timing -delay_type max -max_paths 1 -to [get_ports -quiet uart_tx_o] -file D:/project/ara/hardware/fpga/ara_dsa_vcu118/reports/impl_6abc9f1816a4/pad_uart_tx_o.rpt
| Design            : ara_dsa_vcu118
| Device            : xcvu9p-flga2104
| Speed File        : -2L  PRODUCTION 1.27 02-28-2020
| Temperature Grade : E
------------------------------------------------------------------------------------------------------------------------------------------------------------------------------------------------

Timing Report

Slack (MET) :             57.567ns  (required time - arrival time)
  Source:                 i_cheshire_soc/gen_uart.i_uart/i_apb_uart/SOUT_reg/C
                            (rising edge-triggered cell FDPE clocked by clk_50_clkwiz  {rise@0.000ns fall@10.000ns period=20.000ns})
  Destination:            uart_tx_o
  Path Group:             **default**
  Path Type:              Max at Slow Process Corner
  Requirement:            70.000ns  (MaxDelay Path 70.000ns)
  Data Path Delay:        6.526ns  (logic 1.011ns (15.492%)  route 5.515ns (84.508%))
  Logic Levels:           1  (OBUF=1)
  Output Delay:           0.000ns
  Clock Path Skew:        -5.907ns (DCD - SCD + CPR)
    Destination Clock Delay (DCD):    0.000ns
    Source Clock Delay      (SCD):    5.907ns
    Clock Pessimism Removal (CPR):    0.000ns
  Clock Net Delay (Source):      3.683ns (routing 1.870ns, distribution 1.813ns)
  Timing Exception:       MaxDelay Path 70.000ns

    Location             Delay type                Incr(ns)  Path(ns)    Netlist Resource(s)
  -------------------------------------------------------------------    -------------------
                         (clock clk_50_clkwiz rise edge)
                                                      0.000     0.000 r  
    E12                                               0.000     0.000 r  sys_clk_p (IN)
                         net (fo=0)                   0.000     0.000    i_bufds_sys_clk/I
    HPIOBDIFFINBUF_X1Y300
                         DIFFINBUF (Prop_DIFFINBUF_HPIOBDIFFINBUF_DIFF_IN_P_O)
                                                      0.675     0.675 r  i_bufds_sys_clk/DIFFINBUF_INST/O
                         net (fo=1, routed)           0.050     0.725    i_bufds_sys_clk/OUT
    E12                  IBUFCTRL (Prop_IBUFCTRL_HPIOB_M_I_O)
                                                      0.000     0.725 r  i_bufds_sys_clk/IBUFCTRL_INST/O
                         net (fo=1, routed)           0.335     1.060    sys_clk
    BUFGCE_X1Y289        BUFGCE (Prop_BUFCE_BUFGCE_I_O)
                                                      0.028     1.088 r  sys_clk_BUFGCE_inst/O
                         net (fo=19, routed)          0.991     2.079    i_clkwiz/inst/clk_in1
    MMCM_X1Y11           MMCME4_ADV (Prop_MMCM_CLKIN1_CLKOUT0)
                                                     -0.127     1.952 r  i_clkwiz/inst/mmcme4_adv_inst/CLKOUT0
                         net (fo=1, routed)           0.244     2.196    i_clkwiz/inst/clk_50_clkwiz
    BUFGCE_X1Y266        BUFGCE (Prop_BUFCE_BUFGCE_I_O)
                                                      0.028     2.224 r  i_clkwiz/inst/clkout1_buf/O
    X2Y7 (CLOCK_ROOT)    net (fo=199676, routed)      3.683     5.907    i_cheshire_soc/gen_uart.i_uart/i_apb_uart/CLK
    SLICE_X54Y665        FDPE                                         r  i_cheshire_soc/gen_uart.i_uart/i_apb_uart/SOUT_reg/C
  -------------------------------------------------------------------    -------------------
    SLICE_X54Y665        FDPE (Prop_EFF_SLICEL_C_Q)
                                                      0.079     5.986 r  i_cheshire_soc/gen_uart.i_uart/i_apb_uart/SOUT_reg/Q
                         net (fo=1, routed)           5.515    11.501    uart_tx_o_OBUF
    SLR Crossing[2->1]   
    BB21                 OBUF (Prop_OUTBUF_HPIOB_S_I_O)
                                                      0.932    12.433 r  uart_tx_o_OBUF_inst/O
                         net (fo=0)                   0.000    12.433    uart_tx_o
    BB21                                                              r  uart_tx_o (OUT)
  -------------------------------------------------------------------    -------------------

                         max delay                   70.000    70.000    
                         clock pessimism              0.000    70.000    
                         output delay                -0.000    70.000    
  -------------------------------------------------------------------
                         required time                         70.000    
                         arrival time                         -12.433    
  -------------------------------------------------------------------
                         slack                                 57.567    




