Command: /home/wangwy/openproject/ara_dsa/hardware/area_qbs_stream_20260914_oOlF3w/engine/simv -l /home/wangwy/openproject/ara_dsa/hardware/area_qbs_stream_20260914_oOlF3w/engine_results/commands.log +QBS_COMMAND_VECTOR_FILE=/home/wangwy/openproject/ara_dsa/hardware/area_qbs_stream_20260914_oOlF3w/engine_results/commands.vectors
Chronologic VCS simulator copyright 1991-2023
Contains Synopsys proprietary information.
Compiler version V-2023.12-SP1_Full64; Runtime version V-2023.12-SP1_Full64;  Sep 14 09:07 2026
QBS end-to-end case 0 PASS profile=1 M=1 N=5 Kb=2 layouts=1/1 cycles=314
QBS activation context FILL/REUSE/RELEASE PASS
QBS end-to-end case 1 PASS profile=1 M=4 N=7 Kb=2 layouts=2/2 cycles=876
QBS end-to-end case 2 PASS profile=2 M=3 N=3 Kb=2 layouts=1/1 cycles=537
QBS end-to-end case 3 PASS profile=2 M=4 N=8 Kb=3 layouts=2/2 cycles=1289
QBS end-to-end case 4 PASS profile=1 M=1 N=9 Kb=3 layouts=2/1 cycles=570
QBS end-to-end case 5 PASS profile=3 M=1 N=5 Kb=3 layouts=1/1 cycles=169
QBS end-to-end case 6 PASS profile=3 M=4 N=7 Kb=4 layouts=2/2 cycles=419
QBS end-to-end case 7 PASS profile=3 M=1 N=1 Kb=65 layouts=1/1 cycles=1586
QBS end-to-end case 8 PASS profile=4 M=1 N=5 Kb=2 layouts=1/1 cycles=330
QBS end-to-end case 9 PASS profile=4 M=4 N=7 Kb=3 layouts=2/2 cycles=1286
QBS end-to-end case 10 PASS profile=5 M=1 N=5 Kb=2 layouts=1/1 cycles=296
QBS end-to-end case 11 PASS profile=5 M=4 N=7 Kb=3 layouts=2/2 cycles=1202
QBS end-to-end case 12 PASS profile=6 M=1 N=5 Kb=3 layouts=1/1 cycles=174
QBS end-to-end case 13 PASS profile=6 M=4 N=7 Kb=4 layouts=2/2 cycles=423
QBS end-to-end case 14 PASS profile=1 M=2 N=3 Kb=2 layouts=2/1 cycles=346
QBS end-to-end case 15 PASS profile=3 M=3 N=5 Kb=3 layouts=2/1 cycles=261
QBS end-to-end case 16 PASS profile=7 M=1 N=5 Kb=2 layouts=1/1 cycles=290
QBS end-to-end case 17 PASS profile=7 M=4 N=7 Kb=3 layouts=2/2 cycles=1217
QBS end-to-end case 18 PASS profile=8 M=1 N=5 Kb=3 layouts=1/1 cycles=171
QBS end-to-end case 19 PASS profile=8 M=4 N=7 Kb=4 layouts=2/2 cycles=420
QBS end-to-end case 20 PASS profile=9 M=1 N=5 Kb=3 layouts=1/1 cycles=169
QBS end-to-end case 21 PASS profile=9 M=4 N=7 Kb=4 layouts=2/2 cycles=419
QBS end-to-end case 22 PASS profile=1 M=5 N=15 Kb=1 layouts=2/3 cycles=963
QBS end-to-end case 23 PASS profile=2 M=8 N=16 Kb=1 layouts=2/3 cycles=1366
QBS end-to-end case 24 PASS profile=1 M=6 N=11 Kb=1 layouts=2/3 cycles=873
QBS end-to-end case 25 PASS profile=2 M=7 N=13 Kb=1 layouts=2/3 cycles=1325
QBS end-to-end case 26 PASS profile=4 M=8 N=9 Kb=1 layouts=2/3 cycles=1063
QBS end-to-end case 27 PASS profile=5 M=5 N=16 Kb=1 layouts=2/3 cycles=949
QBS end-to-end case 28 PASS profile=6 M=8 N=7 Kb=1 layouts=2/3 cycles=251
QBS end-to-end case 29 PASS profile=3 M=6 N=12 Kb=1 layouts=2/3 cycles=301
QBS end-to-end case 30 PASS profile=7 M=7 N=15 Kb=1 layouts=2/3 cycles=1338
QBS end-to-end case 31 PASS profile=8 M=8 N=16 Kb=1 layouts=2/3 cycles=476
QBS end-to-end case 32 PASS profile=9 M=5 N=11 Kb=1 layouts=2/3 cycles=248
QBS validation atomic-fault PASS
QBS MMU atomic-fault PASS
QBS AXI atomic-fault PASS
QBS PMA atomic-fault PASS
QBS engine PASS: 33 functional cases plus four fault classes
$finish called from file "/home/wangwy/openproject/ara_dsa/verification/qbs/qbs_engine_tb.sv", line 1152.
$finish at simulation time            235770000
           V C S   S i m u l a t i o n   R e p o r t 
Time: 235770000 ps
CPU Time:     25.300 seconds;       Data structure size:   1.9Mb
Mon Sep 14 09:08:05 2026
