Notice: timing checks disabled with +notimingcheck at compile-time
Chronologic VCS simulator copyright 1991-2023
Contains Synopsys proprietary information.
Compiler version V-2023.12-SP1_Full64; Runtime version V-2023.12-SP1_Full64;  Aug 31 13:37 2026
Dump results on ../gold_results.txt

Warning-[RT-NCMUCS] No condition matches in statement
/home/wangwy/openproject/ara_dsa/hardware/src/axi_inval_filter.sv, 85
  No condition matches in 'unique case' statement. 'default' specification is 
  missing, inside ara_tb.dut.i_ara_soc.i_system.i_axi_inval_filter.inval_fsm, 
  at time 0fs.

Loading ELF file /home/wangwy/openproject/ara_dsa/apps/bin/llama_qwen25_decode_ffn_down_qbs
Loading section 0000000080000000 of length 00000000000015fe
Loading section 0000000080001600 of length 00000000001d4c90
Loading section 00000000801d62c0 of length 0000000000002bf8
[TRACER] Output filename is: trace_hart_0.log
[QBS_PERF] seq=1 id=0 m=1 vlen=1024 lanes=4 success=1 fault=0 validation_fault=0 validation_error=0 read_fault=0 busy_cycles=17949 read_ranges=316 translations=0 ar=374 r_beats=15506 payload_bytes=245436 store_wait_cycles=0 read_backpressure_cycles=413 read_outstanding_occ_sum=29543 read_outstanding_max=2 read_outstanding_full_cycles=13167 phase_setup_cycles=15 phase_activation_cycles=1102 phase_weight_cycles=6411 phase_compute_cycles=1260 phase_overlap_cycles=8820 phase_drain_cycles=15 phase_scheduler_cycles=316 phase_commit_cycles=9 phase_fault_cycles=0 phase_terminal_cycles=1 weight_prefetch_wait_cycles=4607 tiles=280 weight_bytes=235200 activation_bytes=10220 useful_pairs=286720 pair_capacity=286720 dot_active_cycles=8960 fp_uop_issue=3360 fp_table_occ_sum=12320 fp_table_occ_max=4 fp_table_full_cycles=0 accumulator_updates=1120 commit_groups=4 commit_backpressure_cycles=0 activation_access=0 context_fill_count=0 context_reuse_count=0 context_reuse_block_count=0 context_read_bytes=0 activation_axi_bytes_saved=0 context_replay_cycles=0 context_replay_compute_overlap_cycles=0 context_validation_fault_count=0 probe_context_start_blocked_cycles=0 probe_compute_without_dot_issue_cycles=1120 probe_profile_result_blocked_cycles=0 probe_fp_slot_blocked_cycles=0 probe_fp_accumulator_blocked_cycles=0 probe_fp_other_blocked_cycles=0 probe_fp_input_blocked_cycles=0 probe_fp_no_schedulable_uop_cycles=560 probe_fp_busy_cycles=3920 probe_profile_context_occ_sum=10920 probe_profile_two_context_cycles=0 probe_profile_drain_only_cycles=1120 probe_profile_correction_pending_cycles=8960 probe_profile_result_pending_cycles=1120 probe_read_range_blocked_cycles=0 probe_read_range_fifo_blocked_cycles=0 probe_read_ar_slot_blocked_cycles=3921 probe_read_ar_ready_blocked_cycles=0 probe_read_response_idle_cycles=457 probe_read_data_sink_blocked_cycles=413 probe_read_completion_blocked_cycles=0 probe_read_translation_wait_cycles=0 probe_weight_wait_no_outstanding_cycles=35 probe_weight_wait_response_idle_cycles=4 probe_weight_wait_r_transfer_cycles=4362 probe_weight_wait_r_blocked_cycles=206
[QBS_PERF] seq=2 id=0 m=1 vlen=1024 lanes=4 success=1 fault=0 validation_fault=0 validation_error=0 read_fault=0 busy_cycles=17941 read_ranges=316 translations=0 ar=376 r_beats=15506 payload_bytes=245436 store_wait_cycles=0 read_backpressure_cycles=408 read_outstanding_occ_sum=29523 read_outstanding_max=2 read_outstanding_full_cycles=13155 phase_setup_cycles=15 phase_activation_cycles=1102 phase_weight_cycles=6403 phase_compute_cycles=1260 phase_overlap_cycles=8820 phase_drain_cycles=15 phase_scheduler_cycles=316 phase_commit_cycles=9 phase_fault_cycles=0 phase_terminal_cycles=1 weight_prefetch_wait_cycles=4596 tiles=280 weight_bytes=235200 activation_bytes=10220 useful_pairs=286720 pair_capacity=286720 dot_active_cycles=8960 fp_uop_issue=3360 fp_table_occ_sum=12320 fp_table_occ_max=4 fp_table_full_cycles=0 accumulator_updates=1120 commit_groups=4 commit_backpressure_cycles=0 activation_access=0 context_fill_count=0 context_reuse_count=0 context_reuse_block_count=0 context_read_bytes=0 activation_axi_bytes_saved=0 context_replay_cycles=0 context_replay_compute_overlap_cycles=0 context_validation_fault_count=0 probe_context_start_blocked_cycles=0 probe_compute_without_dot_issue_cycles=1120 probe_profile_result_blocked_cycles=0 probe_fp_slot_blocked_cycles=0 probe_fp_accumulator_blocked_cycles=0 probe_fp_other_blocked_cycles=0 probe_fp_input_blocked_cycles=0 probe_fp_no_schedulable_uop_cycles=560 probe_fp_busy_cycles=3920 probe_profile_context_occ_sum=10920 probe_profile_two_context_cycles=0 probe_profile_drain_only_cycles=1120 probe_profile_correction_pending_cycles=8960 probe_profile_result_pending_cycles=1120 probe_read_range_blocked_cycles=0 probe_read_range_fifo_blocked_cycles=0 probe_read_ar_slot_blocked_cycles=3905 probe_read_ar_ready_blocked_cycles=0 probe_read_response_idle_cycles=454 probe_read_data_sink_blocked_cycles=408 probe_read_completion_blocked_cycles=0 probe_read_translation_wait_cycles=0 probe_weight_wait_no_outstanding_cycles=35 probe_weight_wait_response_idle_cycles=6 probe_weight_wait_r_transfer_cycles=4351 probe_weight_wait_r_blocked_cycles=204
[QBS_PERF] seq=3 id=0 m=1 vlen=1024 lanes=4 success=1 fault=0 validation_fault=0 validation_error=0 read_fault=0 busy_cycles=17946 read_ranges=316 translations=0 ar=374 r_beats=15506 payload_bytes=245436 store_wait_cycles=0 read_backpressure_cycles=412 read_outstanding_occ_sum=29498 read_outstanding_max=2 read_outstanding_full_cycles=13125 phase_setup_cycles=15 phase_activation_cycles=1102 phase_weight_cycles=6408 phase_compute_cycles=1260 phase_overlap_cycles=8820 phase_drain_cycles=15 phase_scheduler_cycles=316 phase_commit_cycles=9 phase_fault_cycles=0 phase_terminal_cycles=1 weight_prefetch_wait_cycles=4606 tiles=280 weight_bytes=235200 activation_bytes=10220 useful_pairs=286720 pair_capacity=286720 dot_active_cycles=8960 fp_uop_issue=3360 fp_table_occ_sum=12320 fp_table_occ_max=4 fp_table_full_cycles=0 accumulator_updates=1120 commit_groups=4 commit_backpressure_cycles=0 activation_access=0 context_fill_count=0 context_reuse_count=0 context_reuse_block_count=0 context_read_bytes=0 activation_axi_bytes_saved=0 context_replay_cycles=0 context_replay_compute_overlap_cycles=0 context_validation_fault_count=0 probe_context_start_blocked_cycles=0 probe_compute_without_dot_issue_cycles=1120 probe_profile_result_blocked_cycles=0 probe_fp_slot_blocked_cycles=0 probe_fp_accumulator_blocked_cycles=0 probe_fp_other_blocked_cycles=0 probe_fp_input_blocked_cycles=0 probe_fp_no_schedulable_uop_cycles=560 probe_fp_busy_cycles=3920 probe_profile_context_occ_sum=10920 probe_profile_two_context_cycles=0 probe_profile_drain_only_cycles=1120 probe_profile_correction_pending_cycles=8960 probe_profile_result_pending_cycles=1120 probe_read_range_blocked_cycles=0 probe_read_range_fifo_blocked_cycles=0 probe_read_ar_slot_blocked_cycles=3880 probe_read_ar_ready_blocked_cycles=0 probe_read_response_idle_cycles=455 probe_read_data_sink_blocked_cycles=412 probe_read_completion_blocked_cycles=0 probe_read_translation_wait_cycles=0 probe_weight_wait_no_outstanding_cycles=35 probe_weight_wait_response_idle_cycles=5 probe_weight_wait_r_transfer_cycles=4361 probe_weight_wait_r_blocked_cycles=205
[QBS_PERF] seq=4 id=0 m=1 vlen=1024 lanes=4 success=1 fault=0 validation_fault=0 validation_error=0 read_fault=0 busy_cycles=17938 read_ranges=316 translations=0 ar=376 r_beats=15506 payload_bytes=245436 store_wait_cycles=0 read_backpressure_cycles=408 read_outstanding_occ_sum=29539 read_outstanding_max=2 read_outstanding_full_cycles=13174 phase_setup_cycles=15 phase_activation_cycles=1104 phase_weight_cycles=6398 phase_compute_cycles=1260 phase_overlap_cycles=8820 phase_drain_cycles=15 phase_scheduler_cycles=316 phase_commit_cycles=9 phase_fault_cycles=0 phase_terminal_cycles=1 weight_prefetch_wait_cycles=4596 tiles=280 weight_bytes=235200 activation_bytes=10220 useful_pairs=286720 pair_capacity=286720 dot_active_cycles=8960 fp_uop_issue=3360 fp_table_occ_sum=12320 fp_table_occ_max=4 fp_table_full_cycles=0 accumulator_updates=1120 commit_groups=4 commit_backpressure_cycles=0 activation_access=0 context_fill_count=0 context_reuse_count=0 context_reuse_block_count=0 context_read_bytes=0 activation_axi_bytes_saved=0 context_replay_cycles=0 context_replay_compute_overlap_cycles=0 context_validation_fault_count=0 probe_context_start_blocked_cycles=0 probe_compute_without_dot_issue_cycles=1120 probe_profile_result_blocked_cycles=0 probe_fp_slot_blocked_cycles=0 probe_fp_accumulator_blocked_cycles=0 probe_fp_other_blocked_cycles=0 probe_fp_input_blocked_cycles=0 probe_fp_no_schedulable_uop_cycles=560 probe_fp_busy_cycles=3920 probe_profile_context_occ_sum=10920 probe_profile_two_context_cycles=0 probe_profile_drain_only_cycles=1120 probe_profile_correction_pending_cycles=8960 probe_profile_result_pending_cycles=1120 probe_read_range_blocked_cycles=0 probe_read_range_fifo_blocked_cycles=0 probe_read_ar_slot_blocked_cycles=4007 probe_read_ar_ready_blocked_cycles=0 probe_read_response_idle_cycles=451 probe_read_data_sink_blocked_cycles=408 probe_read_completion_blocked_cycles=0 probe_read_translation_wait_cycles=0 probe_weight_wait_no_outstanding_cycles=35 probe_weight_wait_response_idle_cycles=6 probe_weight_wait_r_transfer_cycles=4351 probe_weight_wait_r_blocked_cycles=204
[QBS_PERF] seq=5 id=0 m=1 vlen=1024 lanes=4 success=1 fault=0 validation_fault=0 validation_error=0 read_fault=0 busy_cycles=17943 read_ranges=316 translations=0 ar=374 r_beats=15506 payload_bytes=245436 store_wait_cycles=0 read_backpressure_cycles=414 read_outstanding_occ_sum=29510 read_outstanding_max=2 read_outstanding_full_cycles=13140 phase_setup_cycles=15 phase_activation_cycles=1102 phase_weight_cycles=6405 phase_compute_cycles=1260 phase_overlap_cycles=8820 phase_drain_cycles=15 phase_scheduler_cycles=316 phase_commit_cycles=9 phase_fault_cycles=0 phase_terminal_cycles=1 weight_prefetch_wait_cycles=4602 tiles=280 weight_bytes=235200 activation_bytes=10220 useful_pairs=286720 pair_capacity=286720 dot_active_cycles=8960 fp_uop_issue=3360 fp_table_occ_sum=12320 fp_table_occ_max=4 fp_table_full_cycles=0 accumulator_updates=1120 commit_groups=4 commit_backpressure_cycles=0 activation_access=0 context_fill_count=0 context_reuse_count=0 context_reuse_block_count=0 context_read_bytes=0 activation_axi_bytes_saved=0 context_replay_cycles=0 context_replay_compute_overlap_cycles=0 context_validation_fault_count=0 probe_context_start_blocked_cycles=0 probe_compute_without_dot_issue_cycles=1120 probe_profile_result_blocked_cycles=0 probe_fp_slot_blocked_cycles=0 probe_fp_accumulator_blocked_cycles=0 probe_fp_other_blocked_cycles=0 probe_fp_input_blocked_cycles=0 probe_fp_no_schedulable_uop_cycles=560 probe_fp_busy_cycles=3920 probe_profile_context_occ_sum=10920 probe_profile_two_context_cycles=0 probe_profile_drain_only_cycles=1120 probe_profile_correction_pending_cycles=8960 probe_profile_result_pending_cycles=1120 probe_read_range_blocked_cycles=0 probe_read_range_fifo_blocked_cycles=0 probe_read_ar_slot_blocked_cycles=3879 probe_read_ar_ready_blocked_cycles=0 probe_read_response_idle_cycles=450 probe_read_data_sink_blocked_cycles=414 probe_read_completion_blocked_cycles=0 probe_read_translation_wait_cycles=0 probe_weight_wait_no_outstanding_cycles=35 probe_weight_wait_response_idle_cycles=4 probe_weight_wait_r_transfer_cycles=4357 probe_weight_wait_r_blocked_cycles=206
[QBS_PERF] seq=6 id=0 m=1 vlen=1024 lanes=4 success=1 fault=0 validation_fault=0 validation_error=0 read_fault=0 busy_cycles=17941 read_ranges=316 translations=0 ar=376 r_beats=15506 payload_bytes=245436 store_wait_cycles=0 read_backpressure_cycles=410 read_outstanding_occ_sum=29582 read_outstanding_max=2 read_outstanding_full_cycles=13214 phase_setup_cycles=15 phase_activation_cycles=1102 phase_weight_cycles=6403 phase_compute_cycles=1260 phase_overlap_cycles=8820 phase_drain_cycles=15 phase_scheduler_cycles=316 phase_commit_cycles=9 phase_fault_cycles=0 phase_terminal_cycles=1 weight_prefetch_wait_cycles=4597 tiles=280 weight_bytes=235200 activation_bytes=10220 useful_pairs=286720 pair_capacity=286720 dot_active_cycles=8960 fp_uop_issue=3360 fp_table_occ_sum=12320 fp_table_occ_max=4 fp_table_full_cycles=0 accumulator_updates=1120 commit_groups=4 commit_backpressure_cycles=0 activation_access=0 context_fill_count=0 context_reuse_count=0 context_reuse_block_count=0 context_read_bytes=0 activation_axi_bytes_saved=0 context_replay_cycles=0 context_replay_compute_overlap_cycles=0 context_validation_fault_count=0 probe_context_start_blocked_cycles=0 probe_compute_without_dot_issue_cycles=1120 probe_profile_result_blocked_cycles=0 probe_fp_slot_blocked_cycles=0 probe_fp_accumulator_blocked_cycles=0 probe_fp_other_blocked_cycles=0 probe_fp_input_blocked_cycles=0 probe_fp_no_schedulable_uop_cycles=560 probe_fp_busy_cycles=3920 probe_profile_context_occ_sum=10920 probe_profile_two_context_cycles=0 probe_profile_drain_only_cycles=1120 probe_profile_correction_pending_cycles=8960 probe_profile_result_pending_cycles=1120 probe_read_range_blocked_cycles=0 probe_read_range_fifo_blocked_cycles=0 probe_read_ar_slot_blocked_cycles=4023 probe_read_ar_ready_blocked_cycles=0 probe_read_response_idle_cycles=452 probe_read_data_sink_blocked_cycles=410 probe_read_completion_blocked_cycles=0 probe_read_translation_wait_cycles=0 probe_weight_wait_no_outstanding_cycles=35 probe_weight_wait_response_idle_cycles=5 probe_weight_wait_r_transfer_cycles=4352 probe_weight_wait_r_blocked_cycles=205
[QBS_PERF] seq=7 id=0 m=1 vlen=1024 lanes=4 success=1 fault=0 validation_fault=0 validation_error=0 read_fault=0 busy_cycles=17940 read_ranges=316 translations=0 ar=374 r_beats=15506 payload_bytes=245436 store_wait_cycles=0 read_backpressure_cycles=412 read_outstanding_occ_sum=29526 read_outstanding_max=2 read_outstanding_full_cycles=13159 phase_setup_cycles=15 phase_activation_cycles=1102 phase_weight_cycles=6402 phase_compute_cycles=1260 phase_overlap_cycles=8820 phase_drain_cycles=15 phase_scheduler_cycles=316 phase_commit_cycles=9 phase_fault_cycles=0 phase_terminal_cycles=1 weight_prefetch_wait_cycles=4600 tiles=280 weight_bytes=235200 activation_bytes=10220 useful_pairs=286720 pair_capacity=286720 dot_active_cycles=8960 fp_uop_issue=3360 fp_table_occ_sum=12320 fp_table_occ_max=4 fp_table_full_cycles=0 accumulator_updates=1120 commit_groups=4 commit_backpressure_cycles=0 activation_access=0 context_fill_count=0 context_reuse_count=0 context_reuse_block_count=0 context_read_bytes=0 activation_axi_bytes_saved=0 context_replay_cycles=0 context_replay_compute_overlap_cycles=0 context_validation_fault_count=0 probe_context_start_blocked_cycles=0 probe_compute_without_dot_issue_cycles=1120 probe_profile_result_blocked_cycles=0 probe_fp_slot_blocked_cycles=0 probe_fp_accumulator_blocked_cycles=0 probe_fp_other_blocked_cycles=0 probe_fp_input_blocked_cycles=0 probe_fp_no_schedulable_uop_cycles=560 probe_fp_busy_cycles=3920 probe_profile_context_occ_sum=10920 probe_profile_two_context_cycles=0 probe_profile_drain_only_cycles=1120 probe_profile_correction_pending_cycles=8960 probe_profile_result_pending_cycles=1120 probe_read_range_blocked_cycles=0 probe_read_range_fifo_blocked_cycles=0 probe_read_ar_slot_blocked_cycles=3879 probe_read_ar_ready_blocked_cycles=0 probe_read_response_idle_cycles=449 probe_read_data_sink_blocked_cycles=412 probe_read_completion_blocked_cycles=0 probe_read_translation_wait_cycles=0 probe_weight_wait_no_outstanding_cycles=35 probe_weight_wait_response_idle_cycles=5 probe_weight_wait_r_transfer_cycles=4355 probe_weight_wait_r_blocked_cycles=205
[QBS_PERF] seq=8 id=0 m=1 vlen=1024 lanes=4 success=1 fault=0 validation_fault=0 validation_error=0 read_fault=0 busy_cycles=17943 read_ranges=316 translations=0 ar=374 r_beats=15506 payload_bytes=245436 store_wait_cycles=0 read_backpressure_cycles=410 read_outstanding_occ_sum=29520 read_outstanding_max=2 read_outstanding_full_cycles=13150 phase_setup_cycles=15 phase_activation_cycles=1102 phase_weight_cycles=6405 phase_compute_cycles=1260 phase_overlap_cycles=8820 phase_drain_cycles=15 phase_scheduler_cycles=316 phase_commit_cycles=9 phase_fault_cycles=0 phase_terminal_cycles=1 weight_prefetch_wait_cycles=4600 tiles=280 weight_bytes=235200 activation_bytes=10220 useful_pairs=286720 pair_capacity=286720 dot_active_cycles=8960 fp_uop_issue=3360 fp_table_occ_sum=12320 fp_table_occ_max=4 fp_table_full_cycles=0 accumulator_updates=1120 commit_groups=4 commit_backpressure_cycles=0 activation_access=0 context_fill_count=0 context_reuse_count=0 context_reuse_block_count=0 context_read_bytes=0 activation_axi_bytes_saved=0 context_replay_cycles=0 context_replay_compute_overlap_cycles=0 context_validation_fault_count=0 probe_context_start_blocked_cycles=0 probe_compute_without_dot_issue_cycles=1120 probe_profile_result_blocked_cycles=0 probe_fp_slot_blocked_cycles=0 probe_fp_accumulator_blocked_cycles=0 probe_fp_other_blocked_cycles=0 probe_fp_input_blocked_cycles=0 probe_fp_no_schedulable_uop_cycles=560 probe_fp_busy_cycles=3920 probe_profile_context_occ_sum=10920 probe_profile_two_context_cycles=0 probe_profile_drain_only_cycles=1120 probe_profile_correction_pending_cycles=8960 probe_profile_result_pending_cycles=1120 probe_read_range_blocked_cycles=0 probe_read_range_fifo_blocked_cycles=0 probe_read_ar_slot_blocked_cycles=3981 probe_read_ar_ready_blocked_cycles=0 probe_read_response_idle_cycles=454 probe_read_data_sink_blocked_cycles=410 probe_read_completion_blocked_cycles=0 probe_read_translation_wait_cycles=0 probe_weight_wait_no_outstanding_cycles=35 probe_weight_wait_response_idle_cycles=5 probe_weight_wait_r_transfer_cycles=4355 probe_weight_wait_r_blocked_cycles=205

[PERF] ==== Performance Report Start ====
[PERF] duration                   : 2088940000 x100fs
[PERF] total_cycles               : 208894
[PERF] total_insns                : 9138
[PERF] total_rvv_cycles           : 202520
[PERF] total_rvv_lane_cycles      : 25905
[PERF] total_rvv_mem_only_cycles  : 161460
[PERF] total_rvv_mem_lane_cycles  : 12661
[PERF] total_rvv_load_only_cycles : 152972
[PERF] total_rvv_load_lane_cycles : 2403
[PERF] total_rvv_store_only_cycles: 8488
[PERF] total_rvv_store_lane_cycles: 10258
[PERF] total_vector_insns         : 4246
[PERF] tc_executed_ifetch_bytes   : 31250
[PERF] IPC                        : 0.044
[PERF] lane utilization           : 0.124
[PERF] vector inst rate           : 0.465
[PERF] main_vector_inst_per_cycle : 0.020326
[PERF] ara_req_valid_cycles       : 158296
[PERF] ara_req_fire_count         : 2999
[PERF] ara_req_blocked_cycles     : 155297
[PERF] main_vector_req_per_cycle  : 0.014
[PERF] main_vector_req_blocked_ratio: 0.743
[PERF] rvv_op                     : 3316
[PERF] rvv_op_fs1                 : 35
[PERF] rvv_op_fd                  : 70
[PERF] rvv_op_load                : 218
[PERF] rvv_op_store               : 607
[PERF] seq_raw_hazard_cycles      : 666
[PERF] seq_war_hazard_cycles      : 6316
[PERF] seq_waw_hazard_cycles      : 70
[PERF] seq_false_hazard_cycles    : 6351
[PERF] seq_block_cycles           : 2081
[PERF] ==== Performance Report End ====

[LLM_PERF] wrote llm_perf_report_llama_qwen25_decode_ffn_down_qbs.log
QBS_REAL_BENCH case=decode_ffn_down_qbs result=PASS k=8960 rows=256 inputs=1 outputs=256 tiles=8 timing_scope=production_command setup_included=1 timed_cycles=208863 activation_context=0 context_generation=0 timed_cycles_per_output_x1000=815871 descriptor_setup_cycles=0 descriptor_setup_cycles_valid=0 compute_cycles=208863 cycles_per_output_x1000=815871 quantize_cycles=64668 pack_cycles=0 matmul_cycles=144195 logical_read_bytes=1999328 checksum=0x9bbcaee5d70930b3 mismatches=0 max_abs_bits=0x0 max_rel_bits=0x0
[hw-cycles]:      208754
[cva6-d$-stalls]:           4
[cva6-i$-stalls]:          72
[cva6-sb-full]:       24632
Info: "/home/wangwy/openproject/ara_dsa/hardware/tb/ara_tb.sv", 1291: ara_tb: at time 241338500000 fs
Core Test *** SUCCESS *** (tohost = 0)
$finish called from file "/home/wangwy/openproject/ara_dsa/hardware/tb/ara_tb.sv", line 1302.
$finish at simulation time           2413385000
           V C S   S i m u l a t i o n   R e p o r t 
Time: 241338500000 fs
CPU Time:    303.790 seconds;       Data structure size:  39.4Mb
Mon Aug 31 13:42:26 2026
