Command: /home/wangwy/openproject/ara_dsa/verification/qbs/rtl_build/./simv -l run.log +QBS_VECTOR_FILE=/home/wangwy/openproject/ara_dsa/verification/qbs/qbs_rtl_vectors.txt
Chronologic VCS simulator copyright 1991-2023
Contains Synopsys proprietary information.
Compiler version V-2023.12-SP1_Full64; Runtime version V-2023.12-SP1_Full64;  Sep  1 03:04 2026
QBS RTL case 0 PASS profile=1 M=1 rows=1 pattern=0
QBS RTL case 1 PASS profile=1 M=1 rows=1 pattern=1
QBS RTL case 2 PASS profile=1 M=1 rows=1 pattern=2
QBS RTL case 3 PASS profile=1 M=1 rows=2 pattern=0
QBS RTL case 4 PASS profile=1 M=1 rows=2 pattern=1
QBS RTL case 5 PASS profile=1 M=1 rows=2 pattern=2
QBS RTL case 6 PASS profile=1 M=1 rows=3 pattern=0
QBS RTL case 7 PASS profile=1 M=1 rows=3 pattern=1
QBS RTL case 8 PASS profile=1 M=1 rows=3 pattern=2
QBS RTL case 9 PASS profile=1 M=1 rows=4 pattern=0
QBS RTL case 10 PASS profile=1 M=1 rows=4 pattern=1
QBS RTL case 11 PASS profile=1 M=1 rows=4 pattern=2
QBS RTL case 12 PASS profile=1 M=2 rows=1 pattern=0
QBS RTL case 13 PASS profile=1 M=2 rows=1 pattern=1
QBS RTL case 14 PASS profile=1 M=2 rows=1 pattern=2
QBS RTL case 15 PASS profile=1 M=2 rows=2 pattern=0
QBS RTL case 16 PASS profile=1 M=2 rows=2 pattern=1
QBS RTL case 17 PASS profile=1 M=2 rows=2 pattern=2
QBS RTL case 18 PASS profile=1 M=2 rows=3 pattern=0
QBS RTL case 19 PASS profile=1 M=2 rows=3 pattern=1
QBS RTL case 20 PASS profile=1 M=2 rows=3 pattern=2
QBS RTL case 21 PASS profile=1 M=2 rows=4 pattern=0
QBS RTL case 22 PASS profile=1 M=2 rows=4 pattern=1
QBS RTL case 23 PASS profile=1 M=2 rows=4 pattern=2
QBS RTL case 24 PASS profile=1 M=3 rows=1 pattern=0
QBS RTL case 25 PASS profile=1 M=3 rows=1 pattern=1
QBS RTL case 26 PASS profile=1 M=3 rows=1 pattern=2
QBS RTL case 27 PASS profile=1 M=3 rows=2 pattern=0
QBS RTL case 28 PASS profile=1 M=3 rows=2 pattern=1
QBS RTL case 29 PASS profile=1 M=3 rows=2 pattern=2
QBS RTL case 30 PASS profile=1 M=3 rows=3 pattern=0
QBS RTL case 31 PASS profile=1 M=3 rows=3 pattern=1
QBS RTL case 32 PASS profile=1 M=3 rows=3 pattern=2
QBS RTL case 33 PASS profile=1 M=3 rows=4 pattern=0
QBS RTL case 34 PASS profile=1 M=3 rows=4 pattern=1
QBS RTL case 35 PASS profile=1 M=3 rows=4 pattern=2
QBS RTL case 36 PASS profile=1 M=4 rows=1 pattern=0
QBS RTL case 37 PASS profile=1 M=4 rows=1 pattern=1
QBS RTL case 38 PASS profile=1 M=4 rows=1 pattern=2
QBS RTL case 39 PASS profile=1 M=4 rows=2 pattern=0
QBS RTL case 40 PASS profile=1 M=4 rows=2 pattern=1
QBS RTL case 41 PASS profile=1 M=4 rows=2 pattern=2
QBS RTL case 42 PASS profile=1 M=4 rows=3 pattern=0
QBS RTL case 43 PASS profile=1 M=4 rows=3 pattern=1
QBS RTL case 44 PASS profile=1 M=4 rows=3 pattern=2
QBS RTL case 45 PASS profile=1 M=4 rows=4 pattern=0
QBS RTL case 46 PASS profile=1 M=4 rows=4 pattern=1
QBS RTL case 47 PASS profile=1 M=4 rows=4 pattern=2
QBS RTL case 48 PASS profile=4 M=1 rows=1 pattern=0
QBS RTL case 49 PASS profile=4 M=1 rows=1 pattern=1
QBS RTL case 50 PASS profile=4 M=1 rows=1 pattern=2
QBS RTL case 51 PASS profile=4 M=1 rows=2 pattern=0
QBS RTL case 52 PASS profile=4 M=1 rows=2 pattern=1
QBS RTL case 53 PASS profile=4 M=1 rows=2 pattern=2
QBS RTL case 54 PASS profile=4 M=1 rows=3 pattern=0
QBS RTL case 55 PASS profile=4 M=1 rows=3 pattern=1
QBS RTL case 56 PASS profile=4 M=1 rows=3 pattern=2
QBS RTL case 57 PASS profile=4 M=1 rows=4 pattern=0
QBS RTL case 58 PASS profile=4 M=1 rows=4 pattern=1
QBS RTL case 59 PASS profile=4 M=1 rows=4 pattern=2
QBS RTL case 60 PASS profile=4 M=2 rows=1 pattern=0
QBS RTL case 61 PASS profile=4 M=2 rows=1 pattern=1
QBS RTL case 62 PASS profile=4 M=2 rows=1 pattern=2
QBS RTL case 63 PASS profile=4 M=2 rows=2 pattern=0
QBS RTL case 64 PASS profile=4 M=2 rows=2 pattern=1
QBS RTL case 65 PASS profile=4 M=2 rows=2 pattern=2
QBS RTL case 66 PASS profile=4 M=2 rows=3 pattern=0
QBS RTL case 67 PASS profile=4 M=2 rows=3 pattern=1
QBS RTL case 68 PASS profile=4 M=2 rows=3 pattern=2
QBS RTL case 69 PASS profile=4 M=2 rows=4 pattern=0
QBS RTL case 70 PASS profile=4 M=2 rows=4 pattern=1
QBS RTL case 71 PASS profile=4 M=2 rows=4 pattern=2
QBS RTL case 72 PASS profile=4 M=3 rows=1 pattern=0
QBS RTL case 73 PASS profile=4 M=3 rows=1 pattern=1
QBS RTL case 74 PASS profile=4 M=3 rows=1 pattern=2
QBS RTL case 75 PASS profile=4 M=3 rows=2 pattern=0
QBS RTL case 76 PASS profile=4 M=3 rows=2 pattern=1
QBS RTL case 77 PASS profile=4 M=3 rows=2 pattern=2
QBS RTL case 78 PASS profile=4 M=3 rows=3 pattern=0
QBS RTL case 79 PASS profile=4 M=3 rows=3 pattern=1
QBS RTL case 80 PASS profile=4 M=3 rows=3 pattern=2
QBS RTL case 81 PASS profile=4 M=3 rows=4 pattern=0
QBS RTL case 82 PASS profile=4 M=3 rows=4 pattern=1
QBS RTL case 83 PASS profile=4 M=3 rows=4 pattern=2
QBS RTL case 84 PASS profile=4 M=4 rows=1 pattern=0
QBS RTL case 85 PASS profile=4 M=4 rows=1 pattern=1
QBS RTL case 86 PASS profile=4 M=4 rows=1 pattern=2
QBS RTL case 87 PASS profile=4 M=4 rows=2 pattern=0
QBS RTL case 88 PASS profile=4 M=4 rows=2 pattern=1
QBS RTL case 89 PASS profile=4 M=4 rows=2 pattern=2
QBS RTL case 90 PASS profile=4 M=4 rows=3 pattern=0
QBS RTL case 91 PASS profile=4 M=4 rows=3 pattern=1
QBS RTL case 92 PASS profile=4 M=4 rows=3 pattern=2
QBS RTL case 93 PASS profile=4 M=4 rows=4 pattern=0
QBS RTL case 94 PASS profile=4 M=4 rows=4 pattern=1
QBS RTL case 95 PASS profile=4 M=4 rows=4 pattern=2
QBS RTL case 96 PASS profile=2 M=1 rows=1 pattern=0
QBS RTL case 97 PASS profile=2 M=1 rows=1 pattern=1
QBS RTL case 98 PASS profile=2 M=1 rows=1 pattern=2
QBS RTL case 99 PASS profile=2 M=1 rows=2 pattern=0
QBS RTL case 100 PASS profile=2 M=1 rows=2 pattern=1
QBS RTL case 101 PASS profile=2 M=1 rows=2 pattern=2
QBS RTL case 102 PASS profile=2 M=1 rows=3 pattern=0
QBS RTL case 103 PASS profile=2 M=1 rows=3 pattern=1
QBS RTL case 104 PASS profile=2 M=1 rows=3 pattern=2
QBS RTL case 105 PASS profile=2 M=1 rows=4 pattern=0
QBS RTL case 106 PASS profile=2 M=1 rows=4 pattern=1
QBS RTL case 107 PASS profile=2 M=1 rows=4 pattern=2
QBS RTL case 108 PASS profile=2 M=2 rows=1 pattern=0
QBS RTL case 109 PASS profile=2 M=2 rows=1 pattern=1
QBS RTL case 110 PASS profile=2 M=2 rows=1 pattern=2
QBS RTL case 111 PASS profile=2 M=2 rows=2 pattern=0
QBS RTL case 112 PASS profile=2 M=2 rows=2 pattern=1
QBS RTL case 113 PASS profile=2 M=2 rows=2 pattern=2
QBS RTL case 114 PASS profile=2 M=2 rows=3 pattern=0
QBS RTL case 115 PASS profile=2 M=2 rows=3 pattern=1
QBS RTL case 116 PASS profile=2 M=2 rows=3 pattern=2
QBS RTL case 117 PASS profile=2 M=2 rows=4 pattern=0
QBS RTL case 118 PASS profile=2 M=2 rows=4 pattern=1
QBS RTL case 119 PASS profile=2 M=2 rows=4 pattern=2
QBS RTL case 120 PASS profile=2 M=3 rows=1 pattern=0
QBS RTL case 121 PASS profile=2 M=3 rows=1 pattern=1
QBS RTL case 122 PASS profile=2 M=3 rows=1 pattern=2
QBS RTL case 123 PASS profile=2 M=3 rows=2 pattern=0
QBS RTL case 124 PASS profile=2 M=3 rows=2 pattern=1
QBS RTL case 125 PASS profile=2 M=3 rows=2 pattern=2
QBS RTL case 126 PASS profile=2 M=3 rows=3 pattern=0
QBS RTL case 127 PASS profile=2 M=3 rows=3 pattern=1
QBS RTL case 128 PASS profile=2 M=3 rows=3 pattern=2
QBS RTL case 129 PASS profile=2 M=3 rows=4 pattern=0
QBS RTL case 130 PASS profile=2 M=3 rows=4 pattern=1
QBS RTL case 131 PASS profile=2 M=3 rows=4 pattern=2
QBS RTL case 132 PASS profile=2 M=4 rows=1 pattern=0
QBS RTL case 133 PASS profile=2 M=4 rows=1 pattern=1
QBS RTL case 134 PASS profile=2 M=4 rows=1 pattern=2
QBS RTL case 135 PASS profile=2 M=4 rows=2 pattern=0
QBS RTL case 136 PASS profile=2 M=4 rows=2 pattern=1
QBS RTL case 137 PASS profile=2 M=4 rows=2 pattern=2
QBS RTL case 138 PASS profile=2 M=4 rows=3 pattern=0
QBS RTL case 139 PASS profile=2 M=4 rows=3 pattern=1
QBS RTL case 140 PASS profile=2 M=4 rows=3 pattern=2
QBS RTL case 141 PASS profile=2 M=4 rows=4 pattern=0
QBS RTL case 142 PASS profile=2 M=4 rows=4 pattern=1
QBS RTL case 143 PASS profile=2 M=4 rows=4 pattern=2
QBS RTL case 144 PASS profile=5 M=1 rows=1 pattern=0
QBS RTL case 145 PASS profile=5 M=1 rows=1 pattern=1
QBS RTL case 146 PASS profile=5 M=1 rows=1 pattern=2
QBS RTL case 147 PASS profile=5 M=1 rows=2 pattern=0
QBS RTL case 148 PASS profile=5 M=1 rows=2 pattern=1
QBS RTL case 149 PASS profile=5 M=1 rows=2 pattern=2
QBS RTL case 150 PASS profile=5 M=1 rows=3 pattern=0
QBS RTL case 151 PASS profile=5 M=1 rows=3 pattern=1
QBS RTL case 152 PASS profile=5 M=1 rows=3 pattern=2
QBS RTL case 153 PASS profile=5 M=1 rows=4 pattern=0
QBS RTL case 154 PASS profile=5 M=1 rows=4 pattern=1
QBS RTL case 155 PASS profile=5 M=1 rows=4 pattern=2
QBS RTL case 156 PASS profile=5 M=2 rows=1 pattern=0
QBS RTL case 157 PASS profile=5 M=2 rows=1 pattern=1
QBS RTL case 158 PASS profile=5 M=2 rows=1 pattern=2
QBS RTL case 159 PASS profile=5 M=2 rows=2 pattern=0
QBS RTL case 160 PASS profile=5 M=2 rows=2 pattern=1
QBS RTL case 161 PASS profile=5 M=2 rows=2 pattern=2
QBS RTL case 162 PASS profile=5 M=2 rows=3 pattern=0
QBS RTL case 163 PASS profile=5 M=2 rows=3 pattern=1
QBS RTL case 164 PASS profile=5 M=2 rows=3 pattern=2
QBS RTL case 165 PASS profile=5 M=2 rows=4 pattern=0
QBS RTL case 166 PASS profile=5 M=2 rows=4 pattern=1
QBS RTL case 167 PASS profile=5 M=2 rows=4 pattern=2
QBS RTL case 168 PASS profile=5 M=3 rows=1 pattern=0
QBS RTL case 169 PASS profile=5 M=3 rows=1 pattern=1
QBS RTL case 170 PASS profile=5 M=3 rows=1 pattern=2
QBS RTL case 171 PASS profile=5 M=3 rows=2 pattern=0
QBS RTL case 172 PASS profile=5 M=3 rows=2 pattern=1
QBS RTL case 173 PASS profile=5 M=3 rows=2 pattern=2
QBS RTL case 174 PASS profile=5 M=3 rows=3 pattern=0
QBS RTL case 175 PASS profile=5 M=3 rows=3 pattern=1
QBS RTL case 176 PASS profile=5 M=3 rows=3 pattern=2
QBS RTL case 177 PASS profile=5 M=3 rows=4 pattern=0
QBS RTL case 178 PASS profile=5 M=3 rows=4 pattern=1
QBS RTL case 179 PASS profile=5 M=3 rows=4 pattern=2
QBS RTL case 180 PASS profile=5 M=4 rows=1 pattern=0
QBS RTL case 181 PASS profile=5 M=4 rows=1 pattern=1
QBS RTL case 182 PASS profile=5 M=4 rows=1 pattern=2
QBS RTL case 183 PASS profile=5 M=4 rows=2 pattern=0
QBS RTL case 184 PASS profile=5 M=4 rows=2 pattern=1
QBS RTL case 185 PASS profile=5 M=4 rows=2 pattern=2
QBS RTL case 186 PASS profile=5 M=4 rows=3 pattern=0
QBS RTL case 187 PASS profile=5 M=4 rows=3 pattern=1
QBS RTL case 188 PASS profile=5 M=4 rows=3 pattern=2
QBS RTL case 189 PASS profile=5 M=4 rows=4 pattern=0
QBS RTL case 190 PASS profile=5 M=4 rows=4 pattern=1
QBS RTL case 191 PASS profile=5 M=4 rows=4 pattern=2
QBS RTL case 192 PASS profile=6 M=1 rows=1 pattern=0
QBS RTL case 193 PASS profile=6 M=1 rows=1 pattern=1
QBS RTL case 194 PASS profile=6 M=1 rows=1 pattern=2
QBS RTL case 195 PASS profile=6 M=1 rows=2 pattern=0
QBS RTL case 196 PASS profile=6 M=1 rows=2 pattern=1
QBS RTL case 197 PASS profile=6 M=1 rows=2 pattern=2
QBS RTL case 198 PASS profile=6 M=1 rows=3 pattern=0
QBS RTL case 199 PASS profile=6 M=1 rows=3 pattern=1
QBS RTL case 200 PASS profile=6 M=1 rows=3 pattern=2
QBS RTL case 201 PASS profile=6 M=1 rows=4 pattern=0
QBS RTL case 202 PASS profile=6 M=1 rows=4 pattern=1
QBS RTL case 203 PASS profile=6 M=1 rows=4 pattern=2
QBS RTL case 204 PASS profile=6 M=2 rows=1 pattern=0
QBS RTL case 205 PASS profile=6 M=2 rows=1 pattern=1
QBS RTL case 206 PASS profile=6 M=2 rows=1 pattern=2
QBS RTL case 207 PASS profile=6 M=2 rows=2 pattern=0
QBS RTL case 208 PASS profile=6 M=2 rows=2 pattern=1
QBS RTL case 209 PASS profile=6 M=2 rows=2 pattern=2
QBS RTL case 210 PASS profile=6 M=2 rows=3 pattern=0
QBS RTL case 211 PASS profile=6 M=2 rows=3 pattern=1
QBS RTL case 212 PASS profile=6 M=2 rows=3 pattern=2
QBS RTL case 213 PASS profile=6 M=2 rows=4 pattern=0
QBS RTL case 214 PASS profile=6 M=2 rows=4 pattern=1
QBS RTL case 215 PASS profile=6 M=2 rows=4 pattern=2
QBS RTL case 216 PASS profile=6 M=3 rows=1 pattern=0
QBS RTL case 217 PASS profile=6 M=3 rows=1 pattern=1
QBS RTL case 218 PASS profile=6 M=3 rows=1 pattern=2
QBS RTL case 219 PASS profile=6 M=3 rows=2 pattern=0
QBS RTL case 220 PASS profile=6 M=3 rows=2 pattern=1
QBS RTL case 221 PASS profile=6 M=3 rows=2 pattern=2
QBS RTL case 222 PASS profile=6 M=3 rows=3 pattern=0
QBS RTL case 223 PASS profile=6 M=3 rows=3 pattern=1
QBS RTL case 224 PASS profile=6 M=3 rows=3 pattern=2
QBS RTL case 225 PASS profile=6 M=3 rows=4 pattern=0
QBS RTL case 226 PASS profile=6 M=3 rows=4 pattern=1
QBS RTL case 227 PASS profile=6 M=3 rows=4 pattern=2
QBS RTL case 228 PASS profile=6 M=4 rows=1 pattern=0
QBS RTL case 229 PASS profile=6 M=4 rows=1 pattern=1
QBS RTL case 230 PASS profile=6 M=4 rows=1 pattern=2
QBS RTL case 231 PASS profile=6 M=4 rows=2 pattern=0
QBS RTL case 232 PASS profile=6 M=4 rows=2 pattern=1
QBS RTL case 233 PASS profile=6 M=4 rows=2 pattern=2
QBS RTL case 234 PASS profile=6 M=4 rows=3 pattern=0
QBS RTL case 235 PASS profile=6 M=4 rows=3 pattern=1
QBS RTL case 236 PASS profile=6 M=4 rows=3 pattern=2
QBS RTL case 237 PASS profile=6 M=4 rows=4 pattern=0
QBS RTL case 238 PASS profile=6 M=4 rows=4 pattern=1
QBS RTL case 239 PASS profile=6 M=4 rows=4 pattern=2
QBS RTL case 240 PASS profile=3 M=1 rows=1 pattern=0
QBS RTL case 241 PASS profile=3 M=1 rows=1 pattern=1
QBS RTL case 242 PASS profile=3 M=1 rows=1 pattern=2
QBS RTL case 243 PASS profile=3 M=1 rows=2 pattern=0
QBS RTL case 244 PASS profile=3 M=1 rows=2 pattern=1
QBS RTL case 245 PASS profile=3 M=1 rows=2 pattern=2
QBS RTL case 246 PASS profile=3 M=1 rows=3 pattern=0
QBS RTL case 247 PASS profile=3 M=1 rows=3 pattern=1
QBS RTL case 248 PASS profile=3 M=1 rows=3 pattern=2
QBS RTL case 249 PASS profile=3 M=1 rows=4 pattern=0
QBS RTL case 250 PASS profile=3 M=1 rows=4 pattern=1
QBS RTL case 251 PASS profile=3 M=1 rows=4 pattern=2
QBS RTL case 252 PASS profile=3 M=2 rows=1 pattern=0
QBS RTL case 253 PASS profile=3 M=2 rows=1 pattern=1
QBS RTL case 254 PASS profile=3 M=2 rows=1 pattern=2
QBS RTL case 255 PASS profile=3 M=2 rows=2 pattern=0
QBS RTL case 256 PASS profile=3 M=2 rows=2 pattern=1
QBS RTL case 257 PASS profile=3 M=2 rows=2 pattern=2
QBS RTL case 258 PASS profile=3 M=2 rows=3 pattern=0
QBS RTL case 259 PASS profile=3 M=2 rows=3 pattern=1
QBS RTL case 260 PASS profile=3 M=2 rows=3 pattern=2
QBS RTL case 261 PASS profile=3 M=2 rows=4 pattern=0
QBS RTL case 262 PASS profile=3 M=2 rows=4 pattern=1
QBS RTL case 263 PASS profile=3 M=2 rows=4 pattern=2
QBS RTL case 264 PASS profile=3 M=3 rows=1 pattern=0
QBS RTL case 265 PASS profile=3 M=3 rows=1 pattern=1
QBS RTL case 266 PASS profile=3 M=3 rows=1 pattern=2
QBS RTL case 267 PASS profile=3 M=3 rows=2 pattern=0
QBS RTL case 268 PASS profile=3 M=3 rows=2 pattern=1
QBS RTL case 269 PASS profile=3 M=3 rows=2 pattern=2
QBS RTL case 270 PASS profile=3 M=3 rows=3 pattern=0
QBS RTL case 271 PASS profile=3 M=3 rows=3 pattern=1
QBS RTL case 272 PASS profile=3 M=3 rows=3 pattern=2
QBS RTL case 273 PASS profile=3 M=3 rows=4 pattern=0
QBS RTL case 274 PASS profile=3 M=3 rows=4 pattern=1
QBS RTL case 275 PASS profile=3 M=3 rows=4 pattern=2
QBS RTL case 276 PASS profile=3 M=4 rows=1 pattern=0
QBS RTL case 277 PASS profile=3 M=4 rows=1 pattern=1
QBS RTL case 278 PASS profile=3 M=4 rows=1 pattern=2
QBS RTL case 279 PASS profile=3 M=4 rows=2 pattern=0
QBS RTL case 280 PASS profile=3 M=4 rows=2 pattern=1
QBS RTL case 281 PASS profile=3 M=4 rows=2 pattern=2
QBS RTL case 282 PASS profile=3 M=4 rows=3 pattern=0
QBS RTL case 283 PASS profile=3 M=4 rows=3 pattern=1
QBS RTL case 284 PASS profile=3 M=4 rows=3 pattern=2
QBS RTL case 285 PASS profile=3 M=4 rows=4 pattern=0
QBS RTL case 286 PASS profile=3 M=4 rows=4 pattern=1
QBS RTL case 287 PASS profile=3 M=4 rows=4 pattern=2
QBS RTL case 288 PASS profile=7 M=1 rows=1 pattern=0
QBS RTL case 289 PASS profile=7 M=1 rows=1 pattern=1
QBS RTL case 290 PASS profile=7 M=1 rows=1 pattern=2
QBS RTL case 291 PASS profile=7 M=1 rows=2 pattern=0
QBS RTL case 292 PASS profile=7 M=1 rows=2 pattern=1
QBS RTL case 293 PASS profile=7 M=1 rows=2 pattern=2
QBS RTL case 294 PASS profile=7 M=1 rows=3 pattern=0
QBS RTL case 295 PASS profile=7 M=1 rows=3 pattern=1
QBS RTL case 296 PASS profile=7 M=1 rows=3 pattern=2
QBS RTL case 297 PASS profile=7 M=1 rows=4 pattern=0
QBS RTL case 298 PASS profile=7 M=1 rows=4 pattern=1
QBS RTL case 299 PASS profile=7 M=1 rows=4 pattern=2
QBS RTL case 300 PASS profile=7 M=2 rows=1 pattern=0
QBS RTL case 301 PASS profile=7 M=2 rows=1 pattern=1
QBS RTL case 302 PASS profile=7 M=2 rows=1 pattern=2
QBS RTL case 303 PASS profile=7 M=2 rows=2 pattern=0
QBS RTL case 304 PASS profile=7 M=2 rows=2 pattern=1
QBS RTL case 305 PASS profile=7 M=2 rows=2 pattern=2
QBS RTL case 306 PASS profile=7 M=2 rows=3 pattern=0
QBS RTL case 307 PASS profile=7 M=2 rows=3 pattern=1
QBS RTL case 308 PASS profile=7 M=2 rows=3 pattern=2
QBS RTL case 309 PASS profile=7 M=2 rows=4 pattern=0
QBS RTL case 310 PASS profile=7 M=2 rows=4 pattern=1
QBS RTL case 311 PASS profile=7 M=2 rows=4 pattern=2
QBS RTL case 312 PASS profile=7 M=3 rows=1 pattern=0
QBS RTL case 313 PASS profile=7 M=3 rows=1 pattern=1
QBS RTL case 314 PASS profile=7 M=3 rows=1 pattern=2
QBS RTL case 315 PASS profile=7 M=3 rows=2 pattern=0
QBS RTL case 316 PASS profile=7 M=3 rows=2 pattern=1
QBS RTL case 317 PASS profile=7 M=3 rows=2 pattern=2
QBS RTL case 318 PASS profile=7 M=3 rows=3 pattern=0
QBS RTL case 319 PASS profile=7 M=3 rows=3 pattern=1
QBS RTL case 320 PASS profile=7 M=3 rows=3 pattern=2
QBS RTL case 321 PASS profile=7 M=3 rows=4 pattern=0
QBS RTL case 322 PASS profile=7 M=3 rows=4 pattern=1
QBS RTL case 323 PASS profile=7 M=3 rows=4 pattern=2
QBS RTL case 324 PASS profile=7 M=4 rows=1 pattern=0
QBS RTL case 325 PASS profile=7 M=4 rows=1 pattern=1
QBS RTL case 326 PASS profile=7 M=4 rows=1 pattern=2
QBS RTL case 327 PASS profile=7 M=4 rows=2 pattern=0
QBS RTL case 328 PASS profile=7 M=4 rows=2 pattern=1
QBS RTL case 329 PASS profile=7 M=4 rows=2 pattern=2
QBS RTL case 330 PASS profile=7 M=4 rows=3 pattern=0
QBS RTL case 331 PASS profile=7 M=4 rows=3 pattern=1
QBS RTL case 332 PASS profile=7 M=4 rows=3 pattern=2
QBS RTL case 333 PASS profile=7 M=4 rows=4 pattern=0
QBS RTL case 334 PASS profile=7 M=4 rows=4 pattern=1
QBS RTL case 335 PASS profile=7 M=4 rows=4 pattern=2
QBS RTL case 336 PASS profile=8 M=1 rows=1 pattern=0
QBS RTL case 337 PASS profile=8 M=1 rows=1 pattern=1
QBS RTL case 338 PASS profile=8 M=1 rows=1 pattern=2
QBS RTL case 339 PASS profile=8 M=1 rows=2 pattern=0
QBS RTL case 340 PASS profile=8 M=1 rows=2 pattern=1
QBS RTL case 341 PASS profile=8 M=1 rows=2 pattern=2
QBS RTL case 342 PASS profile=8 M=1 rows=3 pattern=0
QBS RTL case 343 PASS profile=8 M=1 rows=3 pattern=1
QBS RTL case 344 PASS profile=8 M=1 rows=3 pattern=2
QBS RTL case 345 PASS profile=8 M=1 rows=4 pattern=0
QBS RTL case 346 PASS profile=8 M=1 rows=4 pattern=1
QBS RTL case 347 PASS profile=8 M=1 rows=4 pattern=2
QBS RTL case 348 PASS profile=8 M=2 rows=1 pattern=0
QBS RTL case 349 PASS profile=8 M=2 rows=1 pattern=1
QBS RTL case 350 PASS profile=8 M=2 rows=1 pattern=2
QBS RTL case 351 PASS profile=8 M=2 rows=2 pattern=0
QBS RTL case 352 PASS profile=8 M=2 rows=2 pattern=1
QBS RTL case 353 PASS profile=8 M=2 rows=2 pattern=2
QBS RTL case 354 PASS profile=8 M=2 rows=3 pattern=0
QBS RTL case 355 PASS profile=8 M=2 rows=3 pattern=1
QBS RTL case 356 PASS profile=8 M=2 rows=3 pattern=2
QBS RTL case 357 PASS profile=8 M=2 rows=4 pattern=0
QBS RTL case 358 PASS profile=8 M=2 rows=4 pattern=1
QBS RTL case 359 PASS profile=8 M=2 rows=4 pattern=2
QBS RTL case 360 PASS profile=8 M=3 rows=1 pattern=0
QBS RTL case 361 PASS profile=8 M=3 rows=1 pattern=1
QBS RTL case 362 PASS profile=8 M=3 rows=1 pattern=2
QBS RTL case 363 PASS profile=8 M=3 rows=2 pattern=0
QBS RTL case 364 PASS profile=8 M=3 rows=2 pattern=1
QBS RTL case 365 PASS profile=8 M=3 rows=2 pattern=2
QBS RTL case 366 PASS profile=8 M=3 rows=3 pattern=0
QBS RTL case 367 PASS profile=8 M=3 rows=3 pattern=1
QBS RTL case 368 PASS profile=8 M=3 rows=3 pattern=2
QBS RTL case 369 PASS profile=8 M=3 rows=4 pattern=0
QBS RTL case 370 PASS profile=8 M=3 rows=4 pattern=1
QBS RTL case 371 PASS profile=8 M=3 rows=4 pattern=2
QBS RTL case 372 PASS profile=8 M=4 rows=1 pattern=0
QBS RTL case 373 PASS profile=8 M=4 rows=1 pattern=1
QBS RTL case 374 PASS profile=8 M=4 rows=1 pattern=2
QBS RTL case 375 PASS profile=8 M=4 rows=2 pattern=0
QBS RTL case 376 PASS profile=8 M=4 rows=2 pattern=1
QBS RTL case 377 PASS profile=8 M=4 rows=2 pattern=2
QBS RTL case 378 PASS profile=8 M=4 rows=3 pattern=0
QBS RTL case 379 PASS profile=8 M=4 rows=3 pattern=1
QBS RTL case 380 PASS profile=8 M=4 rows=3 pattern=2
QBS RTL case 381 PASS profile=8 M=4 rows=4 pattern=0
QBS RTL case 382 PASS profile=8 M=4 rows=4 pattern=1
QBS RTL case 383 PASS profile=8 M=4 rows=4 pattern=2
QBS RTL case 384 PASS profile=9 M=1 rows=1 pattern=0
QBS RTL case 385 PASS profile=9 M=1 rows=1 pattern=1
QBS RTL case 386 PASS profile=9 M=1 rows=1 pattern=2
QBS RTL case 387 PASS profile=9 M=1 rows=2 pattern=0
QBS RTL case 388 PASS profile=9 M=1 rows=2 pattern=1
QBS RTL case 389 PASS profile=9 M=1 rows=2 pattern=2
QBS RTL case 390 PASS profile=9 M=1 rows=3 pattern=0
QBS RTL case 391 PASS profile=9 M=1 rows=3 pattern=1
QBS RTL case 392 PASS profile=9 M=1 rows=3 pattern=2
QBS RTL case 393 PASS profile=9 M=1 rows=4 pattern=0
QBS RTL case 394 PASS profile=9 M=1 rows=4 pattern=1
QBS RTL case 395 PASS profile=9 M=1 rows=4 pattern=2
QBS RTL case 396 PASS profile=9 M=2 rows=1 pattern=0
QBS RTL case 397 PASS profile=9 M=2 rows=1 pattern=1
QBS RTL case 398 PASS profile=9 M=2 rows=1 pattern=2
QBS RTL case 399 PASS profile=9 M=2 rows=2 pattern=0
QBS RTL case 400 PASS profile=9 M=2 rows=2 pattern=1
QBS RTL case 401 PASS profile=9 M=2 rows=2 pattern=2
QBS RTL case 402 PASS profile=9 M=2 rows=3 pattern=0
QBS RTL case 403 PASS profile=9 M=2 rows=3 pattern=1
QBS RTL case 404 PASS profile=9 M=2 rows=3 pattern=2
QBS RTL case 405 PASS profile=9 M=2 rows=4 pattern=0
QBS RTL case 406 PASS profile=9 M=2 rows=4 pattern=1
QBS RTL case 407 PASS profile=9 M=2 rows=4 pattern=2
QBS RTL case 408 PASS profile=9 M=3 rows=1 pattern=0
QBS RTL case 409 PASS profile=9 M=3 rows=1 pattern=1
QBS RTL case 410 PASS profile=9 M=3 rows=1 pattern=2
QBS RTL case 411 PASS profile=9 M=3 rows=2 pattern=0
QBS RTL case 412 PASS profile=9 M=3 rows=2 pattern=1
QBS RTL case 413 PASS profile=9 M=3 rows=2 pattern=2
QBS RTL case 414 PASS profile=9 M=3 rows=3 pattern=0
QBS RTL case 415 PASS profile=9 M=3 rows=3 pattern=1
QBS RTL case 416 PASS profile=9 M=3 rows=3 pattern=2
QBS RTL case 417 PASS profile=9 M=3 rows=4 pattern=0
QBS RTL case 418 PASS profile=9 M=3 rows=4 pattern=1
QBS RTL case 419 PASS profile=9 M=3 rows=4 pattern=2
QBS RTL case 420 PASS profile=9 M=4 rows=1 pattern=0
QBS RTL case 421 PASS profile=9 M=4 rows=1 pattern=1
QBS RTL case 422 PASS profile=9 M=4 rows=1 pattern=2
QBS RTL case 423 PASS profile=9 M=4 rows=2 pattern=0
QBS RTL case 424 PASS profile=9 M=4 rows=2 pattern=1
QBS RTL case 425 PASS profile=9 M=4 rows=2 pattern=2
QBS RTL case 426 PASS profile=9 M=4 rows=3 pattern=0
QBS RTL case 427 PASS profile=9 M=4 rows=3 pattern=1
QBS RTL case 428 PASS profile=9 M=4 rows=3 pattern=2
QBS RTL case 429 PASS profile=9 M=4 rows=4 pattern=0
QBS RTL case 430 PASS profile=9 M=4 rows=4 pattern=1
QBS RTL case 431 PASS profile=9 M=4 rows=4 pattern=2
QBS profile engine PASS: 432 cases
$finish called from file "/home/wangwy/openproject/ara_dsa/verification/qbs/qbs_profile_engine_tb.sv", line 676.
$finish at simulation time           1158275000
           V C S   S i m u l a t i o n   R e p o r t 
Time: 1158275000 ps
CPU Time:      4.490 seconds;       Data structure size:   0.5Mb
Tue Sep  1 03:04:39 2026
