Copyright 1986-2020 Xilinx, Inc. All Rights Reserved.
-----------------------------------------------------------------------------------------------------------------------------------------------------
| Tool Version      : Vivado v.2020.1 (win64) Build 2902540 Wed May 27 19:54:49 MDT 2020
| Date              : Thu Sep 17 17:27:10 2026
| Host              : DESKTOP-9T3TD2K running 64-bit major release  (build 9200)
| Command           : report_exceptions -coverage -file D:/project/ara/hardware/fpga/ara_dsa_vcu118/reports/impl_54e53e8b3aaf/exception_coverage.rpt
| Design            : ara_dsa_vcu118
| Device            : xcvu9p-flga2104
| Speed File        : -2L  PRODUCTION 1.27 02-28-2020
| Temperature Grade : E
-----------------------------------------------------------------------------------------------------------------------------------------------------

Exceptions Report

Position  Type                     Setup          Hold   From      Through  To        Endpoints  From (%)  Through (%)  To (%)
--------  -----------------------  -------------  -----  --------  -------  --------  ---------  --------  -----------  ------
1         False Path               false          false  1 cells            4 cells   4          100.00                 33.33
2         False Path               false          false  4 cells            4 cells   4          100.00                 33.33
3         False Path               false          false  1 cells            1 cells   1          100.00                 33.33
4         False Path               false          false  1 cells            6 cells   4          100.00                 22.22
5         False Path               false          false  1 cells            4 cells   4          100.00                 33.33
6         False Path               false          false  28 cells           6 cells   6          14.29                  33.33
7         False Path               false          false            1 pins             1                    100.00        
8         False Path               false          false                     2 pins    1                                 50.00
9         False Path               false          false            1 pins             0                    0.00          
10        False Path               false          false            1 pins             0                    0.00          
11        False Path               -              false                     132 pins  132                               100.00
12        False Path               -              false                     352 pins  352                               100.00
13        Max Delay Datapath Only  max_dpo=5      -      1 pins             1 pins    1          100.00                 100.00
14        Max Delay Datapath Only  max_dpo=5      -      32 pins            32 pins   32         100.00                 100.00
15        Max Delay Datapath Only  max_dpo=3      -      1 pins             1 pins    1          100.00                 100.00
16        Max Delay Datapath Only  max_dpo=3      -      1 pins             1 pins    1          100.00                 100.00
17        Max Delay Datapath Only  max_dpo=3      -      1 pins             1 pins    1          100.00                 100.00
18        Max Delay Datapath Only  max_dpo=3      -      1 pins             1 pins    1          100.00                 100.00
19        Max Delay Datapath Only  max_dpo=3      -      28 pins            32 pins   28         100.00                 87.50
20        Max Delay Datapath Only  max_dpo=3      -      32 pins            32 pins   32         100.00                 100.00
21        Max Delay Datapath Only  max_dpo=10     -      1 pins             1 pins    1          100.00                 100.00
22        Max Delay Datapath Only  max_dpo=10     -      20 pins            20 pins   20         100.00                 100.00
23        Max Delay Datapath Only  max_dpo=10     -      11 pins            20 pins   11         100.00                 55.00
24        Max Delay Datapath Only  max_dpo=10     -      11 pins            20 pins   11         100.00                 55.00
25        Max Delay Datapath Only  max_dpo=10     -      11 pins            20 pins   11         100.00                 55.00
26        Max Delay Datapath Only  max_dpo=10     -      11 pins            20 pins   11         100.00                 55.00
27        Max Delay Datapath Only  max_dpo=10     -      1 pins             1 pins    1          100.00                 100.00
28        Max Delay Datapath Only  max_dpo=3      -      1 pins             1 pins    1          100.00                 100.00
29        Max Delay Datapath Only  max_dpo=3      -      1 pins             1 pins    1          100.00                 100.00
30        Max Delay Datapath Only  max_dpo=3      -      1 pins             1 pins    1          100.00                 100.00
31        Max Delay Datapath Only  max_dpo=3      -      16 pins            16 pins   16         100.00                 100.00
32        Max Delay Datapath Only  max_dpo=3      -      9 pins             9 pins    9          100.00                 100.00
33        Max Delay Datapath Only  max_dpo=3      -      1 pins             1 pins    1          100.00                 100.00
34        Max Delay Datapath Only  max_dpo=12     -      1 pins             1 pins    1          100.00                 100.00
35        Max Delay Datapath Only  max_dpo=12     -      9 pins             9 pins    9          100.00                 100.00
36        False Path               false          false            1 pins             2                    100.00        
37        False Path               false          false  1 pins             1 pins    0          0.00                   0.00
38        False Path               false          false  1 pins             1 pins    0          0.00                   0.00
39        False Path               false          false  1 pins             1 pins    0          0.00                   0.00
40        False Path               false          false  1 pins             1 pins    1          100.00                 100.00
41        False Path               false          false  1 pins             1 pins    1          100.00                 100.00
42        False Path               false          false  1 pins             1 pins    1          100.00                 100.00
44        Max Delay                max=70         -                         1 ports   1                                 100.00
45        False Path               -              false                     1 ports   1                                 100.00
46        False Path               false          false  1 ports                      4          100.00                  
47        Max Delay Datapath Only  max_dpo=3      -      1 clocks           6 pins    6          100.00                 100.00
48        Max Delay Datapath Only  max_dpo=3      -      1 clocks           6 pins    6          100.00                 100.00
49        Max Delay Datapath Only  max_dpo=3      -      1 clocks           39 pins   39         100.00                 100.00
52        Max Delay Datapath Only  max_dpo=3      -      1 clocks           6 pins    6          100.00                 100.00
53        Max Delay Datapath Only  max_dpo=3      -      1 clocks           6 pins    6          100.00                 100.00
54        Max Delay Datapath Only  max_dpo=3      -      1 clocks           576 pins  576        100.00                 100.00
57        Max Delay Datapath Only  max_dpo=3      -      1 clocks           6 pins    6          100.00                 100.00
58        Max Delay Datapath Only  max_dpo=3      -      1 clocks           6 pins    6          100.00                 100.00
59        Max Delay Datapath Only  max_dpo=3      -      1 clocks           39 pins   39         100.00                 100.00
62        Max Delay Datapath Only  max_dpo=3      -      1 clocks           6 pins    6          100.00                 100.00
63        Max Delay Datapath Only  max_dpo=3      -      1 clocks           6 pins    6          100.00                 100.00
64        Max Delay Datapath Only  max_dpo=3      -      1 clocks           7 pins    5          100.00                 71.43
67        Max Delay Datapath Only  max_dpo=3      -      1 clocks           6 pins    6          100.00                 100.00
68        Max Delay Datapath Only  max_dpo=3      -      1 clocks           6 pins    6          100.00                 100.00
69        Max Delay Datapath Only  max_dpo=3      -      1 clocks           520 pins  518        100.00                 99.62
72        False Path               false          false            1 pins             4                    100.00        
73        False Path               false          false            1 pins             4                    100.00        
74        False Path               false          false            1 pins             4                    100.00        
75        False Path               false          false            1 pins             4                    100.00        
76        False Path               false          false                     4 pins    3                                 75.00
80        Max Delay Datapath Only  max_dpo=20     -      1 ports            1 pins    1          100.00                 100.00
83        Max Delay Datapath Only  max_dpo=20     -      1 ports            1 pins    1          100.00                 100.00
86        Max Delay Datapath Only  max_dpo=20     -      1 ports            1 pins    1          100.00                 100.00
87        Max Delay Datapath Only  max_dpo=20     -      1 clocks           1 ports   1          100.00                 100.00
90        Max Delay Datapath Only  max_dpo=70     -      1 ports            1 pins    1          100.00                 100.00
91        Max Delay Datapath Only  max_dpo=3.333  -      1 clocks           1 ports   1          100.00                 100.00
93        False Path               false          false  71 pins            16 cells  16         22.54                  33.33
94        Max Delay Datapath Only  max_dpo=50     -      4 cells            4 cells   4          100.00                 33.33
96        Max Delay Datapath Only  max_dpo=20     -      4 cells            4 cells   4          100.00                 33.33
98        False Path               false          false  71 pins            16 cells  16         22.54                  33.33
99        Max Delay Datapath Only  max_dpo=20     -      4 cells            4 cells   4          100.00                 33.33
101       Max Delay Datapath Only  max_dpo=50     -      4 cells            4 cells   4          100.00                 33.33
103       False Path               false          false  1 cells            1 cells   1          100.00                 33.33
104       False Path               false          false  1 cells            1 cells   1          100.00                 33.33
105       False Path               false          false  1 cells            1 cells   1          100.00                 33.33
106       False Path               false          false  1 cells            1 cells   1          100.00                 33.33
107       False Path               false          false  1 cells            1 cells   1          100.00                 33.33
108       False Path               false          false  1 cells            1 cells   1          100.00                 33.33
109       False Path               false          false  1 cells            1 cells   1          100.00                 33.33
110       False Path               false          false  3 cells            3 cells   3          100.00                 33.33
111       False Path               false          false  1 cells            1 cells   1          100.00                 33.33
112       False Path               false          false  1 cells            1 cells   1          100.00                 33.33
113       False Path               false          false  1 cells            1 cells   1          100.00                 33.33
114       False Path               false          false  1 cells            1 cells   1          100.00                 33.33
115       False Path               false          false  28 cells           28 cells  28         100.00                 33.33
116       False Path               false          false  3 cells            3 cells   3          100.00                 33.33
117       False Path               false          false  18 cells           18 cells  18         100.00                 33.33
118       False Path               false          false  1 cells            1 cells   1          100.00                 33.33
119       False Path               false          false  4 cells            4 cells   4          100.00                 33.33
120       False Path               false          false  4 cells            4 cells   4          100.00                 33.33
121       False Path               false          false  3 cells            3 cells   3          100.00                 33.33
122       False Path               false          false  1 cells            1 cells   1          100.00                 33.33
123       False Path               false          false  1 cells            1 cells   1          100.00                 33.33
124       False Path               false          false  1 cells            16 cells  16         100.00                 33.33
125       False Path               false          false  1 cells            28 cells  28         100.00                 33.33
126       False Path               false          false  1 cells            18 cells  18         100.00                 33.33
127       False Path               false          false  1 cells            3 cells   3          100.00                 33.33

Warning: the percentages reported indicate the number of pins covered by the exception relative to the number of pins specified implicitly or explicitly.
