Cell fanin, maximum 64 cells; sequential cells are boundaries
CELL i_cheshire_soc/gen_cva6_cores[0].gen_ara.i_ara/i_vlsu/i_qbs_engine/i_fpga_compute_fault REF_NAME=LUT5
  INIT=32'h00600040
  DONT_TOUCH=1
  ORIG_REF_NAME=
  ORIG_CELL_NAME=
  FILE_NAME=D:/project/ara/hardware/fpga/ara_dsa_vcu118/rtl/ara/hardware/src/vlsu/qbs/qbs_engine.sv
  LINE_NUMBER=962
  PIN i_cheshire_soc/gen_cva6_cores[0].gen_ara.i_ara/i_vlsu/i_qbs_engine/i_fpga_compute_fault/O OUT NETS=i_cheshire_soc/gen_cva6_cores[0].gen_ara.i_ara/i_vlsu/i_qbs_engine/compute_fault i_cheshire_soc/gen_cva6_cores[0].gen_ara.i_ara/i_vlsu/i_qbs_engine/i_compute_engine/fault_i
    DRIVERS=i_cheshire_soc/gen_cva6_cores[0].gen_ara.i_ara/i_vlsu/i_qbs_engine/i_fpga_compute_fault/O
    PORTS=
  PIN i_cheshire_soc/gen_cva6_cores[0].gen_ara.i_ara/i_vlsu/i_qbs_engine/i_fpga_compute_fault/I0 IN NETS=i_cheshire_soc/gen_cva6_cores[0].gen_ara.i_ara/i_vlsu/i_qbs_engine/state_q[0]
    DRIVERS=i_cheshire_soc/gen_cva6_cores[0].gen_ara.i_ara/i_vlsu/i_qbs_engine/state_q_reg[0]/Q
    PORTS=
  PIN i_cheshire_soc/gen_cva6_cores[0].gen_ara.i_ara/i_vlsu/i_qbs_engine/i_fpga_compute_fault/I1 IN NETS=i_cheshire_soc/gen_cva6_cores[0].gen_ara.i_ara/i_vlsu/i_qbs_engine/state_q_reg_n_0_[1]
    DRIVERS=i_cheshire_soc/gen_cva6_cores[0].gen_ara.i_ara/i_vlsu/i_qbs_engine/state_q_reg[1]/Q
    PORTS=
  PIN i_cheshire_soc/gen_cva6_cores[0].gen_ara.i_ara/i_vlsu/i_qbs_engine/i_fpga_compute_fault/I2 IN NETS=i_cheshire_soc/gen_cva6_cores[0].gen_ara.i_ara/i_vlsu/i_qbs_engine/state_q[2]
    DRIVERS=i_cheshire_soc/gen_cva6_cores[0].gen_ara.i_ara/i_vlsu/i_qbs_engine/state_q_reg[2]/Q
    PORTS=
  PIN i_cheshire_soc/gen_cva6_cores[0].gen_ara.i_ara/i_vlsu/i_qbs_engine/i_fpga_compute_fault/I3 IN NETS=i_cheshire_soc/gen_cva6_cores[0].gen_ara.i_ara/i_vlsu/i_qbs_engine/state_q_reg_n_0_[3]
    DRIVERS=i_cheshire_soc/gen_cva6_cores[0].gen_ara.i_ara/i_vlsu/i_qbs_engine/state_q_reg[3]/Q
    PORTS=
  PIN i_cheshire_soc/gen_cva6_cores[0].gen_ara.i_ara/i_vlsu/i_qbs_engine/i_fpga_compute_fault/I4 IN NETS=i_cheshire_soc/gen_cva6_cores[0].gen_ara.i_ara/i_vlsu/i_qbs_engine/i_read_engine/fault_valid_o i_cheshire_soc/gen_cva6_cores[0].gen_ara.i_ara/i_vlsu/i_qbs_engine/read_fault_valid
    DRIVERS=i_cheshire_soc/gen_cva6_cores[0].gen_ara.i_ara/i_vlsu/i_qbs_engine/i_read_engine/fault_valid_o_INST_0/O
    PORTS=
CELL i_cheshire_soc/gen_cva6_cores[0].gen_ara.i_ara/i_vlsu/i_qbs_engine/i_read_engine/fault_valid_o_INST_0 REF_NAME=LUT3
  INIT=8'h04
  DONT_TOUCH=
  ORIG_REF_NAME=
  ORIG_CELL_NAME=
  FILE_NAME=D:/project/ara/hardware/fpga/ara_dsa_vcu118/rtl/ara/hardware/src/vlsu/qbs/qbs_read_engine.sv
  LINE_NUMBER=8
  PIN i_cheshire_soc/gen_cva6_cores[0].gen_ara.i_ara/i_vlsu/i_qbs_engine/i_read_engine/fault_valid_o_INST_0/O OUT NETS=i_cheshire_soc/gen_cva6_cores[0].gen_ara.i_ara/i_vlsu/i_qbs_engine/i_read_engine/fault_valid_o i_cheshire_soc/gen_cva6_cores[0].gen_ara.i_ara/i_vlsu/i_qbs_engine/read_fault_valid
    DRIVERS=i_cheshire_soc/gen_cva6_cores[0].gen_ara.i_ara/i_vlsu/i_qbs_engine/i_read_engine/fault_valid_o_INST_0/O
    PORTS=
  PIN i_cheshire_soc/gen_cva6_cores[0].gen_ara.i_ara/i_vlsu/i_qbs_engine/i_read_engine/fault_valid_o_INST_0/I0 IN NETS=i_cheshire_soc/gen_cva6_cores[0].gen_ara.i_ara/i_vlsu/i_qbs_engine/i_read_engine/response_error2
    DRIVERS=i_cheshire_soc/gen_cva6_cores[0].gen_ara.i_ara/i_vlsu/i_qbs_engine/i_read_engine/data_valid_o_INST_0_i_1/O
    PORTS=
  PIN i_cheshire_soc/gen_cva6_cores[0].gen_ara.i_ara/i_vlsu/i_qbs_engine/i_read_engine/fault_valid_o_INST_0/I1 IN NETS=i_cheshire_soc/gen_cva6_cores[0].gen_ara.i_ara/i_vlsu/i_qbs_engine/i_read_engine/fault_pending_q_reg_n_0
    DRIVERS=i_cheshire_soc/gen_cva6_cores[0].gen_ara.i_ara/i_vlsu/i_qbs_engine/i_read_engine/fault_pending_q_reg/Q
    PORTS=
  PIN i_cheshire_soc/gen_cva6_cores[0].gen_ara.i_ara/i_vlsu/i_qbs_engine/i_read_engine/fault_valid_o_INST_0/I2 IN NETS=i_cheshire_soc/gen_cva6_cores[0].gen_ara.i_ara/i_vlsu/i_qbs_engine/i_read_engine/ar_stalled_q
    DRIVERS=i_cheshire_soc/gen_cva6_cores[0].gen_ara.i_ara/i_vlsu/i_qbs_engine/i_read_engine/ar_stalled_q_reg/Q
    PORTS=
CELL i_cheshire_soc/gen_cva6_cores[0].gen_ara.i_ara/i_vlsu/i_qbs_engine/state_q_reg[0] REF_NAME=FDCE
  INIT=1'b0
  DONT_TOUCH=
  ORIG_REF_NAME=
  ORIG_CELL_NAME=state_q_reg[0]
  FILE_NAME=D:/project/ara/hardware/fpga/ara_dsa_vcu118/rtl/ara/hardware/src/vlsu/qbs/qbs_engine.sv
  LINE_NUMBER=1231
  BOUNDARY sequential
CELL i_cheshire_soc/gen_cva6_cores[0].gen_ara.i_ara/i_vlsu/i_qbs_engine/state_q_reg[1] REF_NAME=FDCE
  INIT=1'b0
  DONT_TOUCH=
  ORIG_REF_NAME=
  ORIG_CELL_NAME=
  FILE_NAME=D:/project/ara/hardware/fpga/ara_dsa_vcu118/rtl/ara/hardware/src/vlsu/qbs/qbs_engine.sv
  LINE_NUMBER=1231
  BOUNDARY sequential
CELL i_cheshire_soc/gen_cva6_cores[0].gen_ara.i_ara/i_vlsu/i_qbs_engine/state_q_reg[2] REF_NAME=FDCE
  INIT=1'b0
  DONT_TOUCH=
  ORIG_REF_NAME=
  ORIG_CELL_NAME=
  FILE_NAME=D:/project/ara/hardware/fpga/ara_dsa_vcu118/rtl/ara/hardware/src/vlsu/qbs/qbs_engine.sv
  LINE_NUMBER=1231
  BOUNDARY sequential
CELL i_cheshire_soc/gen_cva6_cores[0].gen_ara.i_ara/i_vlsu/i_qbs_engine/state_q_reg[3] REF_NAME=FDCE
  INIT=1'b0
  DONT_TOUCH=
  ORIG_REF_NAME=
  ORIG_CELL_NAME=
  FILE_NAME=D:/project/ara/hardware/fpga/ara_dsa_vcu118/rtl/ara/hardware/src/vlsu/qbs/qbs_engine.sv
  LINE_NUMBER=1231
  BOUNDARY sequential
CELL i_cheshire_soc/gen_cva6_cores[0].gen_ara.i_ara/i_vlsu/i_qbs_engine/i_read_engine/ar_stalled_q_reg REF_NAME=FDCE
  INIT=1'b0
  DONT_TOUCH=
  ORIG_REF_NAME=
  ORIG_CELL_NAME=
  FILE_NAME=D:/project/ara/hardware/fpga/ara_dsa_vcu118/rtl/ara/hardware/src/vlsu/qbs/qbs_read_engine.sv
  LINE_NUMBER=227
  BOUNDARY sequential
CELL i_cheshire_soc/gen_cva6_cores[0].gen_ara.i_ara/i_vlsu/i_qbs_engine/i_read_engine/data_valid_o_INST_0_i_1 REF_NAME=LUT2
  INIT=4'hE
  DONT_TOUCH=
  ORIG_REF_NAME=
  ORIG_CELL_NAME=
  FILE_NAME=D:/project/ara/hardware/fpga/ara_dsa_vcu118/rtl/ara/hardware/src/vlsu/qbs/qbs_read_engine.sv
  LINE_NUMBER=235
  PIN i_cheshire_soc/gen_cva6_cores[0].gen_ara.i_ara/i_vlsu/i_qbs_engine/i_read_engine/data_valid_o_INST_0_i_1/O OUT NETS=i_cheshire_soc/gen_cva6_cores[0].gen_ara.i_ara/i_vlsu/i_qbs_engine/i_read_engine/response_error2
    DRIVERS=i_cheshire_soc/gen_cva6_cores[0].gen_ara.i_ara/i_vlsu/i_qbs_engine/i_read_engine/data_valid_o_INST_0_i_1/O
    PORTS=
  PIN i_cheshire_soc/gen_cva6_cores[0].gen_ara.i_ara/i_vlsu/i_qbs_engine/i_read_engine/data_valid_o_INST_0_i_1/I0 IN NETS=i_cheshire_soc/gen_cva6_cores[0].gen_ara.i_ara/i_vlsu/i_qbs_engine/i_read_engine/burst_fifo_count_q[1]
    DRIVERS=i_cheshire_soc/gen_cva6_cores[0].gen_ara.i_ara/i_vlsu/i_qbs_engine/i_read_engine/burst_fifo_count_q_reg[1]/Q
    PORTS=
  PIN i_cheshire_soc/gen_cva6_cores[0].gen_ara.i_ara/i_vlsu/i_qbs_engine/i_read_engine/data_valid_o_INST_0_i_1/I1 IN NETS=i_cheshire_soc/gen_cva6_cores[0].gen_ara.i_ara/i_vlsu/i_qbs_engine/i_read_engine/burst_fifo_count_q[0]
    DRIVERS=i_cheshire_soc/gen_cva6_cores[0].gen_ara.i_ara/i_vlsu/i_qbs_engine/i_read_engine/burst_fifo_count_q_reg[0]/Q
    PORTS=
CELL i_cheshire_soc/gen_cva6_cores[0].gen_ara.i_ara/i_vlsu/i_qbs_engine/i_read_engine/fault_pending_q_reg REF_NAME=FDCE
  INIT=1'b0
  DONT_TOUCH=
  ORIG_REF_NAME=
  ORIG_CELL_NAME=
  FILE_NAME=D:/project/ara/hardware/fpga/ara_dsa_vcu118/rtl/ara/hardware/src/vlsu/qbs/qbs_read_engine.sv
  LINE_NUMBER=598
  BOUNDARY sequential
CELL i_cheshire_soc/gen_cva6_cores[0].gen_ara.i_ara/i_vlsu/i_qbs_engine/i_read_engine/burst_fifo_count_q_reg[0] REF_NAME=FDCE
  INIT=1'b0
  DONT_TOUCH=
  ORIG_REF_NAME=
  ORIG_CELL_NAME=
  FILE_NAME=D:/project/ara/hardware/fpga/ara_dsa_vcu118/rtl/ara/hardware/src/vlsu/qbs/qbs_read_engine.sv
  LINE_NUMBER=536
  BOUNDARY sequential
CELL i_cheshire_soc/gen_cva6_cores[0].gen_ara.i_ara/i_vlsu/i_qbs_engine/i_read_engine/burst_fifo_count_q_reg[1] REF_NAME=FDCE
  INIT=1'b0
  DONT_TOUCH=
  ORIG_REF_NAME=
  ORIG_CELL_NAME=
  FILE_NAME=D:/project/ara/hardware/fpga/ara_dsa_vcu118/rtl/ara/hardware/src/vlsu/qbs/qbs_read_engine.sv
  LINE_NUMBER=536
  BOUNDARY sequential
Visited 11 cells; pending 0
