Copyright 1986-2020 Xilinx, Inc. All Rights Reserved.
-------------------------------------------------------------------------------------------------------------------------------------------------
| Tool Version      : Vivado v.2020.1 (win64) Build 2902540 Wed May 27 19:54:49 MDT 2020
| Date              : Wed Sep 16 18:34:47 2026
| Host              : DESKTOP-9T3TD2K running 64-bit major release  (build 9200)
| Command           : report_clock_interaction -file D:/project/ara/hardware/fpga/ara_dsa_vcu118/reports/impl_1684ae5a235b/clock_interaction.rpt
| Design            : ara_dsa_vcu118
| Device            : xcvu9p-flga2104
| Speed File        : -2L  PRODUCTION 1.27 02-28-2020
| Temperature Grade : E
-------------------------------------------------------------------------------------------------------------------------------------------------

Clock Interaction Report

Clock Interaction Table
-----------------------

                                                                                                                                                                                                          WNS                            TNS Failing  TNS Total    WNS Path         Clock-Pair           Inter-Clock                  
From Clock                                                                                           To Clock                                                                                             Clock Edges  WNS(ns)  TNS(ns)    Endpoints    Endpoints  Requirement(ns)  Classification       Constraints                  
---------------------------------------------------------------------------------------------------  ---------------------------------------------------------------------------------------------------  -----------  -------  -------  -----------  -----------  ---------------  -------------------  ---------------------------  
clk_50_clkwiz                                                                                        clk_50_clkwiz                                                                                        rise - rise     0.89     0.00            0       576498            20.00  Clean                Timed                        
clk_50_clkwiz                                                                                        mmcm_clkout0                                                                                         rise - rise    -0.17    -1.80           28          688             3.00  No Common Phase      Partial False Path (unsafe)  
clk_50_clkwiz                                                                                        mmcm_clkout5                                                                                                                                  0            4                   Ignored              False Path                   
clk_50_clkwiz                                                                                        sys_clk                                                                                                                                       0            2                   Ignored              False Path                   
dbg_hub/inst/BSCANID.u_xsdbm_id/SWITCH_N_EXT_BSCAN.bscan_inst/SERIES7_BSCAN.bscan_inst/INTERNAL_TCK  dbg_hub/inst/BSCANID.u_xsdbm_id/SWITCH_N_EXT_BSCAN.bscan_inst/SERIES7_BSCAN.bscan_inst/INTERNAL_TCK  rise - fall    10.71     0.00            0         1155            25.00  Clean                Timed                        
dbg_hub/inst/BSCANID.u_xsdbm_id/SWITCH_N_EXT_BSCAN.bscan_inst/SERIES7_BSCAN.bscan_inst/INTERNAL_TCK  mmcm_clkout5                                                                                         rise - rise    49.67     0.00            0           87            50.00  Ignored              Max Delay Datapath Only      
mmcm_clkout0                                                                                         clk_50_clkwiz                                                                                        rise - rise     0.12     0.00            0          558             3.00  No Common Phase      Partial False Path (unsafe)  
mmcm_clkout0                                                                                         mmcm_clkout0                                                                                         rise - rise    -0.58   -43.87          940        92215             3.33  Clean                Partial False Path           
mmcm_clkout0                                                                                         mmcm_clkout5                                                                                         rise - rise    11.47     0.00            0           10            12.00  Ignored              Max Delay Datapath Only      
mmcm_clkout0                                                                                         mmcm_clkout6                                                                                         rise - rise     1.71     0.00            0           36             3.33  Clean                Timed                        
mmcm_clkout0                                                                                         pll_clk[0]_DIV                                                                                       rise - rise     0.64     0.00            0          304             3.33  Clean                Timed                        
mmcm_clkout0                                                                                         pll_clk[1]_DIV                                                                                       rise - rise     0.64     0.00            0          264             3.33  Clean                Timed                        
mmcm_clkout0                                                                                         pll_clk[2]_DIV                                                                                       rise - rise     0.59     0.00            0          352             3.33  Clean                Timed                        
mmcm_clkout5                                                                                         clk_50_clkwiz                                                                                                                                 0           13                   Ignored              False Path                   
mmcm_clkout5                                                                                         dbg_hub/inst/BSCANID.u_xsdbm_id/SWITCH_N_EXT_BSCAN.bscan_inst/SERIES7_BSCAN.bscan_inst/INTERNAL_TCK  rise - rise    13.02     0.00            0          103            13.33  Ignored              Max Delay Datapath Only      
mmcm_clkout5                                                                                         mmcm_clkout0                                                                                         rise - rise     2.47     0.00            0           28             3.00  Ignored              Max Delay Datapath Only      
mmcm_clkout5                                                                                         mmcm_clkout5                                                                                         rise - rise    10.40     0.00            0         1329            13.33  Clean                Partial False Path           
mmcm_clkout6                                                                                         mmcm_clkout0                                                                                         rise - rise     1.95     0.00            0          129             3.00  Ignored              Max Delay Datapath Only      
mmcm_clkout6                                                                                         mmcm_clkout6                                                                                         rise - rise     1.23     0.00            0         5647             6.67  Clean                Partial False Path           
sys_clk                                                                                              mmcm_clkout0                                                                                                                                  0            1                   Ignored              False Path                   
sys_clk                                                                                              mmcm_clkout6                                                                                                                                  0            2                   Ignored              False Path                   
sys_clk                                                                                              sys_clk                                                                                              rise - rise     2.58     0.00            0           23             4.00  Clean                Timed                        


