Copyright 1986-2020 Xilinx, Inc. All Rights Reserved.
--------------------------------------------------------------------------------------------------------------------------------------------------------------------------------------------------
| Tool Version      : Vivado v.2020.1 (win64) Build 2902540 Wed May 27 19:54:49 MDT 2020
| Date              : Fri Sep 18 04:26:55 2026
| Host              : DESKTOP-9T3TD2K running 64-bit major release  (build 9200)
| Command           : report_timing -delay_type max -max_paths 1 -from [get_ports -quiet uart_rx_i] -file D:/project/ara/hardware/fpga/ara_dsa_vcu118/reports/impl_24238553d176/pad_uart_rx_i.rpt
| Design            : ara_dsa_vcu118
| Device            : xcvu9p-flga2104
| Speed File        : -2L  PRODUCTION 1.27 02-28-2020
| Temperature Grade : E
--------------------------------------------------------------------------------------------------------------------------------------------------------------------------------------------------

Timing Report

Slack (MET) :             65.047ns  (required time - arrival time)
  Source:                 uart_rx_i
                            (input port clocked by ara_async_pad  {rise@0.000ns fall@500.000ns period=1000.000ns})
  Destination:            i_cheshire_soc/gen_uart.i_uart/i_apb_uart/UART_IS_SIN/iD_reg[0]/D
                            (rising edge-triggered cell FDCE clocked by clk_50_clkwiz  {rise@0.000ns fall@10.000ns period=20.000ns})
  Path Group:             clk_50_clkwiz
  Path Type:              Setup (Max at Slow Process Corner)
  Requirement:            70.000ns  (MaxDelay Path 70.000ns)
  Data Path Delay:        4.978ns  (logic 0.563ns (11.303%)  route 4.415ns (88.697%))
  Logic Levels:           2  (IBUFCTRL=1 INBUF=1)
  Input Delay:            0.000ns
  Timing Exception:       MaxDelay Path 70.000ns -datapath_only

    Location             Delay type                Incr(ns)  Path(ns)    Netlist Resource(s)
  -------------------------------------------------------------------    -------------------
                         input delay                  0.000     0.000    
    AW25                                              0.000     0.000 r  uart_rx_i (IN)
                         net (fo=0)                   0.000     0.000    uart_rx_i_IBUF_inst/I
    AW25                 INBUF (Prop_INBUF_HPIOB_M_PAD_O)
                                                      0.563     0.563 r  uart_rx_i_IBUF_inst/INBUF_INST/O
                         net (fo=1, routed)           0.000     0.563    uart_rx_i_IBUF_inst/OUT
    AW25                 IBUFCTRL (Prop_IBUFCTRL_HPIOB_M_I_O)
                                                      0.000     0.563 r  uart_rx_i_IBUF_inst/IBUFCTRL_INST/O
                         net (fo=1, routed)           4.415     4.978    i_cheshire_soc/gen_uart.i_uart/i_apb_uart/UART_IS_SIN/D
    SLR Crossing[1->2]   
    SLICE_X143Y659       FDCE                                         r  i_cheshire_soc/gen_uart.i_uart/i_apb_uart/UART_IS_SIN/iD_reg[0]/D
  -------------------------------------------------------------------    -------------------

                         max delay                   70.000    70.000    
    SLICE_X143Y659       FDCE (Setup_DFF2_SLICEL_C_D)
                                                      0.025    70.025    i_cheshire_soc/gen_uart.i_uart/i_apb_uart/UART_IS_SIN/iD_reg[0]
  -------------------------------------------------------------------
                         required time                         70.025    
                         arrival time                          -4.978    
  -------------------------------------------------------------------
                         slack                                 65.047    




