Copyright 1986-2020 Xilinx, Inc. All Rights Reserved.
----------------------------------------------------------------------------------------------------------------------------------------------------------------------------------------------------
| Tool Version      : Vivado v.2020.1 (win64) Build 2902540 Wed May 27 19:54:49 MDT 2020
| Date              : Fri Sep 18 04:26:55 2026
| Host              : DESKTOP-9T3TD2K running 64-bit major release  (build 9200)
| Command           : report_timing -delay_type max -max_paths 1 -from [get_ports -quiet jtag_tdi_i] -file D:/project/ara/hardware/fpga/ara_dsa_vcu118/reports/impl_24238553d176/pad_jtag_tdi_i.rpt
| Design            : ara_dsa_vcu118
| Device            : xcvu9p-flga2104
| Speed File        : -2L  PRODUCTION 1.27 02-28-2020
| Temperature Grade : E
----------------------------------------------------------------------------------------------------------------------------------------------------------------------------------------------------

Timing Report

Slack (MET) :             15.701ns  (required time - arrival time)
  Source:                 jtag_tdi_i
                            (input port clocked by ara_async_pad  {rise@0.000ns fall@500.000ns period=1000.000ns})
  Destination:            i_cheshire_soc/i_dbg_dmi_jtag/fpga_tdi_sync_q_reg[0]/D
                            (rising edge-triggered cell FDCE clocked by clk_50_clkwiz  {rise@0.000ns fall@10.000ns period=20.000ns})
  Path Group:             clk_50_clkwiz
  Path Type:              Setup (Max at Slow Process Corner)
  Requirement:            20.000ns  (MaxDelay Path 20.000ns)
  Data Path Delay:        4.324ns  (logic 0.646ns (14.944%)  route 3.678ns (85.056%))
  Logic Levels:           2  (IBUFCTRL=1 INBUF=1)
  Input Delay:            0.000ns
  Timing Exception:       MaxDelay Path 20.000ns -datapath_only

    Location             Delay type                Incr(ns)  Path(ns)    Netlist Resource(s)
  -------------------------------------------------------------------    -------------------
                         input delay                  0.000     0.000    
    M30                                               0.000     0.000 r  jtag_tdi_i (IN)
                         net (fo=0)                   0.000     0.000    jtag_tdi_i_IBUF_inst/I
    M30                  INBUF (Prop_INBUF_HPIOB_S_PAD_O)
                                                      0.646     0.646 r  jtag_tdi_i_IBUF_inst/INBUF_INST/O
                         net (fo=1, routed)           0.000     0.646    jtag_tdi_i_IBUF_inst/OUT
    M30                  IBUFCTRL (Prop_IBUFCTRL_HPIOB_S_I_O)
                                                      0.000     0.646 r  jtag_tdi_i_IBUF_inst/IBUFCTRL_INST/O
                         net (fo=1, routed)           3.678     4.324    i_cheshire_soc/i_dbg_dmi_jtag/td_i
    SLR Crossing[1->2]   
    SLICE_X25Y699        FDCE                                         r  i_cheshire_soc/i_dbg_dmi_jtag/fpga_tdi_sync_q_reg[0]/D
  -------------------------------------------------------------------    -------------------

                         max delay                   20.000    20.000    
    SLICE_X25Y699        FDCE (Setup_DFF2_SLICEM_C_D)
                                                      0.025    20.025    i_cheshire_soc/i_dbg_dmi_jtag/fpga_tdi_sync_q_reg[0]
  -------------------------------------------------------------------
                         required time                         20.025    
                         arrival time                          -4.324    
  -------------------------------------------------------------------
                         slack                                 15.701    




