#-----------------------------------------------------------
# Vivado v2020.1 (64-bit)
# SW Build 2902540 on Wed May 27 19:54:49 MDT 2020
# IP Build 2902112 on Wed May 27 22:43:36 MDT 2020
# Start of session at: Fri Sep 18 02:12:18 2026
# Process ID: 18548
# Current directory: D:/fpga_runs/ara_20260918_010626_24238553d176/impl
# Command line: vivado.exe -mode batch -notrace -source D:\project\ara\hardware\fpga\ara_dsa_vcu118\scripts\run.tcl -log session.log -journal session.jou -tclargs impl D:\fpga_runs\ara_20260918_010626_24238553d176\impl 24238553d176 synth_24238553d176
# Log file: D:/fpga_runs/ara_20260918_010626_24238553d176/impl/session.log
# Journal file: D:/fpga_runs/ara_20260918_010626_24238553d176/impl\session.jou
#-----------------------------------------------------------
source {D:\project\ara\hardware\fpga\ara_dsa_vcu118\scripts\run.tcl} -notrace
Scanning sources...
Finished scanning sources
WARNING: [filemgmt 56-3] Board Part Repository Path: Could not find the directory 'D:/fpga/ara_dsa_vcu118/board_files'.
INFO: [IP_Flow 19-234] Refreshing IP repositories
INFO: [IP_Flow 19-1704] No user IP repositories specified
INFO: [IP_Flow 19-2313] Loaded Vivado IP repository 'D:/Xilinx/Vivado/2020.1/data/ip'.
REUSE IP: clkwiz (D:/project/ara/hardware/fpga/ara_dsa_vcu118/build/ara_dsa_vcu118/ara_dsa_vcu118.runs/clkwiz_synth_1)
REUSE IP: vio (D:/project/ara/hardware/fpga/ara_dsa_vcu118/build/ara_dsa_vcu118/ara_dsa_vcu118.runs/vio_synth_1)
REUSE IP: ddr4 (D:/project/ara/hardware/fpga/ara_dsa_vcu118/build/ara_dsa_vcu118/ara_dsa_vcu118.runs/ddr4_synth_1)
Design is defaulting to impl run constrset: constrs_1
Design is defaulting to synth run part: xcvu9p-flga2104-2L-e
INFO: [Device 21-403] Loading part xcvu9p-flga2104-2L-e
INFO: [Project 1-454] Reading design checkpoint 'd:/project/ara/hardware/fpga/ara_dsa_vcu118/build/ara_dsa_vcu118/ara_dsa_vcu118.srcs/sources_1/ip/clkwiz/clkwiz.dcp' for cell 'i_clkwiz'
INFO: [Project 1-454] Reading design checkpoint 'd:/project/ara/hardware/fpga/ara_dsa_vcu118/build/ara_dsa_vcu118/ara_dsa_vcu118.srcs/sources_1/ip/vio/vio.dcp' for cell 'i_vio'
INFO: [Project 1-454] Reading design checkpoint 'd:/project/ara/hardware/fpga/ara_dsa_vcu118/build/ara_dsa_vcu118/ara_dsa_vcu118.srcs/sources_1/ip/ddr4/ddr4.dcp' for cell 'i_dram_wrapper/i_dram'
Netlist sorting complete. Time (s): cpu = 00:00:06 ; elapsed = 00:00:06 . Memory (MB): peak = 3252.652 ; gain = 64.164
INFO: [Netlist 29-17] Analyzing 44360 Unisim elements for replacement
INFO: [Netlist 29-28] Unisim Transformation completed in 3 CPU seconds
INFO: [Project 1-479] Netlist was created with Vivado 2020.1
INFO: [Project 1-570] Preparing netlist for logic optimization
INFO: [Chipscope 16-324] Core: i_dram_wrapper/i_dram UUID: e27f337d-cd8c-55e5-a916-e9f852a73c6f 
INFO: [Chipscope 16-324] Core: i_vio UUID: e8b4d73f-cec4-53cd-840e-6fa695f289f9 
Parsing XDC File [d:/project/ara/hardware/fpga/ara_dsa_vcu118/build/ara_dsa_vcu118/ara_dsa_vcu118.srcs/sources_1/ip/clkwiz/clkwiz_board.xdc] for cell 'i_clkwiz/inst'
Finished Parsing XDC File [d:/project/ara/hardware/fpga/ara_dsa_vcu118/build/ara_dsa_vcu118/ara_dsa_vcu118.srcs/sources_1/ip/clkwiz/clkwiz_board.xdc] for cell 'i_clkwiz/inst'
Parsing XDC File [d:/project/ara/hardware/fpga/ara_dsa_vcu118/build/ara_dsa_vcu118/ara_dsa_vcu118.srcs/sources_1/ip/clkwiz/clkwiz.xdc] for cell 'i_clkwiz/inst'
Finished Parsing XDC File [d:/project/ara/hardware/fpga/ara_dsa_vcu118/build/ara_dsa_vcu118/ara_dsa_vcu118.srcs/sources_1/ip/clkwiz/clkwiz.xdc] for cell 'i_clkwiz/inst'
Parsing XDC File [d:/project/ara/hardware/fpga/ara_dsa_vcu118/build/ara_dsa_vcu118/ara_dsa_vcu118.srcs/sources_1/ip/vio/vio.xdc] for cell 'i_vio'
Finished Parsing XDC File [d:/project/ara/hardware/fpga/ara_dsa_vcu118/build/ara_dsa_vcu118/ara_dsa_vcu118.srcs/sources_1/ip/vio/vio.xdc] for cell 'i_vio'
Parsing XDC File [d:/project/ara/hardware/fpga/ara_dsa_vcu118/build/ara_dsa_vcu118/ara_dsa_vcu118.srcs/sources_1/ip/ddr4/bd_0/ip/ip_0/bd_c703_microblaze_I_0.xdc] for cell 'i_dram_wrapper/i_dram/inst/u_ddr4_mem_intfc/u_ddr_cal_riu/mcs0/inst/microblaze_I/U0'
Finished Parsing XDC File [d:/project/ara/hardware/fpga/ara_dsa_vcu118/build/ara_dsa_vcu118/ara_dsa_vcu118.srcs/sources_1/ip/ddr4/bd_0/ip/ip_0/bd_c703_microblaze_I_0.xdc] for cell 'i_dram_wrapper/i_dram/inst/u_ddr4_mem_intfc/u_ddr_cal_riu/mcs0/inst/microblaze_I/U0'
Parsing XDC File [d:/project/ara/hardware/fpga/ara_dsa_vcu118/build/ara_dsa_vcu118/ara_dsa_vcu118.srcs/sources_1/ip/ddr4/bd_0/ip/ip_1/bd_c703_rst_0_0_board.xdc] for cell 'i_dram_wrapper/i_dram/inst/u_ddr4_mem_intfc/u_ddr_cal_riu/mcs0/inst/rst_0/U0'
Finished Parsing XDC File [d:/project/ara/hardware/fpga/ara_dsa_vcu118/build/ara_dsa_vcu118/ara_dsa_vcu118.srcs/sources_1/ip/ddr4/bd_0/ip/ip_1/bd_c703_rst_0_0_board.xdc] for cell 'i_dram_wrapper/i_dram/inst/u_ddr4_mem_intfc/u_ddr_cal_riu/mcs0/inst/rst_0/U0'
Parsing XDC File [d:/project/ara/hardware/fpga/ara_dsa_vcu118/build/ara_dsa_vcu118/ara_dsa_vcu118.srcs/sources_1/ip/ddr4/bd_0/ip/ip_1/bd_c703_rst_0_0.xdc] for cell 'i_dram_wrapper/i_dram/inst/u_ddr4_mem_intfc/u_ddr_cal_riu/mcs0/inst/rst_0/U0'
Finished Parsing XDC File [d:/project/ara/hardware/fpga/ara_dsa_vcu118/build/ara_dsa_vcu118/ara_dsa_vcu118.srcs/sources_1/ip/ddr4/bd_0/ip/ip_1/bd_c703_rst_0_0.xdc] for cell 'i_dram_wrapper/i_dram/inst/u_ddr4_mem_intfc/u_ddr_cal_riu/mcs0/inst/rst_0/U0'
Parsing XDC File [d:/project/ara/hardware/fpga/ara_dsa_vcu118/build/ara_dsa_vcu118/ara_dsa_vcu118.srcs/sources_1/ip/ddr4/bd_0/ip/ip_2/bd_c703_ilmb_0.xdc] for cell 'i_dram_wrapper/i_dram/inst/u_ddr4_mem_intfc/u_ddr_cal_riu/mcs0/inst/ilmb/U0'
Finished Parsing XDC File [d:/project/ara/hardware/fpga/ara_dsa_vcu118/build/ara_dsa_vcu118/ara_dsa_vcu118.srcs/sources_1/ip/ddr4/bd_0/ip/ip_2/bd_c703_ilmb_0.xdc] for cell 'i_dram_wrapper/i_dram/inst/u_ddr4_mem_intfc/u_ddr_cal_riu/mcs0/inst/ilmb/U0'
Parsing XDC File [d:/project/ara/hardware/fpga/ara_dsa_vcu118/build/ara_dsa_vcu118/ara_dsa_vcu118.srcs/sources_1/ip/ddr4/bd_0/ip/ip_3/bd_c703_dlmb_0.xdc] for cell 'i_dram_wrapper/i_dram/inst/u_ddr4_mem_intfc/u_ddr_cal_riu/mcs0/inst/dlmb/U0'
Finished Parsing XDC File [d:/project/ara/hardware/fpga/ara_dsa_vcu118/build/ara_dsa_vcu118/ara_dsa_vcu118.srcs/sources_1/ip/ddr4/bd_0/ip/ip_3/bd_c703_dlmb_0.xdc] for cell 'i_dram_wrapper/i_dram/inst/u_ddr4_mem_intfc/u_ddr_cal_riu/mcs0/inst/dlmb/U0'
Parsing XDC File [d:/project/ara/hardware/fpga/ara_dsa_vcu118/build/ara_dsa_vcu118/ara_dsa_vcu118.srcs/sources_1/ip/ddr4/bd_0/ip/ip_10/bd_c703_iomodule_0_0_board.xdc] for cell 'i_dram_wrapper/i_dram/inst/u_ddr4_mem_intfc/u_ddr_cal_riu/mcs0/inst/iomodule_0/U0'
Finished Parsing XDC File [d:/project/ara/hardware/fpga/ara_dsa_vcu118/build/ara_dsa_vcu118/ara_dsa_vcu118.srcs/sources_1/ip/ddr4/bd_0/ip/ip_10/bd_c703_iomodule_0_0_board.xdc] for cell 'i_dram_wrapper/i_dram/inst/u_ddr4_mem_intfc/u_ddr_cal_riu/mcs0/inst/iomodule_0/U0'
Parsing XDC File [d:/project/ara/hardware/fpga/ara_dsa_vcu118/build/ara_dsa_vcu118/ara_dsa_vcu118.srcs/sources_1/ip/ddr4/ip_0/ddr4_microblaze_mcs_board.xdc] for cell 'i_dram_wrapper/i_dram/inst/u_ddr4_mem_intfc/u_ddr_cal_riu/mcs0/inst'
Finished Parsing XDC File [d:/project/ara/hardware/fpga/ara_dsa_vcu118/build/ara_dsa_vcu118/ara_dsa_vcu118.srcs/sources_1/ip/ddr4/ip_0/ddr4_microblaze_mcs_board.xdc] for cell 'i_dram_wrapper/i_dram/inst/u_ddr4_mem_intfc/u_ddr_cal_riu/mcs0/inst'
Parsing XDC File [d:/project/ara/hardware/fpga/ara_dsa_vcu118/build/ara_dsa_vcu118/ara_dsa_vcu118.srcs/sources_1/ip/ddr4/par/ddr4.xdc] for cell 'i_dram_wrapper/i_dram/inst'
Finished Parsing XDC File [d:/project/ara/hardware/fpga/ara_dsa_vcu118/build/ara_dsa_vcu118/ara_dsa_vcu118.srcs/sources_1/ip/ddr4/par/ddr4.xdc] for cell 'i_dram_wrapper/i_dram/inst'
Parsing XDC File [D:/project/ara/hardware/fpga/ara_dsa_vcu118/constraints/board.xdc]
Finished Parsing XDC File [D:/project/ara/hardware/fpga/ara_dsa_vcu118/constraints/board.xdc]
Parsing XDC File [D:/project/ara/hardware/fpga/ara_dsa_vcu118/constraints/timing.xdc]
Finished Parsing XDC File [D:/project/ara/hardware/fpga/ara_dsa_vcu118/constraints/timing.xdc]
Sourcing Tcl File [D:/project/ara/hardware/fpga/ara_dsa_vcu118/constraints/cdc.xdc]
CDC: aw clk_50_clkwiz -> mmcm_clkout0; data=50, pointers=6+6, max=3ns
CDC: w clk_50_clkwiz -> mmcm_clkout0; data=577, pointers=6+6, max=3ns
CDC: ar clk_50_clkwiz -> mmcm_clkout0; data=50, pointers=6+6, max=3ns
CDC: b mmcm_clkout0 -> clk_50_clkwiz; data=7, pointers=6+6, max=3ns
CDC: r mmcm_clkout0 -> clk_50_clkwiz; data=520, pointers=6+6, max=3ns
CDC: four independent VIO status bits synchronized; only first-stage D pins excepted
INFO: [Constraints 18-483] create_clock: no pin(s)/port(s)/net(s) specified as objects, only virtual clock 'ara_async_pad' will be created. If you don't want this, please specify pin(s)/ports(s)/net(s) as objects to the command. [D:/project/ara/hardware/fpga/ara_dsa_vcu118/constraints/cdc.xdc:238]
CDC: sampled JTAG on clk_50_clkwiz; TCK <=1 MHz, phases >=400ns, IO budgets=20ns
CDC: UART RX pad -> first-stage D, max=70ns; second stage normally timed
CDC: DDR reset output bounded to one UI period; no internal reset recovery exceptions
CDC: debug hub and VIO share clk_50_clkwiz (50 MHz)
Finished Sourcing Tcl File [D:/project/ara/hardware/fpga/ara_dsa_vcu118/constraints/cdc.xdc]
Parsing XDC File [d:/project/ara/hardware/fpga/ara_dsa_vcu118/build/ara_dsa_vcu118/ara_dsa_vcu118.srcs/sources_1/ip/clkwiz/clkwiz_late.xdc] for cell 'i_clkwiz/inst'
Finished Parsing XDC File [d:/project/ara/hardware/fpga/ara_dsa_vcu118/build/ara_dsa_vcu118/ara_dsa_vcu118.srcs/sources_1/ip/clkwiz/clkwiz_late.xdc] for cell 'i_clkwiz/inst'
Parsing XDC File [d:/project/ara/hardware/fpga/ara_dsa_vcu118/build/ara_dsa_vcu118/ara_dsa_vcu118.srcs/sources_1/ip/ddr4/ddr4_board.xdc] for cell 'i_dram_wrapper/i_dram/inst'
Finished Parsing XDC File [d:/project/ara/hardware/fpga/ara_dsa_vcu118/build/ara_dsa_vcu118/ara_dsa_vcu118.srcs/sources_1/ip/ddr4/ddr4_board.xdc] for cell 'i_dram_wrapper/i_dram/inst'
INFO: [Opt 31-138] Pushed 0 inverter(s) to 0 load pin(s).
Generating merged BMM file for the design top 'ddr4'...
INFO: [Memdata 28-144] Successfully populated the BRAM INIT strings from the following elf files: d:/project/ara/hardware/fpga/ara_dsa_vcu118/build/ara_dsa_vcu118/ara_dsa_vcu118.srcs/sources_1/ip/ddr4/sw/calibration_0/Debug/calibration_ddr.elf 
Netlist sorting complete. Time (s): cpu = 00:00:00 ; elapsed = 00:00:00.166 . Memory (MB): peak = 6097.137 ; gain = 0.000
INFO: [Project 1-111] Unisim Transformation Summary:
  A total of 613 instances were transformed.
  DSP48E1 => DSP48E2 (DSP_ALU, DSP_A_B_DATA, DSP_C_DATA, DSP_MULTIPLIER, DSP_M_DATA, DSP_OUTPUT, DSP_PREADD, DSP_PREADD_DATA): 3 instances
  DSP48E2 => DSP48E2 (DSP_ALU, DSP_A_B_DATA, DSP_C_DATA, DSP_MULTIPLIER, DSP_M_DATA, DSP_OUTPUT, DSP_PREADD, DSP_PREADD_DATA): 256 instances
  IBUF => IBUF (IBUFCTRL, INBUF): 5 instances
  IBUFDS => IBUFDS (DIFFINBUF, IBUFCTRL): 1 instance 
  IOBUFDS => IOBUFDS (DIFFINBUF, IBUFCTRL, INV, OBUFT(x2)): 8 instances
  IOBUFE3 => IOBUFE3 (IBUFCTRL, INBUF, OBUFT_DCIEN): 72 instances
  LUT6_2 => LUT6_2 (LUT5, LUT6): 63 instances
  OBUFDS => OBUFDS_DUAL_BUF (INV, OBUF(x2)): 1 instance 
  RAM32M => RAM32M (RAMD32(x6), RAMS32(x2)): 204 instances

open_run: Time (s): cpu = 00:03:49 ; elapsed = 00:02:29 . Memory (MB): peak = 6097.137 ; gain = 5013.727
Command: report_drc -checks MDRV-1 -name ara_drivers -force -file D:/project/ara/hardware/fpga/ara_dsa_vcu118/reports/preflight_24238553d176/multiple_drivers.rpt
WARNING: [Coretcl 2-1291] -name option used when not in GUI mode. A DRC tab will not be created, but the results will be stored for use with 'get_drc_violations -name ara_drivers'
INFO: [DRC 23-27] Running DRC with 8 threads
INFO: [Coretcl 2-168] The results of DRC are in file D:/project/ara/hardware/fpga/ara_dsa_vcu118/reports/preflight_24238553d176/multiple_drivers.rpt.
report_drc completed successfully
WARNING: [Vivado_Tcl 4-49] No drc_violations matched 'MDRV*'.
Command: report_drc -checks LUTLP-1 -name ara_loops -force -file D:/project/ara/hardware/fpga/ara_dsa_vcu118/reports/preflight_24238553d176/loops.rpt
WARNING: [Coretcl 2-1291] -name option used when not in GUI mode. A DRC tab will not be created, but the results will be stored for use with 'get_drc_violations -name ara_loops'
INFO: [DRC 23-27] Running DRC with 8 threads
INFO: [Coretcl 2-168] The results of DRC are in file D:/project/ara/hardware/fpga/ara_dsa_vcu118/reports/preflight_24238553d176/loops.rpt.
report_drc completed successfully
close_design: Time (s): cpu = 00:00:08 ; elapsed = 00:00:08 . Memory (MB): peak = 6097.137 ; gain = 0.000
Run is defaulting to parent run srcset: sources_1
NEW RUN: impl_24238553d176
NEW LOG: D:/fpga_runs/ara_20260918_010626_24238553d176/impl/impl_24238553d176/runme.log
[Fri Sep 18 02:15:07 2026] Launched impl_24238553d176...
Run output will be captured here: D:/fpga_runs/ara_20260918_010626_24238553d176/impl/impl_24238553d176/runme.log
2026-09-18 02:15:07 impl_24238553d176: Queued...
2026-09-18 02:15:12 impl_24238553d176: Running Design Initialization...
2026-09-18 02:15:42 impl_24238553d176: Running Design Initialization...
2026-09-18 02:16:12 impl_24238553d176: Running Design Initialization...
2026-09-18 02:16:42 impl_24238553d176: Running Design Initialization...
2026-09-18 02:17:12 impl_24238553d176: Running Design Initialization...
2026-09-18 02:17:42 impl_24238553d176: Running Design Initialization...
2026-09-18 02:17:47 impl_24238553d176: Running opt_design...
2026-09-18 02:18:17 impl_24238553d176: Running opt_design...
2026-09-18 02:18:47 impl_24238553d176: Running opt_design...
2026-09-18 02:19:17 impl_24238553d176: Running opt_design...
2026-09-18 02:19:48 impl_24238553d176: Running opt_design...
2026-09-18 02:20:18 impl_24238553d176: Running opt_design...
2026-09-18 02:20:48 impl_24238553d176: Running opt_design...
2026-09-18 02:21:18 impl_24238553d176: Running opt_design...
2026-09-18 02:21:48 impl_24238553d176: Running opt_design...
2026-09-18 02:22:18 impl_24238553d176: Running opt_design...
2026-09-18 02:22:48 impl_24238553d176: Running opt_design...
2026-09-18 02:23:18 impl_24238553d176: Running opt_design...
2026-09-18 02:23:48 impl_24238553d176: Running opt_design...
2026-09-18 02:24:18 impl_24238553d176: Running opt_design...
2026-09-18 02:24:48 impl_24238553d176: Running opt_design...
2026-09-18 02:25:18 impl_24238553d176: Running opt_design...
2026-09-18 02:25:48 impl_24238553d176: Running opt_design...
2026-09-18 02:26:18 impl_24238553d176: Running opt_design...
2026-09-18 02:26:48 impl_24238553d176: Running opt_design...
2026-09-18 02:27:18 impl_24238553d176: Running place_design...
2026-09-18 02:27:48 impl_24238553d176: Running place_design...
2026-09-18 02:28:19 impl_24238553d176: Running place_design...
2026-09-18 02:28:49 impl_24238553d176: Running place_design...
2026-09-18 02:29:19 impl_24238553d176: Running place_design...
2026-09-18 02:29:49 impl_24238553d176: Running place_design...
2026-09-18 02:30:19 impl_24238553d176: Running place_design...
2026-09-18 02:30:49 impl_24238553d176: Running place_design...
2026-09-18 02:31:19 impl_24238553d176: Running place_design...
2026-09-18 02:31:49 impl_24238553d176: Running place_design...
2026-09-18 02:32:19 impl_24238553d176: Running place_design...
2026-09-18 02:32:49 impl_24238553d176: Running place_design...
2026-09-18 02:33:19 impl_24238553d176: Running place_design...
2026-09-18 02:33:49 impl_24238553d176: Running place_design...
2026-09-18 02:34:19 impl_24238553d176: Running place_design...
2026-09-18 02:34:49 impl_24238553d176: Running place_design...
2026-09-18 02:35:19 impl_24238553d176: Running place_design...
2026-09-18 02:35:49 impl_24238553d176: Running place_design...
2026-09-18 02:36:20 impl_24238553d176: Running place_design...
2026-09-18 02:36:50 impl_24238553d176: Running place_design...
2026-09-18 02:37:20 impl_24238553d176: Running place_design...
2026-09-18 02:37:50 impl_24238553d176: Running place_design...
2026-09-18 02:38:20 impl_24238553d176: Running place_design...
2026-09-18 02:38:50 impl_24238553d176: Running place_design...
2026-09-18 02:39:20 impl_24238553d176: Running place_design...
2026-09-18 02:39:50 impl_24238553d176: Running place_design...
2026-09-18 02:40:20 impl_24238553d176: Running place_design...
2026-09-18 02:40:50 impl_24238553d176: Running place_design...
2026-09-18 02:41:20 impl_24238553d176: Running place_design...
2026-09-18 02:41:50 impl_24238553d176: Running place_design...
2026-09-18 02:42:20 impl_24238553d176: Running place_design...
2026-09-18 02:42:50 impl_24238553d176: Running place_design...
2026-09-18 02:43:20 impl_24238553d176: Running place_design...
2026-09-18 02:43:50 impl_24238553d176: Running place_design...
2026-09-18 02:44:20 impl_24238553d176: Running place_design...
2026-09-18 02:44:51 impl_24238553d176: Running place_design...
2026-09-18 02:45:21 impl_24238553d176: Running place_design...
2026-09-18 02:45:51 impl_24238553d176: Running place_design...
2026-09-18 02:46:21 impl_24238553d176: Running place_design...
2026-09-18 02:46:51 impl_24238553d176: Running place_design...
2026-09-18 02:47:21 impl_24238553d176: Running place_design...
2026-09-18 02:47:51 impl_24238553d176: Running place_design...
2026-09-18 02:48:21 impl_24238553d176: Running place_design...
2026-09-18 02:48:51 impl_24238553d176: Running place_design...
2026-09-18 02:49:21 impl_24238553d176: Running place_design...
2026-09-18 02:49:51 impl_24238553d176: Running place_design...
2026-09-18 02:50:21 impl_24238553d176: Running place_design...
2026-09-18 02:50:51 impl_24238553d176: Running place_design...
2026-09-18 02:51:21 impl_24238553d176: Running place_design...
2026-09-18 02:51:51 impl_24238553d176: Running place_design...
2026-09-18 02:52:21 impl_24238553d176: Running place_design...
2026-09-18 02:52:51 impl_24238553d176: Running place_design...
2026-09-18 02:53:21 impl_24238553d176: Running place_design...
2026-09-18 02:53:51 impl_24238553d176: Running place_design...
2026-09-18 02:54:22 impl_24238553d176: Running place_design...
2026-09-18 02:54:52 impl_24238553d176: Running place_design...
2026-09-18 02:55:22 impl_24238553d176: Running place_design...
2026-09-18 02:55:52 impl_24238553d176: Running place_design...
2026-09-18 02:56:22 impl_24238553d176: Running place_design...
2026-09-18 02:56:52 impl_24238553d176: Running place_design...
2026-09-18 02:57:22 impl_24238553d176: Running place_design...
2026-09-18 02:57:52 impl_24238553d176: Running place_design...
2026-09-18 02:58:22 impl_24238553d176: Running place_design...
2026-09-18 02:58:52 impl_24238553d176: Running place_design...
2026-09-18 02:59:22 impl_24238553d176: Running place_design...
2026-09-18 02:59:52 impl_24238553d176: Running place_design...
2026-09-18 03:00:22 impl_24238553d176: Running place_design...
2026-09-18 03:00:52 impl_24238553d176: Running place_design...
2026-09-18 03:01:22 impl_24238553d176: Running place_design...
2026-09-18 03:01:53 impl_24238553d176: Running place_design...
2026-09-18 03:02:23 impl_24238553d176: Running place_design...
2026-09-18 03:02:53 impl_24238553d176: Running place_design...
2026-09-18 03:03:23 impl_24238553d176: Running place_design...
2026-09-18 03:03:53 impl_24238553d176: Running place_design...
2026-09-18 03:04:23 impl_24238553d176: Running place_design...
2026-09-18 03:04:53 impl_24238553d176: Running place_design...
2026-09-18 03:05:23 impl_24238553d176: Running place_design...
2026-09-18 03:05:53 impl_24238553d176: Running place_design...
2026-09-18 03:06:23 impl_24238553d176: Running place_design...
2026-09-18 03:06:53 impl_24238553d176: Running place_design...
2026-09-18 03:07:23 impl_24238553d176: Running place_design...
2026-09-18 03:07:53 impl_24238553d176: Running place_design...
2026-09-18 03:08:23 impl_24238553d176: Running place_design...
2026-09-18 03:08:53 impl_24238553d176: Running place_design...
2026-09-18 03:09:23 impl_24238553d176: Running place_design...
2026-09-18 03:09:54 impl_24238553d176: Running place_design...
2026-09-18 03:10:24 impl_24238553d176: Running place_design...
2026-09-18 03:10:54 impl_24238553d176: Running place_design...
2026-09-18 03:11:24 impl_24238553d176: Running place_design...
2026-09-18 03:11:54 impl_24238553d176: Running place_design...
2026-09-18 03:12:24 impl_24238553d176: Running place_design...
2026-09-18 03:12:49 impl_24238553d176: Running phys_opt_design...
2026-09-18 03:13:19 impl_24238553d176: Running phys_opt_design...
2026-09-18 03:13:49 impl_24238553d176: Running phys_opt_design...
2026-09-18 03:14:19 impl_24238553d176: Running phys_opt_design...
2026-09-18 03:14:49 impl_24238553d176: Running phys_opt_design...
2026-09-18 03:15:19 impl_24238553d176: Running phys_opt_design...
2026-09-18 03:15:49 impl_24238553d176: Running phys_opt_design...
2026-09-18 03:16:19 impl_24238553d176: Running phys_opt_design...
2026-09-18 03:16:49 impl_24238553d176: Running route_design...
2026-09-18 03:17:19 impl_24238553d176: Running route_design...
2026-09-18 03:17:50 impl_24238553d176: Running route_design...
2026-09-18 03:18:20 impl_24238553d176: Running route_design...
2026-09-18 03:18:50 impl_24238553d176: Running route_design...
2026-09-18 03:19:20 impl_24238553d176: Running route_design...
2026-09-18 03:19:50 impl_24238553d176: Running route_design...
2026-09-18 03:20:20 impl_24238553d176: Running route_design...
2026-09-18 03:20:50 impl_24238553d176: Running route_design...
2026-09-18 03:21:20 impl_24238553d176: Running route_design...
2026-09-18 03:21:50 impl_24238553d176: Running route_design...
2026-09-18 03:22:20 impl_24238553d176: Running route_design...
2026-09-18 03:22:50 impl_24238553d176: Running route_design...
2026-09-18 03:23:20 impl_24238553d176: Running route_design...
2026-09-18 03:23:50 impl_24238553d176: Running route_design...
2026-09-18 03:24:20 impl_24238553d176: Running route_design...
2026-09-18 03:24:50 impl_24238553d176: Running route_design...
2026-09-18 03:25:20 impl_24238553d176: Running route_design...
2026-09-18 03:25:50 impl_24238553d176: Running route_design...
2026-09-18 03:26:20 impl_24238553d176: Running route_design...
2026-09-18 03:26:51 impl_24238553d176: Running route_design...
2026-09-18 03:27:21 impl_24238553d176: Running route_design...
2026-09-18 03:27:51 impl_24238553d176: Running route_design...
2026-09-18 03:28:21 impl_24238553d176: Running route_design...
2026-09-18 03:28:51 impl_24238553d176: Running route_design...
2026-09-18 03:29:21 impl_24238553d176: Running route_design...
2026-09-18 03:29:51 impl_24238553d176: Running route_design...
2026-09-18 03:30:21 impl_24238553d176: Running route_design...
2026-09-18 03:30:51 impl_24238553d176: Running route_design...
2026-09-18 03:31:21 impl_24238553d176: Running route_design...
2026-09-18 03:31:51 impl_24238553d176: Running route_design...
2026-09-18 03:32:21 impl_24238553d176: Running route_design...
2026-09-18 03:32:51 impl_24238553d176: Running route_design...
2026-09-18 03:33:21 impl_24238553d176: Running route_design...
2026-09-18 03:33:51 impl_24238553d176: Running route_design...
2026-09-18 03:34:21 impl_24238553d176: Running route_design...
2026-09-18 03:34:52 impl_24238553d176: Running route_design...
2026-09-18 03:35:22 impl_24238553d176: Running route_design...
2026-09-18 03:35:52 impl_24238553d176: Running route_design...
2026-09-18 03:36:22 impl_24238553d176: Running route_design...
2026-09-18 03:36:52 impl_24238553d176: Running route_design...
2026-09-18 03:37:22 impl_24238553d176: Running route_design...
2026-09-18 03:37:52 impl_24238553d176: Running route_design...
2026-09-18 03:38:22 impl_24238553d176: Running route_design...
2026-09-18 03:38:52 impl_24238553d176: Running route_design...
2026-09-18 03:39:22 impl_24238553d176: Running route_design...
2026-09-18 03:39:52 impl_24238553d176: Running route_design...
2026-09-18 03:40:22 impl_24238553d176: Running route_design...
2026-09-18 03:40:52 impl_24238553d176: Running route_design...
2026-09-18 03:41:22 impl_24238553d176: Running route_design...
2026-09-18 03:41:52 impl_24238553d176: Running route_design...
2026-09-18 03:42:22 impl_24238553d176: Running route_design...
2026-09-18 03:42:52 impl_24238553d176: Running route_design...
2026-09-18 03:43:23 impl_24238553d176: Running route_design...
2026-09-18 03:43:53 impl_24238553d176: Running route_design...
2026-09-18 03:44:23 impl_24238553d176: Running route_design...
2026-09-18 03:44:53 impl_24238553d176: Running route_design...
2026-09-18 03:45:23 impl_24238553d176: Running route_design...
2026-09-18 03:45:53 impl_24238553d176: Running route_design...
2026-09-18 03:46:23 impl_24238553d176: Running route_design...
2026-09-18 03:46:53 impl_24238553d176: Running route_design...
2026-09-18 03:47:23 impl_24238553d176: Running route_design...
2026-09-18 03:47:53 impl_24238553d176: Running route_design...
2026-09-18 03:48:23 impl_24238553d176: Running route_design...
2026-09-18 03:48:53 impl_24238553d176: Running route_design...
2026-09-18 03:49:23 impl_24238553d176: Running route_design...
2026-09-18 03:49:53 impl_24238553d176: Running route_design...
2026-09-18 03:50:23 impl_24238553d176: Running route_design...
2026-09-18 03:50:53 impl_24238553d176: Running route_design...
2026-09-18 03:51:23 impl_24238553d176: Running route_design...
2026-09-18 03:51:54 impl_24238553d176: Running route_design...
2026-09-18 03:52:24 impl_24238553d176: Running route_design...
2026-09-18 03:52:54 impl_24238553d176: Running route_design...
2026-09-18 03:53:24 impl_24238553d176: Running route_design...
2026-09-18 03:53:54 impl_24238553d176: Running route_design...
2026-09-18 03:54:24 impl_24238553d176: Running route_design...
2026-09-18 03:54:54 impl_24238553d176: Running route_design...
2026-09-18 03:55:24 impl_24238553d176: Running route_design...
2026-09-18 03:55:54 impl_24238553d176: Running route_design...
2026-09-18 03:56:24 impl_24238553d176: Running route_design...
2026-09-18 03:56:54 impl_24238553d176: Running route_design...
2026-09-18 03:57:24 impl_24238553d176: Running route_design...
2026-09-18 03:57:54 impl_24238553d176: Running route_design...
2026-09-18 03:58:24 impl_24238553d176: Running route_design...
2026-09-18 03:58:54 impl_24238553d176: Running route_design...
2026-09-18 03:59:24 impl_24238553d176: Running route_design...
2026-09-18 03:59:55 impl_24238553d176: Running route_design...
2026-09-18 04:00:25 impl_24238553d176: Running route_design...
2026-09-18 04:00:55 impl_24238553d176: Running route_design...
2026-09-18 04:01:25 impl_24238553d176: Running route_design...
2026-09-18 04:01:55 impl_24238553d176: Running route_design...
2026-09-18 04:02:25 impl_24238553d176: Running route_design...
2026-09-18 04:02:55 impl_24238553d176: Running route_design...
2026-09-18 04:03:25 impl_24238553d176: Running route_design...
2026-09-18 04:03:55 impl_24238553d176: Running route_design...
2026-09-18 04:04:25 impl_24238553d176: Running route_design...
2026-09-18 04:04:55 impl_24238553d176: Running route_design...
2026-09-18 04:05:25 impl_24238553d176: Running route_design...
2026-09-18 04:05:55 impl_24238553d176: Running route_design...
2026-09-18 04:06:25 impl_24238553d176: Running route_design...
2026-09-18 04:06:55 impl_24238553d176: Running route_design...
2026-09-18 04:07:25 impl_24238553d176: Running route_design...
2026-09-18 04:07:56 impl_24238553d176: Running route_design...
2026-09-18 04:08:26 impl_24238553d176: Running route_design...
2026-09-18 04:08:56 impl_24238553d176: Running route_design...
2026-09-18 04:09:26 impl_24238553d176: Running route_design...
2026-09-18 04:09:56 impl_24238553d176: Running route_design...
2026-09-18 04:10:26 impl_24238553d176: Running route_design...
2026-09-18 04:10:56 impl_24238553d176: Running route_design...
2026-09-18 04:11:26 impl_24238553d176: Running route_design...
2026-09-18 04:11:56 impl_24238553d176: Running route_design...
2026-09-18 04:12:26 impl_24238553d176: Running route_design...
2026-09-18 04:12:56 impl_24238553d176: Running route_design...
2026-09-18 04:13:26 impl_24238553d176: Running route_design...
Netlist sorting complete. Time (s): cpu = 00:00:06 ; elapsed = 00:00:06 . Memory (MB): peak = 6097.137 ; gain = 0.000
INFO: [Netlist 29-17] Analyzing 44130 Unisim elements for replacement
INFO: [Netlist 29-28] Unisim Transformation completed in 2 CPU seconds
INFO: [Project 1-479] Netlist was created with Vivado 2020.1
INFO: [Project 1-570] Preparing netlist for logic optimization
WARNING: [Constraints 18-550] Could not create 'DRIVE' constraint because net 'i_dram_wrapper/i_dram/inst/u_ddr4_mem_intfc/u_mig_ddr4_phy/cal_RESET_n[0]' is not directly connected to top level port. Synthesis is ignored for DRIVE but preserved for implementation.
WARNING: [Constraints 18-550] Could not create 'SLEW' constraint because net 'i_dram_wrapper/i_dram/inst/u_ddr4_mem_intfc/u_mig_ddr4_phy/cal_RESET_n[0]' is not directly connected to top level port. Synthesis is ignored for SLEW but preserved for implementation.
INFO: [Timing 38-478] Restoring timing data from binary archive.
INFO: [Timing 38-479] Binary timing data restore complete.
INFO: [Project 1-856] Restoring constraints from binary archive.
INFO: [Project 1-853] Binary constraint restore complete.
Reading XDEF placement.
Reading placer database...
Reading XDEF routing.
Read XDEF File: Time (s): cpu = 00:00:58 ; elapsed = 00:01:00 . Memory (MB): peak = 7689.285 ; gain = 1136.332
Restored from archive | CPU: 58.000000 secs | Memory: 0.000000 MB |
Finished XDEF File Restore: Time (s): cpu = 00:00:58 ; elapsed = 00:01:00 . Memory (MB): peak = 7689.285 ; gain = 1136.332
Generating merged BMM file for the design top 'ddr4'...
INFO: [Memdata 28-144] Successfully populated the BRAM INIT strings from the following elf files: d:/project/ara/hardware/fpga/ara_dsa_vcu118/build/ara_dsa_vcu118/ara_dsa_vcu118.srcs/sources_1/ip/ddr4/sw/calibration_0/Debug/calibration_ddr.elf 
Netlist sorting complete. Time (s): cpu = 00:00:00 ; elapsed = 00:00:00.162 . Memory (MB): peak = 7689.285 ; gain = 0.000
INFO: [Project 1-111] Unisim Transformation Summary:
  A total of 586 instances were transformed.
  BUFG => BUFGCE: 1 instance 
  DSP48E1 => DSP48E2 (DSP_ALU, DSP_A_B_DATA, DSP_C_DATA, DSP_MULTIPLIER, DSP_M_DATA, DSP_OUTPUT, DSP_PREADD, DSP_PREADD_DATA): 3 instances
  DSP48E2 => DSP48E2 (DSP_ALU, DSP_A_B_DATA, DSP_C_DATA, DSP_MULTIPLIER, DSP_M_DATA, DSP_OUTPUT, DSP_PREADD, DSP_PREADD_DATA): 256 instances
  IBUF => IBUF (IBUFCTRL, INBUF): 5 instances
  IBUFDS => IBUFDS (DIFFINBUF, IBUFCTRL): 1 instance 
  IOBUFDS => IOBUFDS (DIFFINBUF, IBUFCTRL, INV, OBUFT(x2)): 8 instances
  IOBUFE3 => IOBUFE3 (IBUFCTRL, INBUF, OBUFT_DCIEN): 72 instances
  LUT6_2 => LUT6_2 (LUT5, LUT6): 31 instances
  OBUFDS => OBUFDS_DUAL_BUF (INV, OBUF(x2)): 1 instance 
  RAM32M => RAM32M (RAMD32(x6), RAMS32(x2)): 204 instances
  RAM32M16 => RAM32M16 (RAMD32(x14), RAMS32(x2)): 4 instances

open_run: Time (s): cpu = 00:02:27 ; elapsed = 00:02:30 . Memory (MB): peak = 7689.285 ; gain = 1592.148
Command: report_drc -checks MDRV-1 -name ara_drivers -force -file D:/project/ara/hardware/fpga/ara_dsa_vcu118/reports/impl_24238553d176/multiple_drivers.rpt
WARNING: [Coretcl 2-1291] -name option used when not in GUI mode. A DRC tab will not be created, but the results will be stored for use with 'get_drc_violations -name ara_drivers'
INFO: [DRC 23-27] Running DRC with 8 threads
INFO: [Coretcl 2-168] The results of DRC are in file D:/project/ara/hardware/fpga/ara_dsa_vcu118/reports/impl_24238553d176/multiple_drivers.rpt.
report_drc completed successfully
report_drc: Time (s): cpu = 00:02:04 ; elapsed = 00:01:10 . Memory (MB): peak = 8482.555 ; gain = 793.270
WARNING: [Vivado_Tcl 4-49] No drc_violations matched 'MDRV*'.
report_utilization: Time (s): cpu = 00:00:39 ; elapsed = 00:00:40 . Memory (MB): peak = 8482.555 ; gain = 0.000
INFO: [Timing 38-91] UpdateTimingParams: Speed grade: -2L, Temperature grade: E, Delay Type: min_max.
INFO: [Timing 38-191] Multithreading enabled for timing update using a maximum of 8 CPUs
WARNING: [Timing 38-436] There are set_bus_skew constraint(s) in this design. Please run report_bus_skew to ensure that bus skew requirements are met.
report_timing_summary: Time (s): cpu = 00:07:52 ; elapsed = 00:01:32 . Memory (MB): peak = 11130.980 ; gain = 2648.426
INFO: [Timing 38-91] UpdateTimingParams: No interconnect No Cell Dly, Speed grade: -2L, Temperature grade: E, Delay Type: min_max.
INFO: [Timing 38-191] Multithreading enabled for timing update using a maximum of 8 CPUs
INFO: [Timing 38-433] Consider using Xilinx recommended XPM_CDC modules to avoid Critical severities
INFO: [Timing 38-314] The report_cdc command only analyzes and reports clock domain crossing paths where clocks have been defined on both source and destination sides. Ports with no input delay constraint are skipped. Please run check_timing to verify there are no missing clock definitions in your design, nor any unconstrained input port.
report_cdc: Time (s): cpu = 00:00:55 ; elapsed = 00:00:11 . Memory (MB): peak = 11130.980 ; gain = 0.000
INFO: [Timing 38-91] UpdateTimingParams: Speed grade: -2L, Temperature grade: E, Delay Type: max.
INFO: [Timing 38-191] Multithreading enabled for timing update using a maximum of 8 CPUs
WARNING: [Timing 38-164] This design has multiple clocks. Inter clock paths are considered valid unless explicitly excluded by timing constraints such as set_clock_groups or set_false_path.
report_clock_interaction: Time (s): cpu = 00:07:17 ; elapsed = 00:01:17 . Memory (MB): peak = 11130.980 ; gain = 0.000
Command: report_drc -file D:/project/ara/hardware/fpga/ara_dsa_vcu118/reports/impl_24238553d176/drc.rpt
INFO: [IP_Flow 19-1839] IP Catalog is up to date.
INFO: [DRC 23-27] Running DRC with 8 threads
INFO: [Coretcl 2-168] The results of DRC are in file D:/project/ara/hardware/fpga/ara_dsa_vcu118/reports/impl_24238553d176/drc.rpt.
report_drc completed successfully
report_drc: Time (s): cpu = 00:01:31 ; elapsed = 00:00:54 . Memory (MB): peak = 13052.852 ; gain = 1921.871
INFO: [Timing 38-91] UpdateTimingParams: Speed grade: -2L, Temperature grade: E, Delay Type: max.
INFO: [Timing 38-191] Multithreading enabled for timing update using a maximum of 8 CPUs
INFO: [Timing 38-78] ReportTimingParams: -max_paths 50 -nworst 1 -delay_type max -sort_by slack.
WARNING: [Timing 38-164] This design has multiple clocks. Inter clock paths are considered valid unless explicitly excluded by timing constraints such as set_clock_groups or set_false_path.
INFO: [Timing 38-72] No paths found.
INFO: [Timing 38-91] UpdateTimingParams: Speed grade: -2L, Temperature grade: E, Delay Type: min_max.
INFO: [Timing 38-191] Multithreading enabled for timing update using a maximum of 8 CPUs
INFO: [Constraints 18-483] create_clock: no pin(s)/port(s)/net(s) specified as objects, only virtual clock 'ara_async_pad' will be created. If you don't want this, please specify pin(s)/ports(s)/net(s) as objects to the command. [D:/project/ara/hardware/fpga/ara_dsa_vcu118/constraints/cdc.xdc:238]
INFO: [Timing 38-35] Done setting XDC timing constraints.
report_exceptions: Time (s): cpu = 00:04:08 ; elapsed = 00:00:47 . Memory (MB): peak = 13052.852 ; gain = 0.000
INFO: [Timing 38-91] UpdateTimingParams: Speed grade: -2L, Temperature grade: E, Delay Type: min_max.
INFO: [Timing 38-191] Multithreading enabled for timing update using a maximum of 8 CPUs
report_exceptions: Time (s): cpu = 00:00:57 ; elapsed = 00:00:09 . Memory (MB): peak = 13052.852 ; gain = 0.000
INFO: [Constraints 18-483] create_clock: no pin(s)/port(s)/net(s) specified as objects, only virtual clock 'ara_async_pad' will be created. If you don't want this, please specify pin(s)/ports(s)/net(s) as objects to the command. [D:/project/ara/hardware/fpga/ara_dsa_vcu118/constraints/cdc.xdc:238]
INFO: [Timing 38-35] Done setting XDC timing constraints.
report_clocks: Time (s): cpu = 00:00:34 ; elapsed = 00:00:13 . Memory (MB): peak = 13052.852 ; gain = 0.000
INFO: [Timing 38-91] UpdateTimingParams: Speed grade: -2L, Temperature grade: E, Delay Type: min_max.
INFO: [Timing 38-191] Multithreading enabled for timing update using a maximum of 8 CPUs
report_bus_skew: Time (s): cpu = 00:02:37 ; elapsed = 00:00:24 . Memory (MB): peak = 13052.852 ; gain = 0.000
Command: report_methodology -file D:/project/ara/hardware/fpga/ara_dsa_vcu118/reports/impl_24238553d176/methodology.rpt
INFO: [Constraints 18-483] create_clock: no pin(s)/port(s)/net(s) specified as objects, only virtual clock 'ara_async_pad' will be created. If you don't want this, please specify pin(s)/ports(s)/net(s) as objects to the command. [D:/project/ara/hardware/fpga/ara_dsa_vcu118/constraints/cdc.xdc:238]
INFO: [Timing 38-35] Done setting XDC timing constraints.
INFO: [DRC 23-133] Running Methodology with 8 threads
INFO: [Coretcl 2-1520] The results of Report Methodology are in file D:/project/ara/hardware/fpga/ara_dsa_vcu118/reports/impl_24238553d176/methodology.rpt.
report_methodology completed successfully
report_methodology: Time (s): cpu = 00:09:09 ; elapsed = 00:02:07 . Memory (MB): peak = 15505.355 ; gain = 2452.504
report_io: Time (s): cpu = 00:00:01 ; elapsed = 00:00:00.286 . Memory (MB): peak = 15505.355 ; gain = 0.000
INFO: [Timing 38-91] UpdateTimingParams: Speed grade: -2L, Temperature grade: E, Delay Type: min_max.
INFO: [Timing 38-191] Multithreading enabled for timing update using a maximum of 8 CPUs
report_exceptions: Time (s): cpu = 00:00:57 ; elapsed = 00:00:09 . Memory (MB): peak = 15505.355 ; gain = 0.000
INFO: [Timing 38-91] UpdateTimingParams: Speed grade: -2L, Temperature grade: E, Delay Type: min.
INFO: [Timing 38-191] Multithreading enabled for timing update using a maximum of 8 CPUs
INFO: [Constraints 18-483] create_clock: no pin(s)/port(s)/net(s) specified as objects, only virtual clock 'ara_async_pad' will be created. If you don't want this, please specify pin(s)/ports(s)/net(s) as objects to the command. [D:/project/ara/hardware/fpga/ara_dsa_vcu118/constraints/cdc.xdc:238]
INFO: [Timing 38-35] Done setting XDC timing constraints.
INFO: [Timing 38-78] ReportTimingParams: -max_paths 50 -nworst 1 -delay_type min -sort_by slack.
WARNING: [Timing 38-164] This design has multiple clocks. Inter clock paths are considered valid unless explicitly excluded by timing constraints such as set_clock_groups or set_false_path.
INFO: [Timing 38-72] No paths found.
report_timing: Time (s): cpu = 00:03:26 ; elapsed = 00:00:39 . Memory (MB): peak = 15505.355 ; gain = 0.000
Command: report_drc -checks LUTLP-1 -name ara_loops -force -file D:/project/ara/hardware/fpga/ara_dsa_vcu118/reports/impl_24238553d176/loops.rpt
WARNING: [Coretcl 2-1291] -name option used when not in GUI mode. A DRC tab will not be created, but the results will be stored for use with 'get_drc_violations -name ara_loops'
INFO: [DRC 23-27] Running DRC with 8 threads
INFO: [Coretcl 2-168] The results of DRC are in file D:/project/ara/hardware/fpga/ara_dsa_vcu118/reports/impl_24238553d176/loops.rpt.
report_drc completed successfully
INFO: [Timing 38-78] ReportTimingParams: -from_pins  -max_paths 1 -nworst 1 -delay_type max -sort_by slack.
INFO: [Timing 38-78] ReportTimingParams: -from_pins  -max_paths 1 -nworst 1 -delay_type max -sort_by slack.
INFO: [Timing 38-78] ReportTimingParams: -from_pins  -max_paths 1 -nworst 1 -delay_type max -sort_by slack.
INFO: [Timing 38-78] ReportTimingParams: -from_pins  -max_paths 1 -nworst 1 -delay_type max -sort_by slack.
INFO: [Timing 38-78] ReportTimingParams: -to_pins  -max_paths 1 -nworst 1 -delay_type max -sort_by slack.
INFO: [Timing 38-78] ReportTimingParams: -to_pins  -max_paths 1 -nworst 1 -delay_type max -sort_by slack.
INFO: [Timing 38-78] ReportTimingParams: -to_pins  -max_paths 1 -nworst 1 -delay_type max -sort_by slack.
Route complete. Review DRC/CDC/unconstrained paths before generating a bitstream.
close_project: Time (s): cpu = 00:00:30 ; elapsed = 00:00:31 . Memory (MB): peak = 15505.355 ; gain = 0.000
INFO: [Common 17-206] Exiting Vivado at Fri Sep 18 04:27:30 2026...
