
Discarded input sections

 .comment       0x0000000000000000       0x21 /tmp/ccvqflHn.o
 .note.GNU-stack
                0x0000000000000000        0x0 /tmp/ccvqflHn.o
 .eh_frame      0x0000000000000000       0x98 /tmp/ccvqflHn.o

Memory Configuration

Name             Origin             Length             Attributes
ram              0x0000000080000000 0x0000000000020000 xrw
*default*        0x0000000000000000 0xffffffffffffffff

Linker script and memory map

LOAD /tmp/ccGkubHA.o
LOAD /tmp/ccvqflHn.o

.text           0x0000000080000000      0x708
 *(.text.start)
 .text.start    0x0000000080000000       0x7a /tmp/ccGkubHA.o
                0x0000000080000000                _start
 *(.text .text.*)
 .text          0x000000008000007a        0x0 /tmp/ccGkubHA.o
 .text          0x000000008000007a      0x280 /tmp/ccvqflHn.o
                0x000000008000012c                report_trap
 .text.startup  0x00000000800002fa      0x28c /tmp/ccvqflHn.o
                0x00000000800002fa                main
 *(.rodata .rodata.*)
 *fill*         0x0000000080000586        0x2 
 .rodata.str1.8
                0x0000000080000588      0x180 /tmp/ccvqflHn.o

.rela.dyn       0x0000000080000708        0x0
 .rela.text.start
                0x0000000080000708        0x0 /tmp/ccGkubHA.o

.data           0x0000000080000710        0x0
                0x0000000080000f10                __global_pointer$ = (. + 0x800)
 *(.sdata .sdata.* .data .data.*)
 .data          0x0000000080000710        0x0 /tmp/ccGkubHA.o
 .data          0x0000000080000710        0x0 /tmp/ccvqflHn.o

.bss            0x0000000080000780     0x4480
                0x0000000080000780                __bss_start = .
 *(.bss .bss.* .sbss .sbss.* COMMON)
 .bss           0x0000000080000780        0x0 /tmp/ccGkubHA.o
 .bss           0x0000000080000780     0x4480 /tmp/ccvqflHn.o
                0x0000000080004c00                . = ALIGN (0x8)
                0x0000000080004c00                __bss_end = .
                0x0000000080020000                __stack_top = (ORIGIN (ram) + LENGTH (ram))
                0x0000000000000001                ASSERT (((__bss_end + 0x2000) <= __stack_top), Smoke test exceeds reserved RAM)

/DISCARD/
 *(.comment .eh_frame .note*)
OUTPUT(/home/wangwy/openproject/ara_dsa_vcu118/software/smoke.elf elf64-littleriscv)

.riscv.attributes
                0x0000000000000000       0xe4
 .riscv.attributes
                0x0000000000000000       0xe2 /tmp/ccGkubHA.o
 .riscv.attributes
                0x00000000000000e2       0xe4 /tmp/ccvqflHn.o
