Copyright 1986-2020 Xilinx, Inc. All Rights Reserved.
----------------------------------------------------------------------------------------------------------------------------------------------------------------------
| Tool Version : Vivado v.2020.1 (win64) Build 2902540 Wed May 27 19:54:49 MDT 2020
| Date         : Thu Sep 17 23:11:49 2026
| Host         : DESKTOP-9T3TD2K running 64-bit major release  (build 9200)
| Command      : report_drc -checks MDRV-1 -name ara_drivers -force -file D:/project/ara/hardware/fpga/ara_dsa_vcu118/reports/audit_56a5c7fb455b/multiple_drivers.rpt
| Design       : ara_dsa_vcu118
| Device       : xcvu9p-flga2104-2L-e
| Speed File   : -2L
| Design State : Fully Routed
----------------------------------------------------------------------------------------------------------------------------------------------------------------------

Report DRC

Table of Contents
-----------------
1. REPORT SUMMARY
2. REPORT DETAILS

1. REPORT SUMMARY
-----------------
            Netlist: netlist
          Floorplan: checkpoint_ara_dsa_vcu118_routed
      Design limits: <entire design considered>

            Checks: MDRV-1
             Max violations: <unlimited>
             Violations found: 0
+------+----------+-------------+------------+
| Rule | Severity | Description | Violations |
+------+----------+-------------+------------+
+------+----------+-------------+------------+

2. REPORT DETAILS
-----------------

