Copyright 1986-2020 Xilinx, Inc. All Rights Reserved.
-----------------------------------------------------------------------------------------------------------------------------------------------------------------------------------------------------
| Tool Version      : Vivado v.2020.1 (win64) Build 2902540 Wed May 27 19:54:49 MDT 2020
| Date              : Thu Sep 17 23:30:04 2026
| Host              : DESKTOP-9T3TD2K running 64-bit major release  (build 9200)
| Command           : report_timing -delay_type max -max_paths 1 -from [get_ports -quiet jtag_tck_i] -file D:/project/ara/hardware/fpga/ara_dsa_vcu118/reports/audit_56a5c7fb455b/pad_jtag_tck_i.rpt
| Design            : ara_dsa_vcu118
| Device            : xcvu9p-flga2104
| Speed File        : -2L  PRODUCTION 1.27 02-28-2020
| Temperature Grade : E
-----------------------------------------------------------------------------------------------------------------------------------------------------------------------------------------------------

Timing Report

Slack (MET) :             16.467ns  (required time - arrival time)
  Source:                 jtag_tck_i
                            (input port clocked by ara_async_pad  {rise@0.000ns fall@500.000ns period=1000.000ns})
  Destination:            i_cheshire_soc/i_dbg_dmi_jtag/fpga_tck_sync_q_reg[0]/D
                            (rising edge-triggered cell FDCE clocked by clk_50_clkwiz  {rise@0.000ns fall@10.000ns period=20.000ns})
  Path Group:             clk_50_clkwiz
  Path Type:              Setup (Max at Slow Process Corner)
  Requirement:            20.000ns  (MaxDelay Path 20.000ns)
  Data Path Delay:        3.558ns  (logic 0.634ns (17.825%)  route 2.924ns (82.175%))
  Logic Levels:           2  (IBUFCTRL=1 INBUF=1)
  Input Delay:            0.000ns
  Timing Exception:       MaxDelay Path 20.000ns -datapath_only

    Location             Delay type                Incr(ns)  Path(ns)    Netlist Resource(s)
  -------------------------------------------------------------------    -------------------
                         input delay                  0.000     0.000    
    P30                                               0.000     0.000 r  jtag_tck_i (IN)
                         net (fo=0)                   0.000     0.000    jtag_tck_i_IBUF_inst/I
    P30                  INBUF (Prop_INBUF_HPIOB_S_PAD_O)
                                                      0.634     0.634 r  jtag_tck_i_IBUF_inst/INBUF_INST/O
                         net (fo=1, routed)           0.000     0.634    jtag_tck_i_IBUF_inst/OUT
    P30                  IBUFCTRL (Prop_IBUFCTRL_HPIOB_S_I_O)
                                                      0.000     0.634 r  jtag_tck_i_IBUF_inst/IBUFCTRL_INST/O
                         net (fo=1, routed)           2.924     3.558    i_cheshire_soc/i_dbg_dmi_jtag/tck_i
    SLR Crossing[1->2]   
    SLICE_X51Y604        FDCE                                         r  i_cheshire_soc/i_dbg_dmi_jtag/fpga_tck_sync_q_reg[0]/D
  -------------------------------------------------------------------    -------------------

                         max delay                   20.000    20.000    
    SLICE_X51Y604        FDCE (Setup_DFF2_SLICEM_C_D)
                                                      0.025    20.025    i_cheshire_soc/i_dbg_dmi_jtag/fpga_tck_sync_q_reg[0]
  -------------------------------------------------------------------
                         required time                         20.025    
                         arrival time                          -3.558    
  -------------------------------------------------------------------
                         slack                                 16.467    




